12-10 18:55:07.924  3711  3876 W art     : Long monitor contention with owner NonUserFacing6 (3841) at void com.google.android.apps.gsa.h.a.a(com.google.android.apps.gsa.h.e)(SourceFile:17) waiters=1 in void com.google.android.apps.gsa.h.a.a(com.google.android.apps.gsa.h.e) for 1.503s
12-10 18:55:07.993  3711  3857 W art     : Long monitor contention with owner NonUserFacing6 (3841) at void com.google.android.apps.gsa.h.a.a(com.google.android.apps.gsa.h.e)(SourceFile:17) waiters=2 in void com.google.android.apps.gsa.h.a.a(com.google.android.apps.gsa.h.e) for 1.549s
12-10 18:55:08.031  3711  3867 W SearchServiceCore: Abort, client detached.
12-10 18:55:08.031  3711  3867 W SearchServiceCore: Abort, client detached.
12-10 18:55:08.031  3711  3867 W SearchServiceCore: Abort, client detached.
12-10 18:55:08.031  3711  3867 W SearchServiceCore: Abort, client detached.
12-10 18:55:08.031  3711  3867 W SearchServiceCore: Abort, client detached.
12-10 18:55:08.358  3711  3716 I art     : Do full code cache collection, code=75KB, data=107KB
12-10 18:55:08.376  3711  3716 I art     : Starting a blocking GC JitCodeCache
12-10 18:55:08.376  3711  3716 I art     : After code cache collection, code=24KB, data=20KB
12-10 18:55:08.406  3711  3716 I art     : Do partial code cache collection, code=24KB, data=42KB
12-10 18:55:08.412  3711  3716 I art     : After code cache collection, code=24KB, data=42KB
12-10 18:55:08.412  3711  3716 I art     : Increasing code cache capacity to 512KB
12-10 18:55:08.412  3711  3716 I art     : Compiler allocated 9MB to compile int com.google.ba.du.fv(java.lang.Object)
12-10 18:55:08.569  1918  2073 W Conscrypt: Could not set socket write timeout: java.net.SocketException: Socket closed
12-10 18:55:08.572  1918  2073 W Conscrypt: 	at com.google.android.gms.org.conscrypt.Platform.setSocketWriteTimeout(:com.google.android.gms@14799023@14.7.99 (040800-223214910):2)
12-10 18:55:08.572  1918  2073 W Conscrypt: 	at com.google.android.gms.org.conscrypt.ConscryptFileDescriptorSocket.setSoWriteTimeout(:com.google.android.gms@14799023@14.7.99 (040800-223214910):2)
12-10 18:55:08.580  1918  2073 W Conscrypt: Could not set socket write timeout: java.net.SocketException: Socket closed
12-10 18:55:08.581  1918  2073 W Conscrypt: 	at com.google.android.gms.org.conscrypt.Platform.setSocketWriteTimeout(:com.google.android.gms@14799023@14.7.99 (040800-223214910):2)
12-10 18:55:08.582  1918  2073 W Conscrypt: 	at com.google.android.gms.org.conscrypt.ConscryptFileDescriptorSocket.setSoWriteTimeout(:com.google.android.gms@14799023@14.7.99 (040800-223214910):2)
12-10 18:55:08.874  1918  1929 W art     : Suspending all threads took: 8.928ms
12-10 18:55:08.888  1918  1929 I art     : Background sticky concurrent mark sweep GC freed 18122(1336KB) AllocSpace objects, 6(280KB) LOS objects, 14% free, 10MB/12MB, paused 9.756ms total 66.725ms
12-10 18:55:09.025  3711  3867 W SearchServiceCore: Abort, client detached.
12-10 18:55:09.025  3711  3867 W SearchServiceCore: Abort, client detached.
12-10 18:55:09.025  3711  3867 W SearchServiceCore: Abort, client detached.
12-10 18:55:09.025  3711  3867 W SearchServiceCore: Abort, client detached.
12-10 18:55:09.226  3711  3867 W SearchServiceCore: Abort, client detached.
12-10 18:55:09.226  3711  3867 W SearchServiceCore: Abort, client detached.
12-10 18:55:09.226  3711  3867 W SearchServiceCore: Abort, client detached.
12-10 18:55:09.440  3711  3716 I art     : Compiler allocated 8MB to compile int com.google.ba.du.fv(java.lang.Object)
12-10 18:55:09.758  3711  3716 I art     : Compiler allocated 5MB to compile void com.google.ba.du.a(java.lang.Object, com.google.ba.gh)
12-10 18:55:10.154  3711  3716 I art     : Compiler allocated 5MB to compile void com.google.ba.du.a(java.lang.Object, com.google.ba.gh)
12-10 18:55:10.505  2264  2264 I Finsky  : [1] com.google.android.finsky.installer.a.cb.a(28): Downloading patch for com.android.chrome (adid: com.android.chrome , isid: lCrU6fGoTQaQl7MRyBMMqg)
12-10 18:55:10.583  2264  2264 I Finsky  : [1] com.google.android.finsky.download.f.a(43): Duplicate state set for 'com.android.chrome' (0). Already in that state
12-10 18:55:10.584  2264  2264 I Finsky  : [1] com.google.android.finsky.download.o.a(21): Download com.android.chrome added to DownloadQueue
12-10 18:55:10.586  2264  2264 I Finsky  : [1] com.google.android.finsky.download.f.a(45): com.android.chrome from 0 to 1.
12-10 18:55:10.620  1018  1018 I         : free_cache(24636009) avail 5093105664
12-10 18:55:10.667  2264  2264 I Finsky  : [1] com.google.android.finsky.download.x.a(22): Download com.android.chrome starting
12-10 18:55:10.702  3711  3891 I EventLogSendingHelper: Sending log events.
12-10 18:55:10.755  2264  2264 I Finsky  : [1] com.google.android.finsky.download.v.onPostExecute(3): Enqueued com.android.chrome as content://downloads/my_downloads/66
12-10 18:55:10.755  2264  2264 I Finsky  : [1] com.google.android.finsky.download.f.a(45): com.android.chrome from 1 to 2.
12-10 18:55:10.756  2264  2264 I Finsky  : [1] com.google.android.finsky.download.o.g(125): com.android.chrome: onStart
12-10 18:55:10.825  1842  3912 D DownloadManager: [66] Starting
12-10 18:55:10.906  2264  2264 I Finsky  : [1] com.google.android.finsky.download.o.a(96): com.android.chrome: onProgress 0/-1 Status: 192 URI: content://downloads/my_downloads/66.
12-10 18:55:11.050  1842  3912 D NetworkSecurityConfig: No Network Security Config specified, using platform default
12-10 18:55:11.095  1369  1369 I ndroid.systemui: type=1400 audit(0.0:511): avc: denied { getattr } for path="/system/framework/framework-res.apk" dev="sda1" ino=123667 scontext=u:r:platform_app:s0:c512,c768 tcontext=u:object_r:unlabeled:s0 tclass=file permissive=1
12-10 18:55:11.095  1369  1369 I ndroid.systemui: type=1400 audit(0.0:512): avc: denied { read } for name="DownloadProvider.apk" dev="sda1" ino=156617 scontext=u:r:platform_app:s0:c512,c768 tcontext=u:object_r:unlabeled:s0 tclass=file permissive=1
12-10 18:55:11.095  1369  1369 I ndroid.systemui: type=1400 audit(0.0:513): avc: denied { open } for path="/system/priv-app/DownloadProvider/DownloadProvider.apk" dev="sda1" ino=156617 scontext=u:r:platform_app:s0:c512,c768 tcontext=u:object_r:unlabeled:s0 tclass=file permissive=1
12-10 18:55:11.243  1024  1024 I netd    : type=1400 audit(0.0:514): avc: denied { name_bind } for src=28040 scontext=u:r:init:s0 tcontext=u:object_r:port:s0 tclass=udp_socket permissive=1
12-10 18:55:11.243  1024  1024 I netd    : type=1400 audit(0.0:515): avc: denied { node_bind } for src=28040 scontext=u:r:init:s0 tcontext=u:object_r:node:s0 tclass=udp_socket permissive=1
12-10 18:55:11.600  1918  1929 I art     : Background partial concurrent mark sweep GC freed 74237(3MB) AllocSpace objects, 12(860KB) LOS objects, 40% free, 8MB/14MB, paused 4.356ms total 141.065ms
12-10 18:55:11.603  1842  3912 W DownloadManager: fallocate() not supported; falling back to ftruncate()
12-10 18:55:11.633  1918  2073 I akef    : Scheduling Phenotype for a PhenotypeSyncImmediately(14, com.google.android.googlequicksearchbox) one off with window [1, 2] in seconds [CONTEXT service_id=51 ]
12-10 18:55:11.690  3711  3711 I BgTaskExecutorImpl: Starting EXCLUSIVE background task FETCH_CONFIGS_FROM_PHENOTYPE.
12-10 18:55:11.839  3711  3852 E RequestManagerImpl: Producing location failed
12-10 18:55:11.839  3711  3852 E RequestManagerImpl: java.util.concurrent.ExecutionException: java.util.concurrent.CancellationException: Task was cancelled.
12-10 18:55:11.839  3711  3852 E RequestManagerImpl: 	at dagger.producers.Produced$Failed.get(SourceFile:3)
12-10 18:55:11.839  3711  3852 E RequestManagerImpl: 	at com.google.android.apps.gsa.staticplugins.cz.j.z.a(SourceFile:108)
12-10 18:55:11.839  3711  3852 E RequestManagerImpl: 	at com.google.android.apps.gsa.staticplugins.cz.j.ah.aH(SourceFile:11)
12-10 18:55:11.839  3711  3852 E RequestManagerImpl: 	at dagger.producers.internal.AbstractProducesMethodProducer.aE(SourceFile:11)
12-10 18:55:11.839  3711  3852 E RequestManagerImpl: 	at com.google.common.r.a.r.at(SourceFile:5)
12-10 18:55:11.839  3711  3852 E RequestManagerImpl: 	at com.google.common.r.a.q.run(SourceFile:17)
12-10 18:55:11.839  3711  3852 E RequestManagerImpl: 	at com.google.common.r.a.bz.run(SourceFile:3)
12-10 18:55:11.839  3711  3852 E RequestManagerImpl: 	at com.google.android.apps.gsa.taskgraph.e.a.t.run(SourceFile:7)
12-10 18:55:11.839  3711  3852 E RequestManagerImpl: 	at com.google.android.apps.gsa.shared.util.concurrent.b.i.run(Unknown Source)
12-10 18:55:11.839  3711  3852 E RequestManagerImpl: 	at com.google.android.apps.gsa.shared.util.concurrent.b.bs.run(SourceFile:3)
12-10 18:55:11.839  3711  3852 E RequestManagerImpl: 	at com.google.android.apps.gsa.shared.util.concurrent.b.bs.run(SourceFile:3)
12-10 18:55:11.839  3711  3852 E RequestManagerImpl: 	at java.util.concurrent.ThreadPoolExecutor.runWorker(ThreadPoolExecutor.java:1133)
12-10 18:55:11.839  3711  3852 E RequestManagerImpl: 	at java.util.concurrent.ThreadPoolExecutor$Worker.run(ThreadPoolExecutor.java:607)
12-10 18:55:11.839  3711  3852 E RequestManagerImpl: 	at java.lang.Thread.run(Thread.java:761)
12-10 18:55:11.839  3711  3852 E RequestManagerImpl: 	at com.google.android.apps.gsa.shared.util.concurrent.b.o.run(SourceFile:6)
12-10 18:55:11.839  3711  3852 E RequestManagerImpl: Caused by: java.util.concurrent.CancellationException: Task was cancelled.
12-10 18:55:11.839  3711  3852 E RequestManagerImpl: 	at com.google.common.r.a.d.fb(SourceFile:101)
12-10 18:55:11.839  3711  3852 E RequestManagerImpl: 	at com.google.common.r.a.d.get(SourceFile:80)
12-10 18:55:11.839  3711  3852 E RequestManagerImpl: 	at com.google.common.r.a.cw.l(SourceFile:1)
12-10 18:55:11.839  3711  3852 E RequestManagerImpl: 	at com.google.common.r.a.bd.n(SourceFile:34)
12-10 18:55:11.839  3711  3852 E RequestManagerImpl: 	at com.google.common.r.a.a.run(SourceFile:14)
12-10 18:55:11.839  3711  3852 E RequestManagerImpl: 	at com.google.common.r.a.ar.execute(SourceFile:3)
12-10 18:55:11.839  3711  3852 E RequestManagerImpl: 	at com.google.common.r.a.d.a(SourceFile:262)
12-10 18:55:11.839  3711  3852 E RequestManagerImpl: 	at com.google.common.r.a.d.a(SourceFile:223)
12-10 18:55:11.839  3711  3852 E RequestManagerImpl: 	at com.google.common.r.a.d.aX(SourceFile:167)
12-10 18:55:11.839  3711  3852 E RequestManagerImpl: 	at com.google.common.r.a.q.run(SourceFile:15)
12-10 18:55:11.839  3711  3852 E RequestManagerImpl: 	at com.google.common.r.a.ar.execute(SourceFile:3)
12-10 18:55:11.839  3711  3852 E RequestManagerImpl: 	at com.google.common.r.a.d.a(SourceFile:262)
12-10 18:55:11.839  3711  3852 E RequestManagerImpl: 	at com.google.common.r.a.d.a(SourceFile:223)
12-10 18:55:11.839  3711  3852 E RequestManagerImpl: 	at com.google.common.r.a.d.aX(SourceFile:167)
12-10 18:55:11.839  3711  3852 E RequestManagerImpl: 	at dagger.producers.internal.AbstractProducer$NonCancellationPropagatingFuture.run(SourceFile:4)
12-10 18:55:11.839  3711  3852 E RequestManagerImpl: 	at com.google.common.r.a.ar.execute(SourceFile:3)
12-10 18:55:11.839  3711  3852 E RequestManagerImpl: 	at com.google.common.r.a.d.a(SourceFile:262)
12-10 18:55:11.839  3711  3852 E RequestManagerImpl: 	at com.google.common.r.a.d.a(SourceFile:223)
12-10 18:55:11.839  3711  3852 E RequestManagerImpl: 	at com.google.common.r.a.d.cancel(SourceFile:121)
12-10 18:55:11.839  3711  3852 E RequestManagerImpl: 	at com.google.android.apps.gsa.taskgraph.e.a.y.run(SourceFile:3)
12-10 18:55:11.839  3711  3852 E RequestManagerImpl: 	at com.google.android.apps.gsa.taskgraph.e.a.o.run(Unknown Source)
12-10 18:55:11.839  3711  3852 E RequestManagerImpl: 	at java.util.concurrent.Executors$RunnableAdapter.call(Executors.java:428)
12-10 18:55:11.839  3711  3852 E RequestManagerImpl: 	at java.util.concurrent.FutureTask.run(FutureTask.java:237)
12-10 18:55:11.839  3711  3852 E RequestManagerImpl: 	at com.google.android.apps.gsa.taskgraph.e.a.e.run(SourceFile:17)
12-10 18:55:11.839  3711  3852 E RequestManagerImpl: 	at com.google.android.apps.gsa.shared.util.concurrent.b.ap.run(Unknown Source)
12-10 18:55:11.839  3711  3852 E RequestManagerImpl: 	at com.google.android.apps.gsa.shared.util.concurrent.b.i.run(Unknown Source)
12-10 18:55:11.839  3711  3852 E RequestManagerImpl: 	at java.util.concurrent.Executors$RunnableAdapter.call(Executors.java:428)
12-10 18:55:11.839  3711  3852 E RequestManagerImpl: 	at java.util.concurrent.FutureTask.run(FutureTask.java:237)
12-10 18:55:11.839  3711  3852 E RequestManagerImpl: 	at java.util.concurrent.ScheduledThreadPoolExecutor$ScheduledFutureTask.run(ScheduledThreadPoolExecutor.java:272)
12-10 18:55:11.839  3711  3852 E RequestManagerImpl: 	... 4 more
12-10 18:55:11.841  3711  3876 I OptInChecker: Sidekick thinks 1 is Eligible = true
12-10 18:55:11.841  3711  3876 I OptInChecker: Sidekick thinks 2 is Eligible = true
12-10 18:55:11.841  3711  3876 I OptInChecker: Sidekick thinks 4 is Eligible = true
12-10 18:55:11.841  3711  3876 I OptInChecker: Sidekick thinks 5 is Eligible = true
12-10 18:55:11.841  3711  3876 I OptInChecker: Sidekick thinks 6 is Eligible = true
12-10 18:55:11.841  3711  3876 I OptInChecker: Sidekick thinks 7 is Eligible = true
12-10 18:55:11.841  3711  3876 I OptInChecker: Sidekick thinks 8 is Eligible = true
12-10 18:55:11.841  3711  3876 I OptInChecker: Sidekick thinks 9 is Eligible = true
12-10 18:55:11.841  3711  3876 I OptInChecker: Sidekick thinks 11 is Eligible = true
12-10 18:55:11.841  3711  3876 I OptInChecker: Sidekick thinks 12 is Eligible = true
12-10 18:55:11.841  3711  3876 I OptInChecker: UDC thinks - Setting = LOCATION_HISTORY_AND_REPORTING, Eligibility = ELIGIBLE
12-10 18:55:11.841  3711  3876 I OptInChecker: Using UDC cache for Setting: LOCATION_HISTORY_AND_REPORTING
12-10 18:55:11.841  3711  3876 I OptInChecker: UDC Setting = LOCATION_HISTORY_AND_REPORTING, optedIn = true
12-10 18:55:11.868  1918  2041 W GCoreFlp: No location to return for getLastLocation()
12-10 18:55:11.871  3711  3891 W LocationOracle: No location returned by GMS core getLastLocation()
12-10 18:55:12.869  3711  3716 I art     : Do full code cache collection, code=229KB, data=170KB
12-10 18:55:12.871  3711  3716 I art     : Starting a blocking GC JitCodeCache
12-10 18:55:12.871  3711  3716 I art     : After code cache collection, code=142KB, data=117KB
12-10 18:55:12.996  2264  2284 I Finsky  : [120] com.google.android.finsky.bo.an.run(6): Stats for Executor: Db-notification_cache com.google.android.finsky.bo.ao@203cb78[Running, pool size = 1, active threads = 0, queued tasks = 0, completed tasks = 103]
12-10 18:55:13.144  2264  2284 I Finsky  : [120] com.google.android.finsky.bo.an.run(6): Stats for Executor: VerifyAppsDataStore com.google.android.finsky.bo.ao@a6c6251[Running, pool size = 0, active threads = 0, queued tasks = 0, completed tasks = 757]
12-10 18:55:13.394  2264  2284 I Finsky  : [120] com.google.android.finsky.bo.an.run(6): Stats for Executor: Db-verify_apps.db com.google.android.finsky.bo.ao@1c0bab6[Running, pool size = 0, active threads = 0, queued tasks = 0, completed tasks = 858]
12-10 18:55:13.635  3711  3716 I art     : Compiler allocated 4MB to compile void com.google.ba.du.a(java.lang.Object, com.google.ba.ef, com.google.ba.az)
12-10 18:55:13.811  2264  2284 I Finsky  : [120] com.google.android.finsky.bo.an.run(6): Stats for Executor: InstallQueueDatabaseManager com.google.android.finsky.bo.ao@6b723b7[Running, pool size = 1, active threads = 0, queued tasks = 0, completed tasks = 70]
12-10 18:55:14.174  3711  3844 I ModelDownloadListener: Schdedule model download
12-10 18:55:14.228  2264  2264 I Finsky  : [1] com.google.android.finsky.scheduler.JobSchedulerEngine$PhoneskyJobSchedulerJobService.onStartJob(8): onJobSchedulerWakeup with jobId 9000
12-10 18:55:14.233  2264  2264 I Finsky  : [1] com.google.android.finsky.scheduler.ad.a(41): Scheduling fallback in 43199996 (absolute: 43497269)
12-10 18:55:14.235  2264  2264 I Finsky  : [1] com.google.android.finsky.scheduler.ad.a(41): Scheduling fallback in 64799999 (absolute: 65097275)
12-10 18:55:14.238  2264  2264 I Finsky  : [1] com.google.android.finsky.scheduler.al.handleMessage(16): DeviceState: DeviceState{currentTime=1544464514237, isCharging=true, isIdle=false, netAny=true, netNotRoaming=true, netUnmetered=true}
12-10 18:55:14.246  3711  3711 I BgTaskExecutorImpl: Starting EXCLUSIVE background task UPDATE_HOTWORD_MODELS.
12-10 18:55:14.253  3711  3834 I ModelDownloadController: requestHotwordModelUpdate modelType-OK_HEY_GOOGLE
12-10 18:55:14.282  2264  3703 I Finsky  : [222] com.google.android.finsky.scheduler.bp.b(88): Jobs in database: 1-1337 12-1 26-1414141414 
12-10 18:55:14.283  2264  2264 I Finsky  : [1] com.google.android.finsky.scheduler.ag.a(59): Running job: 12-1
12-10 18:55:14.284  2264  2264 I Finsky  : [1] com.google.android.finsky.contentsync.ContentSyncJob.a(32): ContentSyncJob started
12-10 18:55:14.285  2264  2264 I Finsky  : [1] com.google.android.finsky.scheduler.ag.a(105): RunningQueue size: 1, PendingQueue size: 0
12-10 18:55:14.285  2264  2264 I Finsky  : [1] com.google.android.finsky.scheduler.ag.a(116): Running queue: 12-1 
12-10 18:55:14.305  3711  3834 I ModelDownloadController: We already downloaded model from given location.
12-10 18:55:14.306  3711  3867 W SearchServiceCore: Abort, client detached.
12-10 18:55:14.306  3711  3867 W SearchServiceCore: Abort, client detached.
12-10 18:55:14.306  3711  3867 W SearchServiceCore: Abort, client detached.
12-10 18:55:14.306  3711  3867 W SearchServiceCore: Abort, client detached.
12-10 18:55:14.306  3711  3867 W SearchServiceCore: Abort, client detached.
12-10 18:55:14.401  3711  3844 I EngineIdGenerator: Refusing EXCLUSIVE task INTERNAL_PERIODIC_TASK_SYNC, it is already pending. Try again in 345 seconds.
12-10 18:55:14.505  3711  3876 W art     : Long monitor contention with owner NonUserFacing14 (3891) at void com.google.android.apps.gsa.v.a.d.<init>(com.google.android.apps.gsa.s.a, com.google.android.apps.gsa.s.g, com.google.android.apps.gsa.s.g, int)(SourceFile:15) waiters=0 in void com.google.android.apps.gsa.h.a.a(com.google.android.apps.gsa.h.e) for 138ms
12-10 18:55:14.531  3711  3843 W SilentFeedbackConfig: Renaming current_configuration.bin.tmp to current_configuration.bin failed
12-10 18:55:14.586  3711  3891 I ModelDownloadListener: Schdedule model download
12-10 18:55:14.658  3711  3711 I BgTaskExecutorImpl: Starting EXCLUSIVE background task UPDATE_HOTWORD_MODELS.
12-10 18:55:14.665  3711  3827 I ModelDownloadController: requestHotwordModelUpdate modelType-OK_HEY_GOOGLE
12-10 18:55:14.723  3711  3827 I ModelDownloadController: We already downloaded model from given location.
12-10 18:55:14.724  3711  3867 W SearchServiceCore: Abort, client detached.
12-10 18:55:14.724  3711  3867 W SearchServiceCore: Abort, client detached.
12-10 18:55:14.724  3711  3867 W SearchServiceCore: Abort, client detached.
12-10 18:55:14.724  3711  3867 W SearchServiceCore: Abort, client detached.
12-10 18:55:14.725  3711  3867 W SearchServiceCore: Abort, client detached.
12-10 18:55:14.797  3711  3891 I EngineIdGenerator: Refusing EXCLUSIVE task INTERNAL_PERIODIC_TASK_SYNC, it is already pending. Try again in 345 seconds.
12-10 18:55:14.935  3711  3722 W art     : Suspending all threads took: 10.631ms
12-10 18:55:15.275  3711  3867 W SearchServiceCore: Abort, client detached.
12-10 18:55:15.275  3711  3867 W SearchServiceCore: Abort, client detached.
12-10 18:55:15.275  3711  3867 W SearchServiceCore: Abort, client detached.
12-10 18:55:15.275  3711  3867 W SearchServiceCore: Abort, client detached.
12-10 18:55:15.275  3711  3867 W SearchServiceCore: Abort, client detached.
12-10 18:55:15.275  3711  3867 W SearchServiceCore: Abort, client detached.
12-10 18:55:15.276  3711  3867 W SearchServiceCore: Abort, client detached.
12-10 18:55:15.311  2264  2264 I Finsky  : [1] com.google.android.finsky.m.c.a(21): Completed 1 account content syncs with 1 successful.
12-10 18:55:15.316  2264  2264 I Finsky  : [1] com.google.android.finsky.contentsync.ContentSyncJob.a(30): Installation state replication succeeded.
12-10 18:55:15.316  2264  2264 I Finsky  : [1] com.google.android.finsky.scheduler.bm.b(8): jobFinished: 12-1. TimeElapsed: 1032ms
12-10 18:55:15.316  2264  2264 I Finsky  : [1] com.google.android.finsky.scheduler.ag.a(139): Job 12-1 finished
12-10 18:55:15.317  2264  2264 I Finsky  : [1] com.google.android.finsky.scheduler.ag.a(105): RunningQueue size: 0, PendingQueue size: 0
12-10 18:55:15.317  2264  2264 I Finsky  : [1] com.google.android.finsky.scheduler.al.handleMessage(42): Executor finished
12-10 18:55:15.341  2264  2264 I Finsky  : [1] com.google.android.finsky.scheduler.bp.b(88): Jobs in database: 1-1337 26-1414141414 
12-10 18:55:15.345  2264  2264 I Finsky  : [1] com.google.android.finsky.scheduler.k.a(69): ConstraintMapping: 1-1337,  -> L: 41915682ms, D: 85115682ms, C: false, I: false, N: 1
12-10 18:55:15.347  2264  2264 I Finsky  : [1] com.google.android.finsky.scheduler.k.a(69): ConstraintMapping: 26-1414141414,  -> L: 42977903ms, D: 43877903ms, C: false, I: false, N: 0
12-10 18:55:15.349  2264  2264 I Finsky  : [1] com.google.android.finsky.scheduler.JobSchedulerEngine.a(109): Cancelling existing job with id: 9003
12-10 18:55:15.354  2264  2264 I Finsky  : [1] com.google.android.finsky.scheduler.JobSchedulerEngine.a(48): Scheduling job Id: 9001, L: 41915682, D: 85115682, C: false, I: false, N: 1
12-10 18:55:15.355  2264  2264 I Finsky  : [1] com.google.android.finsky.scheduler.JobSchedulerEngine.a(48): Scheduling job Id: 9002, L: 42977903, D: 43877903, C: false, I: false, N: 0
12-10 18:55:15.496  3711  3867 W SearchServiceCore: Abort, client detached.
12-10 18:55:15.496  3711  3867 W SearchServiceCore: Abort, client detached.
12-10 18:55:15.497  3711  3867 W SearchServiceCore: Abort, client detached.
12-10 18:55:15.504  3711  3716 I art     : Do partial code cache collection, code=251KB, data=182KB
12-10 18:55:15.505  3711  3716 I art     : After code cache collection, code=248KB, data=181KB
12-10 18:55:15.505  3711  3716 I art     : Increasing code cache capacity to 1024KB
12-10 18:55:15.616  1918  1918 W ChimeraUtils: Non Chimera context
12-10 18:55:15.696  3711  3837 I EventLogSendingHelper: Sending log events.
12-10 18:55:15.765  1918  3887 W Conscrypt: Could not set socket write timeout: java.net.SocketException: Socket closed
12-10 18:55:15.765  1918  3887 W Conscrypt: 	at com.google.android.gms.org.conscrypt.Platform.setSocketWriteTimeout(:com.google.android.gms@14799023@14.7.99 (040800-223214910):2)
12-10 18:55:15.765  1918  3887 W Conscrypt: 	at com.google.android.gms.org.conscrypt.ConscryptFileDescriptorSocket.setSoWriteTimeout(:com.google.android.gms@14799023@14.7.99 (040800-223214910):2)
12-10 18:55:15.779  1918  3887 W Conscrypt: Could not set socket write timeout: java.net.SocketException: Socket closed
12-10 18:55:15.780  1918  3887 W Conscrypt: 	at com.google.android.gms.org.conscrypt.Platform.setSocketWriteTimeout(:com.google.android.gms@14799023@14.7.99 (040800-223214910):2)
12-10 18:55:15.780  1918  3887 W Conscrypt: 	at com.google.android.gms.org.conscrypt.ConscryptFileDescriptorSocket.setSoWriteTimeout(:com.google.android.gms@14799023@14.7.99 (040800-223214910):2)
12-10 18:55:16.877  2264  2284 I Finsky  : [120] com.google.android.finsky.bo.an.run(6): Stats for Executor: Db-scheduled_acquisitions.db com.google.android.finsky.bo.ao@a74889e[Running, pool size = 0, active threads = 0, queued tasks = 0, completed tasks = 2]
12-10 18:55:17.338  1918  3887 I akck    : updateFromConfigurations using legacy put method [CONTEXT service_id=51 ]
12-10 18:55:17.373  1918  3887 I akef    : Scheduling adaptive one off task with window [14400, 604800] in seconds [CONTEXT service_id=51 ]
12-10 18:55:17.496  3711  3711 I BgTaskExecutorImpl: Starting EXCLUSIVE background task FETCH_CONFIGS_FROM_PHENOTYPE.
12-10 18:55:18.287  3711  3843 I ModelDownloadListener: Schdedule model download
12-10 18:55:18.322  3711  3711 I BgTaskExecutorImpl: Starting EXCLUSIVE background task UPDATE_HOTWORD_MODELS.
12-10 18:55:18.328  3711  3834 I ModelDownloadController: requestHotwordModelUpdate modelType-OK_HEY_GOOGLE
12-10 18:55:18.355  3711  3834 I ModelDownloadController: We already downloaded model from given location.
12-10 18:55:18.358  3711  3867 W SearchServiceCore: Abort, client detached.
12-10 18:55:18.358  3711  3867 W SearchServiceCore: Abort, client detached.
12-10 18:55:18.358  3711  3867 W SearchServiceCore: Abort, client detached.
12-10 18:55:18.412  3711  3843 I EngineIdGenerator: Refusing EXCLUSIVE task INTERNAL_PERIODIC_TASK_SYNC, it is already pending. Try again in 341 seconds.
12-10 18:55:18.738  3711  3867 W SearchServiceCore: Abort, client detached.
12-10 18:55:18.738  3711  3867 W SearchServiceCore: Abort, client detached.
12-10 18:55:18.739  3711  3867 W SearchServiceCore: Abort, client detached.
12-10 18:55:21.725  1842  3912 D DownloadManager: [66] Finished with status SUCCESS
12-10 18:55:21.747  2264  2264 I Finsky  : [1] com.google.android.finsky.download.DownloadBroadcastReceiver.a(9): Intent received at DownloadBroadcastReceiver
12-10 18:55:21.754  2264  2264 I Finsky  : [1] com.google.android.finsky.download.f.a(45): com.android.chrome from 2 to 3.
12-10 18:55:21.754  2264  2264 I Finsky  : [1] com.google.android.finsky.download.o.e(117): com.android.chrome: onComplete
12-10 18:55:21.754  2264  2264 I Finsky  : [1] com.google.android.finsky.download.o.i(79): Download com.android.chrome removed from DownloadQueue
12-10 18:55:21.755  1018  1018 I         : free_cache(0) avail 5068709888
12-10 18:55:21.762  2264  2264 I Finsky  : [1] com.google.android.finsky.installer.a.bk.b(413): Prepare to patch com.android.chrome (adid: com.android.chrome , isid: lCrU6fGoTQaQl7MRyBMMqg) from content://downloads/my_downloads/66 format 5
12-10 18:55:21.796  1018  1018 I         : free_cache(151331056) avail 5068709888
12-10 18:55:21.801  2264  3924 I Finsky  : [229] com.google.android.finsky.apkprocessor.d.a(2): APK integrity will be verified using [SHA-256] method
12-10 18:55:29.303  2264  2284 I Finsky  : [120] com.google.android.finsky.bo.an.run(6): Stats for Executor: Db-auto_update.db com.google.android.finsky.bo.ao@ded39dd[Running, pool size = 0, active threads = 0, queued tasks = 0, completed tasks = 0]
12-10 18:55:29.534  2264  2284 I Finsky  : [120] com.google.android.finsky.bo.an.run(6): Stats for Executor: Db-frosting.db com.google.android.finsky.bo.ao@3912952[Running, pool size = 0, active threads = 0, queued tasks = 0, completed tasks = 3]
12-10 18:55:31.253  2264  2284 I Finsky  : [120] com.google.android.finsky.bo.an.run(6): Stats for Executor: Db-user_languages_store com.google.android.finsky.bo.ao@6d1c423[Running, pool size = 0, active threads = 0, queued tasks = 0, completed tasks = 1]
12-10 18:55:32.789  2264  2284 I Finsky  : [120] com.google.android.finsky.bo.an.run(6): Stats for Executor: Db-scheduled_acquisitions.db com.google.android.finsky.bo.ao@7255d20[Running, pool size = 0, active threads = 0, queued tasks = 0, completed tasks = 0]
12-10 18:55:33.869  1262  3870 I chatty  : uid=1000(system) Binder:1262_19 expire 7 lines
12-10 18:55:40.422  2264  2284 I Finsky  : [120] com.google.android.finsky.bo.an.run(6): Stats for Executor: InstallBackgroundThread com.google.android.finsky.bo.ao@40896d9[Running, pool size = 0, active threads = 0, queued tasks = 0, completed tasks = 0]
12-10 18:55:42.677  3711  3840 W VelvetNetworkClient: Network error
12-10 18:55:42.677  3711  3840 W VelvetNetworkClient: com.google.android.apps.gsa.shared.exception.GsaIOException: Error code: 655371
12-10 18:55:42.677  3711  3840 W VelvetNetworkClient: 	at com.google.android.libraries.gsa.d.a.bq.e(SourceFile:29)
12-10 18:55:42.677  3711  3840 W VelvetNetworkClient: 	at com.google.android.libraries.gsa.d.a.bq.PQ(SourceFile:16)
12-10 18:55:42.677  3711  3840 W VelvetNetworkClient: 	at com.google.android.libraries.gsa.d.a.by.run(Unknown Source)
12-10 18:55:42.677  3711  3840 W VelvetNetworkClient: 	at com.google.android.libraries.gsa.runner.a.b.run(Unknown Source)
12-10 18:55:42.677  3711  3840 W VelvetNetworkClient: 	at com.google.android.apps.gsa.shared.util.concurrent.b.cq.btE(SourceFile:2)
12-10 18:55:42.677  3711  3840 W VelvetNetworkClient: 	at com.google.android.apps.gsa.shared.util.concurrent.b.cp.run(SourceFile:5)
12-10 18:55:42.677  3711  3840 W VelvetNetworkClient: 	at com.google.android.apps.gsa.shared.util.concurrent.b.i.run(Unknown Source)
12-10 18:55:42.677  3711  3840 W VelvetNetworkClient: 	at com.google.android.apps.gsa.shared.util.concurrent.b.bs.run(SourceFile:3)
12-10 18:55:42.677  3711  3840 W VelvetNetworkClient: 	at com.google.android.apps.gsa.shared.util.concurrent.b.bs.run(SourceFile:3)
12-10 18:55:42.677  3711  3840 W VelvetNetworkClient: 	at java.util.concurrent.ThreadPoolExecutor.runWorker(ThreadPoolExecutor.java:1133)
12-10 18:55:42.677  3711  3840 W VelvetNetworkClient: 	at java.util.concurrent.ThreadPoolExecutor$Worker.run(ThreadPoolExecutor.java:607)
12-10 18:55:42.677  3711  3840 W VelvetNetworkClient: 	at java.lang.Thread.run(Thread.java:761)
12-10 18:55:42.677  3711  3840 W VelvetNetworkClient: 	at com.google.android.apps.gsa.shared.util.concurrent.b.o.run(SourceFile:6)
12-10 18:55:42.797  3711  3840 E RequestManagerImpl: Server error
12-10 18:55:42.907  3711  3857 I BgTaskExecutorImpl: Starting EXCLUSIVE background task PROACTIVE_RUN_REQUEST_MANAGER.
12-10 18:55:43.074  1262  3870 I ActivityManager: Killing 3072:com.google.android.syncadapters.calendar/u0a52 (adj 906): empty #17
12-10 18:55:43.100  1262  3870 D ActivityManager: cleanUpApplicationRecord -- 3072
12-10 18:55:46.024  3510  3510 I android.jukebox: type=1400 audit(0.0:516): avc: denied { read } for scontext=u:r:untrusted_app:s0:c512,c768 tcontext=u:r:init:s0 tclass=unix_stream_socket permissive=1
12-10 18:55:48.550  1014  1066 I chatty  : uid=1041(audioserver) FastMixer expire 310 lines
12-10 18:55:48.565  1262  2177 I ActivityManager: START u0 {cmp=se.qxx.android.jukebox/.activities.MovieDetailActivity (has extras)} from uid 10070 on display 0
12-10 18:55:49.281  1008  1008 I Binder:1008_1: type=1400 audit(0.0:518): avc: denied { call } for scontext=u:r:init:s0 tcontext=u:r:untrusted_app:s0:c512,c768 tclass=binder permissive=1
12-10 18:55:50.231  3510  3510 W ViewRootImpl[FlipperListActivity]: Cancelling event due to no window focus: MotionEvent { action=ACTION_CANCEL, actionButton=0, id[0]=0, x[0]=146.34065, y[0]=222.0818, toolType[0]=TOOL_TYPE_MOUSE, buttonState=0, metaState=0, flags=0x0, edgeFlags=0x0, pointerCount=1, historySize=0, eventTime=333270, downTime=330876, deviceId=4, source=0x2002 }
12-10 18:55:50.231  3510  3510 W ViewRootImpl[FlipperListActivity]: Cancelling event due to no window focus: MotionEvent { action=ACTION_CANCEL, actionButton=0, id[0]=0, x[0]=146.34065, y[0]=222.0818, toolType[0]=TOOL_TYPE_MOUSE, buttonState=0, metaState=0, flags=0x0, edgeFlags=0x0, pointerCount=1, historySize=0, eventTime=333270, downTime=330876, deviceId=4, source=0x2002 }
12-10 18:55:50.231  3510  3510 W ViewRootImpl[FlipperListActivity]: Cancelling event due to no window focus: MotionEvent { action=ACTION_CANCEL, actionButton=0, id[0]=0, x[0]=146.34065, y[0]=222.0818, toolType[0]=TOOL_TYPE_MOUSE, buttonState=0, metaState=0, flags=0x0, edgeFlags=0x0, pointerCount=1, historySize=0, eventTime=333270, downTime=330876, deviceId=4, source=0x2002 }
12-10 18:55:50.232  3510  3510 W ViewRootImpl[FlipperListActivity]: Cancelling event due to no window focus: MotionEvent { action=ACTION_CANCEL, actionButton=0, id[0]=0, x[0]=146.34065, y[0]=222.0818, toolType[0]=TOOL_TYPE_MOUSE, buttonState=0, metaState=0, flags=0x0, edgeFlags=0x0, pointerCount=1, historySize=0, eventTime=333270, downTime=330876, deviceId=4, source=0x2002 }
12-10 18:55:51.596  1262  1361 E TaskPersister: File error accessing recents directory (directory doesn't exist?).
12-10 18:55:52.076  1262  1281 I ActivityManager: START u0 {cmp=se.qxx.android.jukebox/.activities.NowPlayingActivity (has extras)} from uid 10070 on display 0
12-10 18:55:52.604  3510  3521 W art     : Suspending all threads took: 61.267ms
12-10 18:55:52.606  3510  3510 I Thread-6: type=1400 audit(0.0:519): avc: denied { connectto } for path="/dev/socket/fwmarkd" scontext=u:r:untrusted_app:s0:c512,c768 tcontext=u:r:init:s0 tclass=unix_stream_socket permissive=1
12-10 18:55:52.756  3510  3521 I art     : Background partial concurrent mark sweep GC freed 26580(2MB) AllocSpace objects, 28(1680KB) LOS objects, 40% free, 8MB/13MB, paused 62.862ms total 633.371ms
12-10 18:55:52.885  3510  3510 I Choreographer: Skipped 51 frames!  The application may be doing too much work on its main thread.
12-10 18:55:53.007  1008  1008 I surfaceflinger: type=1400 audit(0.0:520): avc: denied { execmem } for scontext=u:r:init:s0 tcontext=u:r:init:s0 tclass=process permissive=1
12-10 18:55:53.093  3510  3510 W art     : Verification of java.lang.Object se.qxx.android.jukebox.media.VideoControllerView.access$super(se.qxx.android.jukebox.media.VideoControllerView, java.lang.String, java.lang.Object[]) took 188.280ms
12-10 18:55:53.118  3510  3510 I VideoControllerView: VideoControllerView
12-10 18:55:53.119  3510  3510 I VideoControllerView: VideoControllerView
12-10 18:55:53.120  3510  3510 D LocalPlayerFragment: Surface destroyed
12-10 18:55:53.337  3510  3931 W MediaPlayer: Couldn't open http://192.168.1.110:8001/stream1360.mp4: java.io.FileNotFoundException: No content provider: http://192.168.1.110:8001/stream1360.mp4
12-10 18:55:53.348  1023  1023 I Binder:1023_1: type=1400 audit(0.0:521): avc: denied { call } for scontext=u:r:init:s0 tcontext=u:r:init:s0 tclass=binder permissive=1
12-10 18:55:53.348  1007  1007 I servicemanager: type=1400 audit(0.0:522): avc: denied { transfer } for scontext=u:r:init:s0 tcontext=u:r:init:s0 tclass=binder permissive=1
12-10 18:55:53.373  1007  1007 E SELinux : avc:  denied  { find } for service=media.extractor pid=1023 uid=1013 scontext=u:r:init:s0 tcontext=u:object_r:mediaextractor_service:s0 tclass=service_manager permissive=1
12-10 18:55:53.452  3510  3677 D NetworkSecurityConfig: No Network Security Config specified, using platform default
12-10 18:55:53.616  1023  3934 E WVMExtractor: Failed to open libwvm.so: dlopen failed: library "libwvm.so" not found
12-10 18:55:53.616  1023  3934 I FFmpegExtractor: android-source:0xf35a15b0
12-10 18:55:53.735  1023  3935 I NuCachedSource2: new range: offset= 997802278
12-10 18:55:53.990  1023  3935 I NuCachedSource2: caching reached eos.
12-10 18:55:54.051  1023  3934 D FFmpegExtractor: supported codec (h264) by official Stagefright
12-10 18:55:54.051  1023  3934 D FFmpegExtractor: supported codec (aac) by official Stagefright
12-10 18:55:54.052  1023  3934 D FFmpegExtractor: ffmpeg detected media content as 'video/x-matroska' with confidence 0.08
12-10 18:55:54.063  1023  3935 I NuCachedSource2: new range: offset= 0
12-10 18:55:54.127  1023  3935 I NuCachedSource2: retrying a previously failed read succeeded.
12-10 18:55:54.135  1023  3933 D NuPlayerDriver: notifyListener_l(0xf35a9980), (5, 1280, 722), loop setting(0, 0)
12-10 18:55:54.137  1023  3933 D NuPlayerDriver: notifyListener_l(0xf35a9980), (3, 0, 0), loop setting(0, 0)
12-10 18:55:55.081  1262  1361 E TaskPersister: File error accessing recents directory (directory doesn't exist?).
12-10 18:55:55.139  1023  3933 D NuPlayerDriver: notifyListener_l(0xf35a9980), (3, 0, 0), loop setting(0, 0)
12-10 18:55:55.140  1023  3939 D GenericSource: stopBufferingIfNecessary_l, mBuffering=0
12-10 18:55:55.140  1023  3933 D NuPlayerDriver: notifyListener_l(0xf35a9980), (1, 0, 0), loop setting(0, 0)
12-10 18:55:55.140  3510  3931 D MediaPlayer: setSubtitleAnchor in MediaPlayer
12-10 18:55:55.140  3510  3510 D MediaPlayer: setSubtitleAnchor in MediaPlayer
12-10 18:55:55.151  3510  3931 W MediaPlayer: setScreenOnWhilePlaying(true) is ineffective without a SurfaceHolder
12-10 18:55:55.158  1023  1073 E cutils-trace: Error opening trace file: Permission denied (13)
12-10 18:55:55.159  1023  3933 D NuPlayer: onSetVideoSurface(0xf35de000, no video decoder)
12-10 18:55:55.161  1023  1023 D NuPlayerDriver: start(0xf35a9980), state is 4, eos is 0
12-10 18:55:55.161  1023  3933 I GenericSource: start
12-10 18:55:55.540  1023  3933 W Utils   : track of type 'audio/mp4a-latm' does not publish channel mask, channel count 2
12-10 18:55:55.544  1023  3933 D NuPlayerDriver: notifyListener_l(0xf35a9980), (3, 0, 0), loop setting(0, 0)
12-10 18:55:55.552  1023  3933 W Utils   : track of type 'audio/mp4a-latm' does not publish channel mask, channel count 2
12-10 18:55:55.553  1023  3948 I MediaPlayerService: MediaPlayerService::getOMX
12-10 18:55:55.554  1023  3948 I OMXClient: MuxOMX ctor
12-10 18:55:55.564  1023  3950 I MediaPlayerService: MediaPlayerService::getOMX
12-10 18:55:55.564  1023  3950 I OMXClient: MuxOMX ctor
12-10 18:55:55.567  1020  1443 I chatty  : uid=1046(mediacodec) Binder:1020_2 expire 3 lines
12-10 18:55:55.568  1020  1020 I chatty  : uid=1046(mediacodec) expire 10 lines
12-10 18:55:55.591  1023  3950 I ACodec  : codec does not support config priority (err -2147483648)
12-10 18:55:55.591  1023  3950 I MediaCodec: MediaCodec will operate in async mode
12-10 18:55:55.593  1023  3947 I MediaCodec: [OMX.ffmpeg.h264.decoder] setting surface generation to 1047553
12-10 18:55:55.593  1023  3948 E ACodec  : [OMX.ffmpeg.h264.decoder] storeMetaDataInBuffers failed w/ err -1010
12-10 18:55:55.595  1023  3948 I ACodec  : codec does not support config priority (err -1010)
12-10 18:55:55.595  1023  3947 I MediaCodec: MediaCodec will operate in async mode
12-10 18:55:55.601  1020  3951 I chatty  : uid=1046(mediacodec) expire 3 lines
12-10 18:55:55.605  1020  3953 I chatty  : uid=1046(mediacodec) expire 151 lines
12-10 18:55:55.881  1023  3945 D AudioTrack: Client defaulted notificationFrames to 4096 for frameCount 12288
12-10 18:55:55.883  1023  3933 D NuPlayerDriver: notifyListener_l(0xf35a9980), (6, 0, 0), loop setting(0, 0)
12-10 18:55:56.157  1023  3947 D MediaCodec: [OMX.ffmpeg.h264.decoder] setting dataspace on output surface to #104
12-10 18:55:56.169  1023  3933 D NuPlayerDriver: notifyListener_l(0xf35a9980), (5, 1280, 722), loop setting(0, 0)
12-10 18:55:56.169  1023  3933 D NuPlayerDriver: notifyListener_l(0xf35a9980), (200, 3, 0), loop setting(0, 0)
12-10 18:55:56.169  3510  3941 W MediaPlayer: info/warning (3, 0)
12-10 18:55:56.177  1023  3947 D SoftwareRenderer: setting dataspace on output surface to #104
12-10 18:55:56.532  1023  3933 D NuPlayerDriver: notifyListener_l(0xf35a9980), (3, 0, 0), loop setting(0, 0)
12-10 18:55:56.626  1014  1067 I chatty  : uid=1041(audioserver) AudioOut_D expire 3 lines
12-10 18:55:56.879  1014  1066 W audio_hw_primary: out_write underrun: -32
12-10 18:55:56.905  1014  1066 W audio_hw_primary: out_write underrun: -32
12-10 18:55:56.927  1014  1066 W audio_hw_primary: out_write underrun: -32
12-10 18:55:56.960  1014  1066 W audio_hw_primary: out_write underrun: -32
12-10 18:55:56.972  1014  1067 D AudioFlinger: mixer(0xf0698e00) throttle end: throttle time(33)
12-10 18:55:56.985  1014  1066 W audio_hw_primary: out_write underrun: -32
12-10 18:55:57.007  1014  1066 W audio_hw_primary: out_write underrun: -32
12-10 18:55:57.014  1014  1067 D AudioFlinger: mixer(0xf0698e00) throttle end: throttle time(2)
12-10 18:55:57.029  1014  1066 W audio_hw_primary: out_write underrun: -32
12-10 18:55:57.051  1014  1066 W audio_hw_primary: out_write underrun: -32
12-10 18:55:57.073  1014  1066 W audio_hw_primary: out_write underrun: -32
12-10 18:55:57.097  1014  1066 W audio_hw_primary: out_write underrun: -32
12-10 18:55:57.119  1014  1066 W audio_hw_primary: out_write underrun: -32
12-10 18:55:57.140  1014  1067 D AudioFlinger: mixer(0xf0698e00) throttle end: throttle time(34)
12-10 18:55:57.150  1014  1066 W audio_hw_primary: out_write underrun: -32
12-10 18:55:57.174  1014  1066 W audio_hw_primary: out_write underrun: -32
12-10 18:55:57.187  1014  1067 D AudioFlinger: mixer(0xf0698e00) throttle end: throttle time(3)
12-10 18:55:57.196  1014  1066 W audio_hw_primary: out_write underrun: -32
12-10 18:55:57.219  1014  1066 W audio_hw_primary: out_write underrun: -32
12-10 18:55:57.228  1262  3870 I ActivityManager: Process com.android.vending:instant_app_installer (pid 3004) has died
12-10 18:55:57.228  1262  3870 D ActivityManager: cleanUpApplicationRecord -- 3004
12-10 18:55:57.241  1014  1066 W audio_hw_primary: out_write underrun: -32
12-10 18:55:57.263  1014  1066 W audio_hw_primary: out_write underrun: -32
12-10 18:55:57.272  1014  1067 D AudioFlinger: mixer(0xf0698e00) throttle end: throttle time(24)
12-10 18:55:57.293  1014  1066 W audio_hw_primary: out_write underrun: -32
12-10 18:55:57.293  1014  1067 D AudioFlinger: mixer(0xf0698e00) throttle end: throttle time(2)
12-10 18:55:57.316  1014  1066 W audio_hw_primary: out_write underrun: -32
12-10 18:55:57.332  1014  1067 D AudioFlinger: mixer(0xf0698e00) throttle end: throttle time(5)
12-10 18:55:57.338  1014  1066 W audio_hw_primary: out_write underrun: -32
12-10 18:55:57.359  1014  1066 W audio_hw_primary: out_write underrun: -32
12-10 18:55:57.364  1014  1067 D AudioFlinger: mixer(0xf0698e00) throttle end: throttle time(1)
12-10 18:55:57.383  1014  1066 W audio_hw_primary: out_write underrun: -32
12-10 18:55:57.405  1014  1066 W audio_hw_primary: out_write underrun: -32
12-10 18:55:57.428  1014  1066 W audio_hw_primary: out_write underrun: -32
12-10 18:55:57.450  1014  1066 W audio_hw_primary: out_write underrun: -32
12-10 18:55:57.468  1014  1067 D AudioFlinger: mixer(0xf0698e00) throttle end: throttle time(2)
12-10 18:55:57.472  1014  1066 W audio_hw_primary: out_write underrun: -32
12-10 18:55:57.494  1014  1066 W audio_hw_primary: out_write underrun: -32
12-10 18:55:57.516  1014  1066 W audio_hw_primary: out_write underrun: -32
12-10 18:55:57.533  1023  3933 D NuPlayerDriver: notifyListener_l(0xf35a9980), (3, 0, 0), loop setting(0, 0)
12-10 18:55:57.539  1014  1066 W audio_hw_primary: out_write underrun: -32
12-10 18:55:57.562  1014  1066 W audio_hw_primary: out_write underrun: -32
12-10 18:55:57.584  1014  1066 W audio_hw_primary: out_write underrun: -32
12-10 18:55:57.606  1014  1066 W audio_hw_primary: out_write underrun: -32
12-10 18:55:57.629  1014  1066 W audio_hw_primary: out_write underrun: -32
12-10 18:55:57.643  1014  1067 D AudioFlinger: mixer(0xf0698e00) throttle end: throttle time(93)
12-10 18:55:57.651  1014  1066 W audio_hw_primary: out_write underrun: -32
12-10 18:55:57.674  1014  1066 W audio_hw_primary: out_write underrun: -32
12-10 18:55:57.696  1014  1066 W audio_hw_primary: out_write underrun: -32
12-10 18:55:57.718  1014  1066 W audio_hw_primary: out_write underrun: -32
12-10 18:55:57.742  1014  1066 W audio_hw_primary: out_write underrun: -32
12-10 18:55:57.764  1014  1066 W audio_hw_primary: out_write underrun: -32
12-10 18:55:57.786  1014  1066 W audio_hw_primary: out_write underrun: -32
12-10 18:55:57.803  1014  1067 D AudioFlinger: mixer(0xf0698e00) throttle end: throttle time(39)
12-10 18:55:57.811  1014  1066 W audio_hw_primary: out_write underrun: -32
12-10 18:55:57.834  1014  1066 W audio_hw_primary: out_write underrun: -32
12-10 18:55:57.863  1014  1066 W audio_hw_primary: out_write underrun: -32
12-10 18:55:57.886  1014  1066 W audio_hw_primary: out_write underrun: -32
12-10 18:55:57.899  1014  1067 D AudioFlinger: mixer(0xf0698e00) throttle end: throttle time(18)
12-10 18:55:57.908  1014  1066 W audio_hw_primary: out_write underrun: -32
12-10 18:55:57.931  1014  1066 W audio_hw_primary: out_write underrun: -32
12-10 18:55:57.956  1014  1066 W audio_hw_primary: out_write underrun: -32
12-10 18:55:57.978  1014  1066 W audio_hw_primary: out_write underrun: -32
12-10 18:55:57.995  1014  1067 D AudioFlinger: mixer(0xf0698e00) throttle end: throttle time(11)
12-10 18:55:58.001  1014  1066 W audio_hw_primary: out_write underrun: -32
12-10 18:55:58.023  1014  1066 W audio_hw_primary: out_write underrun: -32
12-10 18:55:58.050  1014  1066 W audio_hw_primary: out_write underrun: -32
12-10 18:55:58.073  1014  1066 W audio_hw_primary: out_write underrun: -32
12-10 18:55:58.096  1014  1066 W audio_hw_primary: out_write underrun: -32
12-10 18:55:58.102  1014  1067 D AudioFlinger: mixer(0xf0698e00) throttle end: throttle time(6)
12-10 18:55:58.119  1014  1066 W audio_hw_primary: out_write underrun: -32
12-10 18:55:58.142  1014  1066 W audio_hw_primary: out_write underrun: -32
12-10 18:55:58.164  1014  1066 W audio_hw_primary: out_write underrun: -32
12-10 18:55:58.186  1014  1066 W audio_hw_primary: out_write underrun: -32
12-10 18:55:58.208  1014  1066 W audio_hw_primary: out_write underrun: -32
12-10 18:55:58.230  1014  1066 W audio_hw_primary: out_write underrun: -32
12-10 18:55:58.243  1014  1067 D AudioFlinger: mixer(0xf0698e00) throttle end: throttle time(37)
12-10 18:55:58.253  1014  1066 W audio_hw_primary: out_write underrun: -32
12-10 18:55:58.275  1014  1066 W audio_hw_primary: out_write underrun: -32
12-10 18:55:58.297  1014  1066 W audio_hw_primary: out_write underrun: -32
12-10 18:55:58.320  1014  1066 W audio_hw_primary: out_write underrun: -32
12-10 18:55:58.343  1014  1066 W audio_hw_primary: out_write underrun: -32
12-10 18:55:58.366  1014  1066 W audio_hw_primary: out_write underrun: -32
12-10 18:55:58.388  1014  1066 W audio_hw_primary: out_write underrun: -32
12-10 18:55:58.410  1014  1066 W audio_hw_primary: out_write underrun: -32
12-10 18:55:58.431  1014  1066 W audio_hw_primary: out_write underrun: -32
12-10 18:55:58.455  1014  1066 W audio_hw_primary: out_write underrun: -32
12-10 18:55:58.468  1014  1067 D AudioFlinger: mixer(0xf0698e00) throttle end: throttle time(10)
12-10 18:55:58.479  1014  1066 W audio_hw_primary: out_write underrun: -32
12-10 18:55:58.503  1014  1066 W audio_hw_primary: out_write underrun: -32
12-10 18:55:58.526  1014  1066 W audio_hw_primary: out_write underrun: -32
12-10 18:55:58.533  1023  3933 D NuPlayerDriver: notifyListener_l(0xf35a9980), (3, 1, 0), loop setting(0, 0)
12-10 18:55:58.549  1014  1067 D AudioFlinger: mixer(0xf0698e00) throttle end: throttle time(12)
12-10 18:55:58.552  1014  1066 W audio_hw_primary: out_write underrun: -32
12-10 18:55:58.574  1014  1066 W audio_hw_primary: out_write underrun: -32
12-10 18:55:58.596  1014  1066 W audio_hw_primary: out_write underrun: -32
12-10 18:55:58.618  1014  1066 W audio_hw_primary: out_write underrun: -32
12-10 18:55:58.640  1014  1066 W audio_hw_primary: out_write underrun: -32
12-10 18:55:58.650  1014  1067 D AudioFlinger: mixer(0xf0698e00) throttle end: throttle time(3)
12-10 18:55:58.662  1014  1066 W audio_hw_primary: out_write underrun: -32
12-10 18:55:58.685  1014  1066 W audio_hw_primary: out_write underrun: -32
12-10 18:55:58.708  1014  1066 W audio_hw_primary: out_write underrun: -32
12-10 18:55:58.724  1014  1067 D AudioFlinger: mixer(0xf0698e00) throttle end: throttle time(12)
12-10 18:55:58.731  1014  1066 W audio_hw_primary: out_write underrun: -32
12-10 18:55:58.754  1014  1066 W audio_hw_primary: out_write underrun: -32
12-10 18:55:58.776  1014  1066 W audio_hw_primary: out_write underrun: -32
12-10 18:55:58.799  1014  1066 W audio_hw_primary: out_write underrun: -32
12-10 18:55:58.821  1014  1066 W audio_hw_primary: out_write underrun: -32
12-10 18:55:58.844  1014  1066 W audio_hw_primary: out_write underrun: -32
12-10 18:55:58.866  1014  1066 W audio_hw_primary: out_write underrun: -32
12-10 18:55:58.874  1014  1067 D AudioFlinger: mixer(0xf0698e00) throttle end: throttle time(4)
12-10 18:55:58.889  1014  1066 W audio_hw_primary: out_write underrun: -32
12-10 18:55:58.912  1014  1066 W audio_hw_primary: out_write underrun: -32
12-10 18:55:58.934  1014  1066 W audio_hw_primary: out_write underrun: -32
12-10 18:55:58.956  1014  1066 W audio_hw_primary: out_write underrun: -32
12-10 18:55:58.979  1014  1066 W audio_hw_primary: out_write underrun: -32
12-10 18:55:59.001  1014  1066 W audio_hw_primary: out_write underrun: -32
12-10 18:55:59.034  1014  1067 D AudioFlinger: mixer(0xf0698e00) throttle end: throttle time(1)
12-10 18:55:59.051  1262  3870 I ActivityManager: Process com.google.android.gms.ui (pid 2776) has died
12-10 18:55:59.051  1262  3870 D ActivityManager: cleanUpApplicationRecord -- 2776
12-10 18:55:59.068  1014  1066 W audio_hw_primary: out_write underrun: -32
12-10 18:55:59.090  1014  1066 W audio_hw_primary: out_write underrun: -32
12-10 18:55:59.112  1014  1066 W audio_hw_primary: out_write underrun: -32
12-10 18:55:59.131  1014  1067 D AudioFlinger: mixer(0xf0698e00) throttle end: throttle time(10)
12-10 18:55:59.135  1014  1066 W audio_hw_primary: out_write underrun: -32
12-10 18:55:59.157  1014  1066 W audio_hw_primary: out_write underrun: -32
12-10 18:55:59.182  1014  1066 W audio_hw_primary: out_write underrun: -32
12-10 18:55:59.204  1014  1066 W audio_hw_primary: out_write underrun: -32
12-10 18:55:59.216  1014  1067 D AudioFlinger: mixer(0xf0698e00) throttle end: throttle time(6)
12-10 18:55:59.227  1014  1066 W audio_hw_primary: out_write underrun: -32
12-10 18:55:59.250  1014  1066 W audio_hw_primary: out_write underrun: -32
12-10 18:55:59.268  1014  1067 D AudioFlinger: mixer(0xf0698e00) throttle end: throttle time(3)
12-10 18:55:59.274  1014  1066 W audio_hw_primary: out_write underrun: -32
12-10 18:55:59.296  1014  1066 W audio_hw_primary: out_write underrun: -32
12-10 18:55:59.318  1014  1066 W audio_hw_primary: out_write underrun: -32
12-10 18:55:59.340  1014  1066 W audio_hw_primary: out_write underrun: -32
12-10 18:55:59.363  1014  1066 W audio_hw_primary: out_write underrun: -32
12-10 18:55:59.385  1014  1066 W audio_hw_primary: out_write underrun: -32
12-10 18:55:59.407  1014  1066 W audio_hw_primary: out_write underrun: -32
