12-10 18:56:03.839  1020  3953 D SoftFFmpegVideo: drainOneOutputBuffer: frame_width=1280 frame_height=722 buffer_width=1280 buffer_height=722 ctx_width=1280 ctx_height=722 mIsAdaptive=0
12-10 18:56:03.846  1014  1066 W audio_hw_primary: out_write underrun: -32
12-10 18:56:03.848  1020  3953 D SoftFFmpegVideo: drainOneOutputBuffer: frame_width=1280 frame_height=722 buffer_width=1280 buffer_height=722 ctx_width=1280 ctx_height=722 mIsAdaptive=0
12-10 18:56:03.866  1020  3953 D SoftFFmpegVideo: drainOneOutputBuffer: frame_width=1280 frame_height=722 buffer_width=1280 buffer_height=722 ctx_width=1280 ctx_height=722 mIsAdaptive=0
12-10 18:56:03.869  1014  1066 W audio_hw_primary: out_write underrun: -32
12-10 18:56:03.885  1014  1067 D AudioFlinger: mixer(0xf0698e00) throttle end: throttle time(39)
12-10 18:56:03.890  1020  3953 D SoftFFmpegVideo: drainOneOutputBuffer: frame_width=1280 frame_height=722 buffer_width=1280 buffer_height=722 ctx_width=1280 ctx_height=722 mIsAdaptive=0
12-10 18:56:03.895  1014  1066 W audio_hw_primary: out_write underrun: -32
12-10 18:56:03.897  1020  3953 D SoftFFmpegVideo: drainOneOutputBuffer: frame_width=1280 frame_height=722 buffer_width=1280 buffer_height=722 ctx_width=1280 ctx_height=722 mIsAdaptive=0
12-10 18:56:03.909  1020  3953 D SoftFFmpegVideo: drainOneOutputBuffer: frame_width=1280 frame_height=722 buffer_width=1280 buffer_height=722 ctx_width=1280 ctx_height=722 mIsAdaptive=0
12-10 18:56:03.918  1014  1066 W audio_hw_primary: out_write underrun: -32
12-10 18:56:03.923  1020  3953 D SoftFFmpegVideo: drainOneOutputBuffer: frame_width=1280 frame_height=722 buffer_width=1280 buffer_height=722 ctx_width=1280 ctx_height=722 mIsAdaptive=0
12-10 18:56:03.928  1014  1067 D AudioFlinger: mixer(0xf0698e00) throttle end: throttle time(1)
12-10 18:56:03.936  1020  3953 D SoftFFmpegVideo: drainOneOutputBuffer: frame_width=1280 frame_height=722 buffer_width=1280 buffer_height=722 ctx_width=1280 ctx_height=722 mIsAdaptive=0
12-10 18:56:03.940  1014  1066 W audio_hw_primary: out_write underrun: -32
12-10 18:56:03.959  1020  3953 D SoftFFmpegVideo: drainOneOutputBuffer: frame_width=1280 frame_height=722 buffer_width=1280 buffer_height=722 ctx_width=1280 ctx_height=722 mIsAdaptive=0
12-10 18:56:03.962  1014  1066 W audio_hw_primary: out_write underrun: -32
12-10 18:56:03.985  1014  1066 W audio_hw_primary: out_write underrun: -32
12-10 18:56:03.991  1020  3953 D SoftFFmpegVideo: drainOneOutputBuffer: frame_width=1280 frame_height=722 buffer_width=1280 buffer_height=722 ctx_width=1280 ctx_height=722 mIsAdaptive=0
12-10 18:56:04.007  1014  1066 W audio_hw_primary: out_write underrun: -32
12-10 18:56:04.013  1020  3953 D SoftFFmpegVideo: drainOneOutputBuffer: frame_width=1280 frame_height=722 buffer_width=1280 buffer_height=722 ctx_width=1280 ctx_height=722 mIsAdaptive=0
12-10 18:56:04.029  1014  1066 W audio_hw_primary: out_write underrun: -32
12-10 18:56:04.046  1020  3953 D SoftFFmpegVideo: drainOneOutputBuffer: frame_width=1280 frame_height=722 buffer_width=1280 buffer_height=722 ctx_width=1280 ctx_height=722 mIsAdaptive=0
12-10 18:56:04.051  1014  1066 W audio_hw_primary: out_write underrun: -32
12-10 18:56:04.065  1014  1067 D AudioFlinger: mixer(0xf0698e00) throttle end: throttle time(40)
12-10 18:56:04.069  1020  3953 D SoftFFmpegVideo: drainOneOutputBuffer: frame_width=1280 frame_height=722 buffer_width=1280 buffer_height=722 ctx_width=1280 ctx_height=722 mIsAdaptive=0
12-10 18:56:04.074  1014  1066 W audio_hw_primary: out_write underrun: -32
12-10 18:56:04.080  1020  3953 D SoftFFmpegVideo: drainOneOutputBuffer: frame_width=1280 frame_height=722 buffer_width=1280 buffer_height=722 ctx_width=1280 ctx_height=722 mIsAdaptive=0
12-10 18:56:04.096  1014  1066 W audio_hw_primary: out_write underrun: -32
12-10 18:56:04.102  1020  3953 D SoftFFmpegVideo: drainOneOutputBuffer: frame_width=1280 frame_height=722 buffer_width=1280 buffer_height=722 ctx_width=1280 ctx_height=722 mIsAdaptive=0
12-10 18:56:04.117  1014  1066 W audio_hw_primary: out_write underrun: -32
12-10 18:56:04.139  1014  1066 W audio_hw_primary: out_write underrun: -32
12-10 18:56:04.156  1014  1067 D AudioFlinger: mixer(0xf0698e00) throttle end: throttle time(41)
12-10 18:56:04.163  1014  1066 W audio_hw_primary: out_write underrun: -32
12-10 18:56:04.167  1020  3953 D SoftFFmpegVideo: drainOneOutputBuffer: frame_width=1280 frame_height=722 buffer_width=1280 buffer_height=722 ctx_width=1280 ctx_height=722 mIsAdaptive=0
12-10 18:56:04.184  1014  1066 W audio_hw_primary: out_write underrun: -32
12-10 18:56:04.190  1020  3953 D SoftFFmpegVideo: drainOneOutputBuffer: frame_width=1280 frame_height=722 buffer_width=1280 buffer_height=722 ctx_width=1280 ctx_height=722 mIsAdaptive=0
12-10 18:56:04.206  1014  1066 W audio_hw_primary: out_write underrun: -32
12-10 18:56:04.216  1014  1067 D AudioFlinger: mixer(0xf0698e00) throttle end: throttle time(2)
12-10 18:56:04.219  3510  3510 W ViewRootImpl[MovieDetailActivity]: Cancelling event due to no window focus: MotionEvent { action=ACTION_CANCEL, actionButton=0, id[0]=0, x[0]=136.60738, y[0]=421.28836, toolType[0]=TOOL_TYPE_MOUSE, buttonState=0, metaState=0, flags=0x0, edgeFlags=0x0, pointerCount=1, historySize=0, eventTime=347254, downTime=335012, deviceId=4, source=0x2002 }
12-10 18:56:04.219  3510  3510 W ViewRootImpl[MovieDetailActivity]: Cancelling event due to no window focus: MotionEvent { action=ACTION_CANCEL, actionButton=0, id[0]=0, x[0]=136.60738, y[0]=421.28836, toolType[0]=TOOL_TYPE_MOUSE, buttonState=0, metaState=0, flags=0x0, edgeFlags=0x0, pointerCount=1, historySize=0, eventTime=347254, downTime=335012, deviceId=4, source=0x2002 }
12-10 18:56:04.219  3510  3510 W ViewRootImpl[MovieDetailActivity]: Cancelling event due to no window focus: MotionEvent { action=ACTION_CANCEL, actionButton=0, id[0]=0, x[0]=136.60738, y[0]=421.28836, toolType[0]=TOOL_TYPE_MOUSE, buttonState=0, metaState=0, flags=0x0, edgeFlags=0x0, pointerCount=1, historySize=0, eventTime=347254, downTime=335012, deviceId=4, source=0x2002 }
12-10 18:56:04.219  3510  3510 W ViewRootImpl[MovieDetailActivity]: Cancelling event due to no window focus: MotionEvent { action=ACTION_CANCEL, actionButton=0, id[0]=0, x[0]=136.60738, y[0]=421.28836, toolType[0]=TOOL_TYPE_MOUSE, buttonState=0, metaState=0, flags=0x0, edgeFlags=0x0, pointerCount=1, historySize=0, eventTime=347254, downTime=335012, deviceId=4, source=0x2002 }
12-10 18:56:04.228  1014  1066 W audio_hw_primary: out_write underrun: -32
12-10 18:56:04.251  1014  1066 W audio_hw_primary: out_write underrun: -32
12-10 18:56:04.260  1014  1067 D AudioFlinger: mixer(0xf0698e00) throttle end: throttle time(17)
12-10 18:56:04.273  1014  1066 W audio_hw_primary: out_write underrun: -32
12-10 18:56:04.295  1014  1066 W audio_hw_primary: out_write underrun: -32
12-10 18:56:04.319  1014  1066 W audio_hw_primary: out_write underrun: -32
12-10 18:56:04.320  1020  3953 D SoftFFmpegVideo: drainOneOutputBuffer: frame_width=1280 frame_height=722 buffer_width=1280 buffer_height=722 ctx_width=1280 ctx_height=722 mIsAdaptive=0
12-10 18:56:04.341  1014  1066 W audio_hw_primary: out_write underrun: -32
12-10 18:56:04.348  1020  3953 D SoftFFmpegVideo: drainOneOutputBuffer: frame_width=1280 frame_height=722 buffer_width=1280 buffer_height=722 ctx_width=1280 ctx_height=722 mIsAdaptive=0
12-10 18:56:04.360  1020  3953 D SoftFFmpegVideo: drainOneOutputBuffer: frame_width=1280 frame_height=722 buffer_width=1280 buffer_height=722 ctx_width=1280 ctx_height=722 mIsAdaptive=0
12-10 18:56:04.363  1014  1066 W audio_hw_primary: out_write underrun: -32
12-10 18:56:04.382  1014  1067 D AudioFlinger: mixer(0xf0698e00) throttle end: throttle time(20)
12-10 18:56:04.385  1020  3953 D SoftFFmpegVideo: drainOneOutputBuffer: frame_width=1280 frame_height=722 buffer_width=1280 buffer_height=722 ctx_width=1280 ctx_height=722 mIsAdaptive=0
12-10 18:56:04.385  1014  1066 W audio_hw_primary: out_write underrun: -32
12-10 18:56:04.407  1014  1066 W audio_hw_primary: out_write underrun: -32
12-10 18:56:04.413  1020  3953 D SoftFFmpegVideo: drainOneOutputBuffer: frame_width=1280 frame_height=722 buffer_width=1280 buffer_height=722 ctx_width=1280 ctx_height=722 mIsAdaptive=0
12-10 18:56:04.429  1014  1066 W audio_hw_primary: out_write underrun: -32
12-10 18:56:04.435  1014  1067 D AudioFlinger: mixer(0xf0698e00) throttle end: throttle time(12)
12-10 18:56:04.448  1020  3953 D SoftFFmpegVideo: drainOneOutputBuffer: frame_width=1280 frame_height=722 buffer_width=1280 buffer_height=722 ctx_width=1280 ctx_height=722 mIsAdaptive=0
12-10 18:56:04.451  1014  1066 W audio_hw_primary: out_write underrun: -32
12-10 18:56:04.473  1014  1066 W audio_hw_primary: out_write underrun: -32
12-10 18:56:04.491  1014  1067 D AudioFlinger: mixer(0xf0698e00) throttle end: throttle time(14)
12-10 18:56:04.496  1014  1066 W audio_hw_primary: out_write underrun: -32
12-10 18:56:04.518  1014  1066 W audio_hw_primary: out_write underrun: -32
12-10 18:56:04.543  1023  3933 D NuPlayerDriver: notifyListener_l(0xf35a9980), (3, 2, 0), loop setting(0, 0)
12-10 18:56:04.545  1014  1066 W audio_hw_primary: out_write underrun: -32
12-10 18:56:04.567  1014  1066 W audio_hw_primary: out_write underrun: -32
12-10 18:56:04.590  1014  1066 W audio_hw_primary: out_write underrun: -32
12-10 18:56:04.591  1020  3953 D SoftFFmpegVideo: drainOneOutputBuffer: frame_width=1280 frame_height=722 buffer_width=1280 buffer_height=722 ctx_width=1280 ctx_height=722 mIsAdaptive=0
12-10 18:56:04.612  1014  1066 W audio_hw_primary: out_write underrun: -32
12-10 18:56:04.615  1020  3953 D SoftFFmpegVideo: drainOneOutputBuffer: frame_width=1280 frame_height=722 buffer_width=1280 buffer_height=722 ctx_width=1280 ctx_height=722 mIsAdaptive=0
12-10 18:56:04.635  1014  1066 W audio_hw_primary: out_write underrun: -32
12-10 18:56:04.657  1014  1066 W audio_hw_primary: out_write underrun: -32
12-10 18:56:04.680  1014  1066 W audio_hw_primary: out_write underrun: -32
12-10 18:56:04.702  1014  1067 D AudioFlinger: mixer(0xf0698e00) throttle end: throttle time(81)
12-10 18:56:04.702  1014  1066 W audio_hw_primary: out_write underrun: -32
12-10 18:56:04.724  1014  1066 W audio_hw_primary: out_write underrun: -32
12-10 18:56:04.746  1014  1067 D AudioFlinger: mixer(0xf0698e00) throttle end: throttle time(18)
12-10 18:56:04.748  1014  1066 W audio_hw_primary: out_write underrun: -32
12-10 18:56:04.750  3711  3711 I BgTaskExecutorImpl: Starting EXCLUSIVE background task INTERNAL_PERIODIC_TASK_SYNC.
12-10 18:56:04.771  1014  1066 W audio_hw_primary: out_write underrun: -32
12-10 18:56:04.790  1014  1067 D AudioFlinger: mixer(0xf0698e00) throttle end: throttle time(1)
12-10 18:56:04.793  1014  1066 W audio_hw_primary: out_write underrun: -32
12-10 18:56:04.800  1020  3953 D SoftFFmpegVideo: drainOneOutputBuffer: frame_width=1280 frame_height=722 buffer_width=1280 buffer_height=722 ctx_width=1280 ctx_height=722 mIsAdaptive=0
12-10 18:56:04.815  1014  1066 W audio_hw_primary: out_write underrun: -32
12-10 18:56:04.817  1014  1067 D AudioFlinger: mixer(0xf0698e00) throttle end: throttle time(1)
12-10 18:56:04.838  1014  1066 W audio_hw_primary: out_write underrun: -32
12-10 18:56:04.860  1014  1066 W audio_hw_primary: out_write underrun: -32
12-10 18:56:04.882  1014  1066 W audio_hw_primary: out_write underrun: -32
12-10 18:56:04.904  1014  1066 W audio_hw_primary: out_write underrun: -32
12-10 18:56:04.906  1014  1067 D AudioFlinger: mixer(0xf0698e00) throttle end: throttle time(29)
12-10 18:56:04.926  1014  1066 W audio_hw_primary: out_write underrun: -32
12-10 18:56:04.949  1014  1066 W audio_hw_primary: out_write underrun: -32
12-10 18:56:04.969  1014  1067 D AudioFlinger: mixer(0xf0698e00) throttle end: throttle time(19)
12-10 18:56:04.972  1014  1066 W audio_hw_primary: out_write underrun: -32
12-10 18:56:04.981  1020  3953 D SoftFFmpegVideo: drainOneOutputBuffer: frame_width=1280 frame_height=722 buffer_width=1280 buffer_height=722 ctx_width=1280 ctx_height=722 mIsAdaptive=0
12-10 18:56:04.994  1014  1066 W audio_hw_primary: out_write underrun: -32
12-10 18:56:04.995  1014  1067 D AudioFlinger: mixer(0xf0698e00) throttle end: throttle time(2)
12-10 18:56:05.016  1014  1066 W audio_hw_primary: out_write underrun: -32
12-10 18:56:05.022  1020  3953 D SoftFFmpegVideo: drainOneOutputBuffer: frame_width=1280 frame_height=722 buffer_width=1280 buffer_height=722 ctx_width=1280 ctx_height=722 mIsAdaptive=0
12-10 18:56:05.039  1014  1066 W audio_hw_primary: out_write underrun: -32
12-10 18:56:05.045  1020  3953 D SoftFFmpegVideo: drainOneOutputBuffer: frame_width=1280 frame_height=722 buffer_width=1280 buffer_height=722 ctx_width=1280 ctx_height=722 mIsAdaptive=0
12-10 18:56:05.057  1014  1067 D AudioFlinger: mixer(0xf0698e00) throttle end: throttle time(21)
12-10 18:56:05.058  1020  3953 D SoftFFmpegVideo: drainOneOutputBuffer: frame_width=1280 frame_height=722 buffer_width=1280 buffer_height=722 ctx_width=1280 ctx_height=722 mIsAdaptive=0
12-10 18:56:05.061  1014  1066 W audio_hw_primary: out_write underrun: -32
12-10 18:56:05.083  1014  1066 W audio_hw_primary: out_write underrun: -32
12-10 18:56:05.086  1020  3953 D SoftFFmpegVideo: drainOneOutputBuffer: frame_width=1280 frame_height=722 buffer_width=1280 buffer_height=722 ctx_width=1280 ctx_height=722 mIsAdaptive=0
12-10 18:56:05.106  1014  1066 W audio_hw_primary: out_write underrun: -32
12-10 18:56:05.115  1020  3953 D SoftFFmpegVideo: drainOneOutputBuffer: frame_width=1280 frame_height=722 buffer_width=1280 buffer_height=722 ctx_width=1280 ctx_height=722 mIsAdaptive=0
12-10 18:56:05.128  1014  1066 W audio_hw_primary: out_write underrun: -32
12-10 18:56:05.134  1014  1067 D AudioFlinger: mixer(0xf0698e00) throttle end: throttle time(17)
12-10 18:56:05.150  1014  1066 W audio_hw_primary: out_write underrun: -32
12-10 18:56:05.155  1020  3953 D SoftFFmpegVideo: drainOneOutputBuffer: frame_width=1280 frame_height=722 buffer_width=1280 buffer_height=722 ctx_width=1280 ctx_height=722 mIsAdaptive=0
12-10 18:56:05.173  1014  1066 W audio_hw_primary: out_write underrun: -32
12-10 18:56:05.177  1262  3870 I ActivityManager: Process com.android.calendar (pid 1896) has died
12-10 18:56:05.177  1262  3870 D ActivityManager: cleanUpApplicationRecord -- 1896
12-10 18:56:05.178  1262  2499 I ActivityManager: Process com.android.defcontainer (pid 3638) has died
12-10 18:56:05.178  1262  2499 D ActivityManager: cleanUpApplicationRecord -- 3638
12-10 18:56:05.195  1014  1066 W audio_hw_primary: out_write underrun: -32
12-10 18:56:05.200  1014  1067 D AudioFlinger: mixer(0xf0698e00) throttle end: throttle time(9)
12-10 18:56:05.217  1014  1066 W audio_hw_primary: out_write underrun: -32
12-10 18:56:05.239  1014  1066 W audio_hw_primary: out_write underrun: -32
12-10 18:56:05.261  1014  1066 W audio_hw_primary: out_write underrun: -32
12-10 18:56:05.272  1014  1067 D AudioFlinger: mixer(0xf0698e00) throttle end: throttle time(18)
12-10 18:56:05.282  1014  1066 W audio_hw_primary: out_write underrun: -32
12-10 18:56:05.300  1020  3953 D SoftFFmpegVideo: drainOneOutputBuffer: frame_width=1280 frame_height=722 buffer_width=1280 buffer_height=722 ctx_width=1280 ctx_height=722 mIsAdaptive=0
12-10 18:56:05.304  1014  1066 W audio_hw_primary: out_write underrun: -32
12-10 18:56:05.327  1014  1066 W audio_hw_primary: out_write underrun: -32
12-10 18:56:05.349  1014  1066 W audio_hw_primary: out_write underrun: -32
12-10 18:56:05.351  1014  1067 D AudioFlinger: mixer(0xf0698e00) throttle end: throttle time(12)
12-10 18:56:05.363  1020  3953 D SoftFFmpegVideo: drainOneOutputBuffer: frame_width=1280 frame_height=722 buffer_width=1280 buffer_height=722 ctx_width=1280 ctx_height=722 mIsAdaptive=0
12-10 18:56:05.371  1014  1066 W audio_hw_primary: out_write underrun: -32
12-10 18:56:05.388  1020  3953 D SoftFFmpegVideo: drainOneOutputBuffer: frame_width=1280 frame_height=722 buffer_width=1280 buffer_height=722 ctx_width=1280 ctx_height=722 mIsAdaptive=0
12-10 18:56:05.394  1014  1066 W audio_hw_primary: out_write underrun: -32
12-10 18:56:05.405  1014  1067 D AudioFlinger: mixer(0xf0698e00) throttle end: throttle time(1)
12-10 18:56:05.416  1014  1066 W audio_hw_primary: out_write underrun: -32
12-10 18:56:05.430  1014  1067 D AudioFlinger: mixer(0xf0698e00) throttle end: throttle time(1)
12-10 18:56:05.435  1020  3953 D SoftFFmpegVideo: drainOneOutputBuffer: frame_width=1280 frame_height=722 buffer_width=1280 buffer_height=722 ctx_width=1280 ctx_height=722 mIsAdaptive=0
12-10 18:56:05.438  1014  1066 W audio_hw_primary: out_write underrun: -32
12-10 18:56:05.460  1014  1066 W audio_hw_primary: out_write underrun: -32
12-10 18:56:05.481  1014  1066 W audio_hw_primary: out_write underrun: -32
12-10 18:56:05.485  1020  3953 D SoftFFmpegVideo: drainOneOutputBuffer: frame_width=1280 frame_height=722 buffer_width=1280 buffer_height=722 ctx_width=1280 ctx_height=722 mIsAdaptive=0
12-10 18:56:05.504  1014  1066 W audio_hw_primary: out_write underrun: -32
12-10 18:56:05.505  1014  1067 D AudioFlinger: mixer(0xf0698e00) throttle end: throttle time(15)
12-10 18:56:05.526  1014  1066 W audio_hw_primary: out_write underrun: -32
12-10 18:56:05.532  1020  3953 D SoftFFmpegVideo: drainOneOutputBuffer: frame_width=1280 frame_height=722 buffer_width=1280 buffer_height=722 ctx_width=1280 ctx_height=722 mIsAdaptive=0
12-10 18:56:05.544  1023  3933 D NuPlayerDriver: notifyListener_l(0xf35a9980), (3, 2, 0), loop setting(0, 0)
12-10 18:56:05.549  1014  1066 W audio_hw_primary: out_write underrun: -32
12-10 18:56:05.569  1014  1067 D AudioFlinger: mixer(0xf0698e00) throttle end: throttle time(20)
12-10 18:56:05.571  1014  1066 W audio_hw_primary: out_write underrun: -32
12-10 18:56:05.573  1020  3953 D SoftFFmpegVideo: drainOneOutputBuffer: frame_width=1280 frame_height=722 buffer_width=1280 buffer_height=722 ctx_width=1280 ctx_height=722 mIsAdaptive=0
12-10 18:56:05.593  1014  1066 W audio_hw_primary: out_write underrun: -32
12-10 18:56:05.597  1020  3953 D SoftFFmpegVideo: drainOneOutputBuffer: frame_width=1280 frame_height=722 buffer_width=1280 buffer_height=722 ctx_width=1280 ctx_height=722 mIsAdaptive=0
12-10 18:56:05.615  1014  1066 W audio_hw_primary: out_write underrun: -32
12-10 18:56:05.633  1014  1067 D AudioFlinger: mixer(0xf0698e00) throttle end: throttle time(14)
12-10 18:56:05.638  1014  1066 W audio_hw_primary: out_write underrun: -32
12-10 18:56:05.644  1020  3953 D SoftFFmpegVideo: drainOneOutputBuffer: frame_width=1280 frame_height=722 buffer_width=1280 buffer_height=722 ctx_width=1280 ctx_height=722 mIsAdaptive=0
12-10 18:56:05.660  1014  1066 W audio_hw_primary: out_write underrun: -32
12-10 18:56:05.683  1014  1066 W audio_hw_primary: out_write underrun: -32
12-10 18:56:05.701  1014  1067 D AudioFlinger: mixer(0xf0698e00) throttle end: throttle time(13)
12-10 18:56:05.706  1014  1066 W audio_hw_primary: out_write underrun: -32
12-10 18:56:05.729  1014  1066 W audio_hw_primary: out_write underrun: -32
12-10 18:56:05.752  1014  1066 W audio_hw_primary: out_write underrun: -32
12-10 18:56:05.775  1014  1066 W audio_hw_primary: out_write underrun: -32
12-10 18:56:05.797  1014  1066 W audio_hw_primary: out_write underrun: -32
12-10 18:56:05.819  1014  1066 W audio_hw_primary: out_write underrun: -32
12-10 18:56:05.826  2010  3542 V NativeCrypto: SSL shutdown failed: ssl=0x74c9ce5c6bc8: I/O error during system call, Broken pipe
12-10 18:56:05.836  1014  1067 D AudioFlinger: mixer(0xf0698e00) throttle end: throttle time(49)
12-10 18:56:05.841  1014  1066 W audio_hw_primary: out_write underrun: -32
12-10 18:56:05.856  1020  3953 D SoftFFmpegVideo: drainOneOutputBuffer: frame_width=1280 frame_height=722 buffer_width=1280 buffer_height=722 ctx_width=1280 ctx_height=722 mIsAdaptive=0
12-10 18:56:05.865  1014  1066 W audio_hw_primary: out_write underrun: -32
12-10 18:56:05.887  1014  1066 W audio_hw_primary: out_write underrun: -32
12-10 18:56:05.909  1014  1066 W audio_hw_primary: out_write underrun: -32
12-10 18:56:05.931  1014  1066 W audio_hw_primary: out_write underrun: -32
12-10 18:56:05.944  1014  1067 D AudioFlinger: mixer(0xf0698e00) throttle end: throttle time(1)
12-10 18:56:05.945  1020  3953 D SoftFFmpegVideo: drainOneOutputBuffer: frame_width=1280 frame_height=722 buffer_width=1280 buffer_height=722 ctx_width=1280 ctx_height=722 mIsAdaptive=0
12-10 18:56:05.955  1014  1066 W audio_hw_primary: out_write underrun: -32
12-10 18:56:05.977  1014  1066 W audio_hw_primary: out_write underrun: -32
12-10 18:56:06.000  1014  1066 W audio_hw_primary: out_write underrun: -32
12-10 18:56:06.008  1014  1067 D AudioFlinger: mixer(0xf0698e00) throttle end: throttle time(3)
12-10 18:56:06.024  1014  1066 W audio_hw_primary: out_write underrun: -32
12-10 18:56:06.040  1262  1305 I chatty  : uid=1000(system) android.io expire 7 lines
12-10 18:56:06.047  1014  1066 W audio_hw_primary: out_write underrun: -32
12-10 18:56:06.050  1014  1067 D AudioFlinger: mixer(0xf0698e00) throttle end: throttle time(3)
12-10 18:56:06.069  1014  1066 W audio_hw_primary: out_write underrun: -32
12-10 18:56:06.092  1014  1066 W audio_hw_primary: out_write underrun: -32
12-10 18:56:06.108  1020  3953 D SoftFFmpegVideo: drainOneOutputBuffer: frame_width=1280 frame_height=722 buffer_width=1280 buffer_height=722 ctx_width=1280 ctx_height=722 mIsAdaptive=0
12-10 18:56:06.114  1014  1066 W audio_hw_primary: out_write underrun: -32
12-10 18:56:06.131  1014  1067 D AudioFlinger: mixer(0xf0698e00) throttle end: throttle time(16)
12-10 18:56:06.136  1014  1066 W audio_hw_primary: out_write underrun: -32
12-10 18:56:06.159  1014  1066 W audio_hw_primary: out_write underrun: -32
12-10 18:56:06.169  3510  3510 I Choreographer: Skipped 30 frames!  The application may be doing too much work on its main thread.
12-10 18:56:06.182  1014  1066 W audio_hw_primary: out_write underrun: -32
12-10 18:56:06.204  1014  1066 W audio_hw_primary: out_write underrun: -32
12-10 18:56:06.221  1014  1067 D AudioFlinger: mixer(0xf0698e00) throttle end: throttle time(12)
12-10 18:56:06.222  1020  3953 D SoftFFmpegVideo: drainOneOutputBuffer: frame_width=1280 frame_height=722 buffer_width=1280 buffer_height=722 ctx_width=1280 ctx_height=722 mIsAdaptive=0
12-10 18:56:06.227  1014  1066 W audio_hw_primary: out_write underrun: -32
12-10 18:56:06.249  1014  1066 W audio_hw_primary: out_write underrun: -32
12-10 18:56:06.270  1014  1066 W audio_hw_primary: out_write underrun: -32
12-10 18:56:06.279  1020  3953 D SoftFFmpegVideo: drainOneOutputBuffer: frame_width=1280 frame_height=722 buffer_width=1280 buffer_height=722 ctx_width=1280 ctx_height=722 mIsAdaptive=0
12-10 18:56:06.293  1014  1066 W audio_hw_primary: out_write underrun: -32
12-10 18:56:06.299  1020  3953 D SoftFFmpegVideo: drainOneOutputBuffer: frame_width=1280 frame_height=722 buffer_width=1280 buffer_height=722 ctx_width=1280 ctx_height=722 mIsAdaptive=0
12-10 18:56:06.309  3711  3711 I BgTaskExecutorImpl: Starting PERIODIC background task AWARE_TIP_WORKER_PROCESS_TIPS.
12-10 18:56:06.314  1014  1066 W audio_hw_primary: out_write underrun: -32
12-10 18:56:06.337  1014  1066 W audio_hw_primary: out_write underrun: -32
12-10 18:56:06.340  1020  3953 D SoftFFmpegVideo: drainOneOutputBuffer: frame_width=1280 frame_height=722 buffer_width=1280 buffer_height=722 ctx_width=1280 ctx_height=722 mIsAdaptive=0
12-10 18:56:06.359  1014  1066 W audio_hw_primary: out_write underrun: -32
12-10 18:56:06.362  1020  3953 D SoftFFmpegVideo: drainOneOutputBuffer: frame_width=1280 frame_height=722 buffer_width=1280 buffer_height=722 ctx_width=1280 ctx_height=722 mIsAdaptive=0
12-10 18:56:06.363  3711  3867 W SearchServiceCore: Abort, client detached.
12-10 18:56:06.382  1014  1066 W audio_hw_primary: out_write underrun: -32
12-10 18:56:06.385  1014  1067 D AudioFlinger: mixer(0xf0698e00) throttle end: throttle time(80)
12-10 18:56:06.404  1014  1066 W audio_hw_primary: out_write underrun: -32
12-10 18:56:06.406  1020  3953 D SoftFFmpegVideo: drainOneOutputBuffer: frame_width=1280 frame_height=722 buffer_width=1280 buffer_height=722 ctx_width=1280 ctx_height=722 mIsAdaptive=0
12-10 18:56:06.426  1014  1066 W audio_hw_primary: out_write underrun: -32
12-10 18:56:06.449  1014  1066 W audio_hw_primary: out_write underrun: -32
12-10 18:56:06.471  1014  1066 W audio_hw_primary: out_write underrun: -32
12-10 18:56:06.475  3711  3711 I BgTaskExecutorImpl: Starting PERIODIC background task BACKGROUNDRETRY_CACHE_SWEEP.
12-10 18:56:06.486  3711  3711 I BgTaskExecutorImpl: Starting PERIODIC background task CLEAR_DATA_DETECTOR.
12-10 18:56:06.493  1014  1066 W audio_hw_primary: out_write underrun: -32
12-10 18:56:06.502  1020  3953 D SoftFFmpegVideo: drainOneOutputBuffer: frame_width=1280 frame_height=722 buffer_width=1280 buffer_height=722 ctx_width=1280 ctx_height=722 mIsAdaptive=0
12-10 18:56:06.514  1014  1067 D AudioFlinger: mixer(0xf0698e00) throttle end: throttle time(2)
12-10 18:56:06.516  1014  1066 W audio_hw_primary: out_write underrun: -32
12-10 18:56:06.537  1014  1066 W audio_hw_primary: out_write underrun: -32
12-10 18:56:06.544  1023  3933 D NuPlayerDriver: notifyListener_l(0xf35a9980), (3, 2, 0), loop setting(0, 0)
12-10 18:56:06.559  1014  1066 W audio_hw_primary: out_write underrun: -32
12-10 18:56:06.580  1020  3953 D SoftFFmpegVideo: drainOneOutputBuffer: frame_width=1280 frame_height=722 buffer_width=1280 buffer_height=722 ctx_width=1280 ctx_height=722 mIsAdaptive=0
12-10 18:56:06.581  1014  1066 W audio_hw_primary: out_write underrun: -32
12-10 18:56:06.604  1014  1066 W audio_hw_primary: out_write underrun: -32
12-10 18:56:06.612  1020  3953 D SoftFFmpegVideo: drainOneOutputBuffer: frame_width=1280 frame_height=722 buffer_width=1280 buffer_height=722 ctx_width=1280 ctx_height=722 mIsAdaptive=0
12-10 18:56:06.626  1014  1066 W audio_hw_primary: out_write underrun: -32
12-10 18:56:06.631  1020  3953 D SoftFFmpegVideo: drainOneOutputBuffer: frame_width=1280 frame_height=722 buffer_width=1280 buffer_height=722 ctx_width=1280 ctx_height=722 mIsAdaptive=0
12-10 18:56:06.648  1014  1066 W audio_hw_primary: out_write underrun: -32
12-10 18:56:06.670  1014  1066 W audio_hw_primary: out_write underrun: -32
12-10 18:56:06.691  1014  1066 W audio_hw_primary: out_write underrun: -32
12-10 18:56:06.704  1020  3953 D SoftFFmpegVideo: drainOneOutputBuffer: frame_width=1280 frame_height=722 buffer_width=1280 buffer_height=722 ctx_width=1280 ctx_height=722 mIsAdaptive=0
12-10 18:56:06.706  1014  1067 D AudioFlinger: mixer(0xf0698e00) throttle end: throttle time(7)
12-10 18:56:06.714  1014  1066 W audio_hw_primary: out_write underrun: -32
12-10 18:56:06.736  1014  1066 W audio_hw_primary: out_write underrun: -32
12-10 18:56:06.737  1020  3953 D SoftFFmpegVideo: drainOneOutputBuffer: frame_width=1280 frame_height=722 buffer_width=1280 buffer_height=722 ctx_width=1280 ctx_height=722 mIsAdaptive=0
12-10 18:56:06.759  1014  1066 W audio_hw_primary: out_write underrun: -32
12-10 18:56:06.762  1020  3953 D SoftFFmpegVideo: drainOneOutputBuffer: frame_width=1280 frame_height=722 buffer_width=1280 buffer_height=722 ctx_width=1280 ctx_height=722 mIsAdaptive=0
12-10 18:56:06.771  1014  1067 D AudioFlinger: mixer(0xf0698e00) throttle end: throttle time(5)
12-10 18:56:06.782  1014  1066 W audio_hw_primary: out_write underrun: -32
12-10 18:56:06.805  1014  1066 W audio_hw_primary: out_write underrun: -32
12-10 18:56:06.827  1014  1066 W audio_hw_primary: out_write underrun: -32
12-10 18:56:06.849  1014  1066 W audio_hw_primary: out_write underrun: -32
12-10 18:56:06.868  1020  3953 D SoftFFmpegVideo: drainOneOutputBuffer: frame_width=1280 frame_height=722 buffer_width=1280 buffer_height=722 ctx_width=1280 ctx_height=722 mIsAdaptive=0
12-10 18:56:06.869  1014  1067 D AudioFlinger: mixer(0xf0698e00) throttle end: throttle time(21)
12-10 18:56:06.871  1014  1066 W audio_hw_primary: out_write underrun: -32
12-10 18:56:06.893  1014  1066 W audio_hw_primary: out_write underrun: -32
12-10 18:56:06.902  1020  3953 D SoftFFmpegVideo: drainOneOutputBuffer: frame_width=1280 frame_height=722 buffer_width=1280 buffer_height=722 ctx_width=1280 ctx_height=722 mIsAdaptive=0
12-10 18:56:06.916  1014  1066 W audio_hw_primary: out_write underrun: -32
12-10 18:56:06.940  1014  1066 W audio_hw_primary: out_write underrun: -32
12-10 18:56:06.949  1020  3953 D SoftFFmpegVideo: drainOneOutputBuffer: frame_width=1280 frame_height=722 buffer_width=1280 buffer_height=722 ctx_width=1280 ctx_height=722 mIsAdaptive=0
12-10 18:56:06.963  1014  1066 W audio_hw_primary: out_write underrun: -32
12-10 18:56:06.967  1014  1067 D AudioFlinger: mixer(0xf0698e00) throttle end: throttle time(25)
12-10 18:56:06.971  1020  3953 D SoftFFmpegVideo: drainOneOutputBuffer: frame_width=1280 frame_height=722 buffer_width=1280 buffer_height=722 ctx_width=1280 ctx_height=722 mIsAdaptive=0
12-10 18:56:06.986  1014  1066 W audio_hw_primary: out_write underrun: -32
12-10 18:56:07.003  1020  3953 D SoftFFmpegVideo: drainOneOutputBuffer: frame_width=1280 frame_height=722 buffer_width=1280 buffer_height=722 ctx_width=1280 ctx_height=722 mIsAdaptive=0
12-10 18:56:07.008  1014  1066 W audio_hw_primary: out_write underrun: -32
12-10 18:56:07.021  1014  1067 D AudioFlinger: mixer(0xf0698e00) throttle end: throttle time(2)
12-10 18:56:07.025  1020  3953 D SoftFFmpegVideo: drainOneOutputBuffer: frame_width=1280 frame_height=722 buffer_width=1280 buffer_height=722 ctx_width=1280 ctx_height=722 mIsAdaptive=0
12-10 18:56:07.030  1014  1066 W audio_hw_primary: out_write underrun: -32
12-10 18:56:07.038  1020  3953 D SoftFFmpegVideo: drainOneOutputBuffer: frame_width=1280 frame_height=722 buffer_width=1280 buffer_height=722 ctx_width=1280 ctx_height=722 mIsAdaptive=0
12-10 18:56:07.049  1020  3953 D SoftFFmpegVideo: drainOneOutputBuffer: frame_width=1280 frame_height=722 buffer_width=1280 buffer_height=722 ctx_width=1280 ctx_height=722 mIsAdaptive=0
12-10 18:56:07.052  1014  1066 W audio_hw_primary: out_write underrun: -32
12-10 18:56:07.067  1020  3953 D SoftFFmpegVideo: drainOneOutputBuffer: frame_width=1280 frame_height=722 buffer_width=1280 buffer_height=722 ctx_width=1280 ctx_height=722 mIsAdaptive=0
12-10 18:56:07.073  1014  1066 W audio_hw_primary: out_write underrun: -32
12-10 18:56:07.075  3711  3711 I BgTaskExecutorImpl: Starting PERIODIC background task FETCH_ADVERTISING_INFO.
12-10 18:56:07.096  1014  1066 W audio_hw_primary: out_write underrun: -32
12-10 18:56:07.118  1014  1066 W audio_hw_primary: out_write underrun: -32
12-10 18:56:07.123  1020  3953 D SoftFFmpegVideo: drainOneOutputBuffer: frame_width=1280 frame_height=722 buffer_width=1280 buffer_height=722 ctx_width=1280 ctx_height=722 mIsAdaptive=0
12-10 18:56:07.140  1014  1066 W audio_hw_primary: out_write underrun: -32
12-10 18:56:07.162  1014  1066 W audio_hw_primary: out_write underrun: -32
12-10 18:56:07.180  1014  1067 D AudioFlinger: mixer(0xf0698e00) throttle end: throttle time(13)
12-10 18:56:07.184  1014  1066 W audio_hw_primary: out_write underrun: -32
12-10 18:56:07.188  1020  3953 D SoftFFmpegVideo: drainOneOutputBuffer: frame_width=1280 frame_height=722 buffer_width=1280 buffer_height=722 ctx_width=1280 ctx_height=722 mIsAdaptive=0
12-10 18:56:07.206  1014  1066 W audio_hw_primary: out_write underrun: -32
12-10 18:56:07.216  1020  3953 D SoftFFmpegVideo: drainOneOutputBuffer: frame_width=1280 frame_height=722 buffer_width=1280 buffer_height=722 ctx_width=1280 ctx_height=722 mIsAdaptive=0
12-10 18:56:07.228  1014  1066 W audio_hw_primary: out_write underrun: -32
12-10 18:56:07.229  1020  3953 D SoftFFmpegVideo: drainOneOutputBuffer: frame_width=1280 frame_height=722 buffer_width=1280 buffer_height=722 ctx_width=1280 ctx_height=722 mIsAdaptive=0
12-10 18:56:07.237  1020  3953 D SoftFFmpegVideo: drainOneOutputBuffer: frame_width=1280 frame_height=722 buffer_width=1280 buffer_height=722 ctx_width=1280 ctx_height=722 mIsAdaptive=0
12-10 18:56:07.252  1014  1066 W audio_hw_primary: out_write underrun: -32
12-10 18:56:07.254  3711  3711 I BgTaskExecutorImpl: Starting PERIODIC background task FETCH_OPT_IN_STATUSES.
12-10 18:56:07.274  1014  1066 W audio_hw_primary: out_write underrun: -32
12-10 18:56:07.283  3711  3867 W SearchServiceCore: Abort, client detached.
12-10 18:56:07.283  3711  3867 W SearchServiceCore: Abort, client detached.
12-10 18:56:07.283  3711  3867 W SearchServiceCore: Abort, client detached.
12-10 18:56:07.283  3711  3867 W SearchServiceCore: Abort, client detached.
12-10 18:56:07.294  1020  3953 D SoftFFmpegVideo: drainOneOutputBuffer: frame_width=1280 frame_height=722 buffer_width=1280 buffer_height=722 ctx_width=1280 ctx_height=722 mIsAdaptive=0
12-10 18:56:07.296  1014  1066 W audio_hw_primary: out_write underrun: -32
12-10 18:56:07.306  1020  3953 D SoftFFmpegVideo: drainOneOutputBuffer: frame_width=1280 frame_height=722 buffer_width=1280 buffer_height=722 ctx_width=1280 ctx_height=722 mIsAdaptive=0
12-10 18:56:07.318  1014  1066 W audio_hw_primary: out_write underrun: -32
12-10 18:56:07.333  3711  3711 I BgTaskExecutorImpl: Starting PERIODIC background task LOG_ATTEMPTED_SEARCHES_TO_KANSAS.
12-10 18:56:07.340  1023  1023 D NuPlayerDriver: stop(0xf35a9980)
12-10 18:56:07.340  1023  1023 D NuPlayerDriver: notifyListener_l(0xf35a9980), (8, 0, 0), loop setting(0, 0)
12-10 18:56:07.341  1023  1023 D NuPlayerDriver: reset(0xf35a9980) at state 8
12-10 18:56:07.341  1014  1066 W audio_hw_primary: out_write underrun: -32
12-10 18:56:07.345  1023  3933 W AMessage: failed to post message as target looper for handler 0 is gone.
12-10 18:56:07.362  1014  1067 D AudioFlinger: mixer(0xf0698e00) throttle end: throttle time(1)
12-10 18:56:07.364  1014  1066 W audio_hw_primary: out_write underrun: -32
12-10 18:56:07.364  1020  3953 D SoftFFmpegVideo: drainOneOutputBuffer: frame_width=1280 frame_height=722 buffer_width=1280 buffer_height=722 ctx_width=1280 ctx_height=722 mIsAdaptive=0
12-10 18:56:07.376  1020  3953 D SoftFFmpegVideo: drainOneOutputBuffer: frame_width=1280 frame_height=722 buffer_width=1280 buffer_height=722 ctx_width=1280 ctx_height=722 mIsAdaptive=0
12-10 18:56:07.379  1020  3953 D SoftFFmpegVideo: 0xefa57d00 deInitDecoder: 0xed97f000
12-10 18:56:07.379  1020  3953 D SoftFFmpegVideo: 0xefa57d00 initDecoder: 0xed97f000
12-10 18:56:07.379  1020  1053 D SoftFFmpegVideo: 0xefa57d00 deInitDecoder: 0xed97f000
12-10 18:56:07.385  1023  3933 W AMessage: failed to post message as target looper for handler 0 is gone.
12-10 18:56:07.385  1014  1066 W audio_hw_primary: out_write underrun: -32
12-10 18:56:07.386  1023  3933 D NuPlayerDriver: notifyResetComplete(0xf35a9980)
12-10 18:56:07.389  3510  3510 W MediaPlayer: mediaplayer went away with unhandled events
12-10 18:56:07.408  1014  1066 W audio_hw_primary: out_write underrun: -32
12-10 18:56:07.430  1014  1066 W audio_hw_primary: out_write underrun: -32
12-10 18:56:07.452  1014  1066 W audio_hw_primary: out_write underrun: -32
12-10 18:56:07.458  3510  3510 D LocalPlayerFragment: Surface destroyed
12-10 18:56:07.460  3510  3510 D AndroidRuntime: Shutting down VM
12-10 18:56:07.467  3510  3510 E AndroidRuntime: FATAL EXCEPTION: main
12-10 18:56:07.467  3510  3510 E AndroidRuntime: Process: se.qxx.android.jukebox, PID: 3510
12-10 18:56:07.467  3510  3510 E AndroidRuntime: java.lang.IllegalStateException
12-10 18:56:07.467  3510  3510 E AndroidRuntime: 	at android.media.MediaPlayer._setVideoSurface(Native Method)
12-10 18:56:07.467  3510  3510 E AndroidRuntime: 	at android.media.MediaPlayer.setDisplay(MediaPlayer.java:723)
12-10 18:56:07.467  3510  3510 E AndroidRuntime: 	at se.qxx.android.jukebox.cast.LocalCastProvider.surfaceDestroyed(LocalCastProvider.java:169)
12-10 18:56:07.467  3510  3510 E AndroidRuntime: 	at se.qxx.android.jukebox.activities.fragments.LocalPlayerFragment$1.surfaceDestroyed(LocalPlayerFragment.java:117)
12-10 18:56:07.467  3510  3510 E AndroidRuntime: 	at android.view.SurfaceView.updateWindow(SurfaceView.java:588)
12-10 18:56:07.467  3510  3510 E AndroidRuntime: 	at android.view.SurfaceView.onWindowVisibilityChanged(SurfaceView.java:247)
12-10 18:56:07.467  3510  3510 E AndroidRuntime: 	at android.view.View.dispatchWindowVisibilityChanged(View.java:10357)
12-10 18:56:07.467  3510  3510 E AndroidRuntime: 	at android.view.ViewGroup.dispatchWindowVisibilityChanged(ViewGroup.java:1290)
12-10 18:56:07.467  3510  3510 E AndroidRuntime: 	at android.view.ViewGroup.dispatchWindowVisibilityChanged(ViewGroup.java:1290)
12-10 18:56:07.467  3510  3510 E AndroidRuntime: 	at android.view.ViewGroup.dispatchWindowVisibilityChanged(ViewGroup.java:1290)
12-10 18:56:07.467  3510  3510 E AndroidRuntime: 	at android.view.ViewGroup.dispatchWindowVisibilityChanged(ViewGroup.java:1290)
12-10 18:56:07.467  3510  3510 E AndroidRuntime: 	at android.view.ViewGroup.dispatchWindowVisibilityChanged(ViewGroup.java:1290)
12-10 18:56:07.467  3510  3510 E AndroidRuntime: 	at android.view.ViewGroup.dispatchWindowVisibilityChanged(ViewGroup.java:1290)
12-10 18:56:07.467  3510  3510 E AndroidRuntime: 	at android.view.ViewGroup.dispatchWindowVisibilityChanged(ViewGroup.java:1290)
12-10 18:56:07.467  3510  3510 E AndroidRuntime: 	at android.view.ViewGroup.dispatchWindowVisibilityChanged(ViewGroup.java:1290)
12-10 18:56:07.467  3510  3510 E AndroidRuntime: 	at android.view.ViewGroup.dispatchWindowVisibilityChanged(ViewGroup.java:1290)
12-10 18:56:07.467  3510  3510 E AndroidRuntime: 	at android.view.ViewRootImpl.performTraversals(ViewRootImpl.java:1544)
12-10 18:56:07.467  3510  3510 E AndroidRuntime: 	at android.view.ViewRootImpl.doTraversal(ViewRootImpl.java:1254)
12-10 18:56:07.467  3510  3510 E AndroidRuntime: 	at android.view.ViewRootImpl$TraversalRunnable.run(ViewRootImpl.java:6338)
12-10 18:56:07.467  3510  3510 E AndroidRuntime: 	at android.view.Choreographer$CallbackRecord.run(Choreographer.java:874)
12-10 18:56:07.467  3510  3510 E AndroidRuntime: 	at android.view.Choreographer.doCallbacks(Choreographer.java:686)
12-10 18:56:07.467  3510  3510 E AndroidRuntime: 	at android.view.Choreographer.doFrame(Choreographer.java:621)
12-10 18:56:07.467  3510  3510 E AndroidRuntime: 	at android.view.Choreographer$FrameDisplayEventReceiver.run(Choreographer.java:860)
12-10 18:56:07.467  3510  3510 E AndroidRuntime: 	at android.os.Handler.handleCallback(Handler.java:751)
12-10 18:56:07.467  3510  3510 E AndroidRuntime: 	at android.os.Handler.dispatchMessage(Handler.java:95)
12-10 18:56:07.467  3510  3510 E AndroidRuntime: 	at android.os.Looper.loop(Looper.java:154)
12-10 18:56:07.467  3510  3510 E AndroidRuntime: 	at android.app.ActivityThread.main(ActivityThread.java:6121)
12-10 18:56:07.467  3510  3510 E AndroidRuntime: 	at java.lang.reflect.Method.invoke(Native Method)
12-10 18:56:07.467  3510  3510 E AndroidRuntime: 	at com.android.internal.os.ZygoteInit$MethodAndArgsCaller.run(ZygoteInit.java:890)
12-10 18:56:07.467  3510  3510 E AndroidRuntime: 	at com.android.internal.os.ZygoteInit.main(ZygoteInit.java:780)
12-10 18:56:07.475  1014  1066 W audio_hw_primary: out_write underrun: -32
12-10 18:56:07.497  1014  1066 W audio_hw_primary: out_write underrun: -32
12-10 18:56:07.520  1014  1066 W audio_hw_primary: out_write underrun: -32
12-10 18:56:07.542  1014  1066 W audio_hw_primary: out_write underrun: -32
12-10 18:56:07.564  1014  1066 W audio_hw_primary: out_write underrun: -32
12-10 18:56:07.586  1014  1066 W audio_hw_primary: out_write underrun: -32
12-10 18:56:07.608  1014  1066 W audio_hw_primary: out_write underrun: -32
12-10 18:56:07.633  1014  1066 W audio_hw_primary: out_write underrun: -32
12-10 18:56:07.655  1014  1066 W audio_hw_primary: out_write underrun: -32
12-10 18:56:07.677  1014  1066 W audio_hw_primary: out_write underrun: -32
12-10 18:56:07.699  1014  1066 W audio_hw_primary: out_write underrun: -32
12-10 18:56:07.722  1014  1066 W audio_hw_primary: out_write underrun: -32
12-10 18:56:07.744  1014  1066 W audio_hw_primary: out_write underrun: -32
12-10 18:56:07.767  1014  1066 W audio_hw_primary: out_write underrun: -32
12-10 18:56:07.789  1014  1066 W audio_hw_primary: out_write underrun: -32
12-10 18:56:07.812  1014  1066 W audio_hw_primary: out_write underrun: -32
12-10 18:56:07.819  1262  3284 W ActivityManager:   Force finishing activity se.qxx.android.jukebox/.activities.MovieDetailActivity
12-10 18:56:07.832  3711  3722 W art     : Suspending all threads took: 292.964ms
12-10 18:56:07.833  1014  1066 W audio_hw_primary: out_write underrun: -32
12-10 18:56:07.855  1014  1066 W audio_hw_primary: out_write underrun: -32
12-10 18:56:07.877  1014  1066 W audio_hw_primary: out_write underrun: -32
12-10 18:56:07.899  1014  1066 W audio_hw_primary: out_write underrun: -32
12-10 18:56:07.917  1008  1008 I Binder:1008_5: type=1400 audit(0.0:528): avc: denied { write } for path="socket:[47507]" dev="sockfs" ino=47507 scontext=u:r:system_server:s0 tcontext=u:r:init:s0 tclass=unix_stream_socket permissive=1
12-10 18:56:07.921  1014  1066 W audio_hw_primary: out_write underrun: -32
12-10 18:56:07.944  1014  1066 W audio_hw_primary: out_write underrun: -32
12-10 18:56:07.967  1014  1066 W audio_hw_primary: out_write underrun: -32
12-10 18:56:07.972  1262  3965 I chatty  : uid=1000(system) RenderThread expire 2 lines
12-10 18:56:07.989  1014  1066 W audio_hw_primary: out_write underrun: -32
12-10 18:56:08.012  1014  1066 W audio_hw_primary: out_write underrun: -32
12-10 18:56:08.035  1014  1066 W audio_hw_primary: out_write underrun: -32
12-10 18:56:08.057  1014  1066 W audio_hw_primary: out_write underrun: -32
12-10 18:56:08.080  1014  1066 W audio_hw_primary: out_write underrun: -32
12-10 18:56:08.103  1014  1066 W audio_hw_primary: out_write underrun: -32
12-10 18:56:08.125  1014  1066 W audio_hw_primary: out_write underrun: -32
12-10 18:56:08.132  3711  3876 W art     : Long monitor contention with owner NonUserFacing1 (3827) at void com.google.android.apps.gsa.h.a.a(com.google.android.apps.gsa.h.e)(SourceFile:17) waiters=1 in void com.google.android.apps.gsa.h.a.a(com.google.android.apps.gsa.h.e) for 829ms
12-10 18:56:08.138  3711  3834 W art     : Long monitor contention with owner NonUserFacing1 (3827) at void com.google.android.apps.gsa.h.a.a(com.google.android.apps.gsa.h.e)(SourceFile:17) waiters=2 in void com.google.android.apps.gsa.h.a.a(com.google.android.apps.gsa.h.e) for 782ms
12-10 18:56:08.148  1014  1066 W audio_hw_primary: out_write underrun: -32
12-10 18:56:08.171  1014  1066 W audio_hw_primary: out_write underrun: -32
12-10 18:56:08.175  1262  3929 I ActivityManager: Process com.android.keychain (pid 3681) has died
12-10 18:56:08.175  1262  3929 D ActivityManager: cleanUpApplicationRecord -- 3681
12-10 18:56:08.192  1014  1066 W audio_hw_primary: out_write underrun: -32
12-10 18:56:08.215  1014  1066 W audio_hw_primary: out_write underrun: -32
12-10 18:56:08.237  1014  1066 W audio_hw_primary: out_write underrun: -32
12-10 18:56:08.259  1014  1066 W audio_hw_primary: out_write underrun: -32
12-10 18:56:08.283  1014  1066 W audio_hw_primary: out_write underrun: -32
12-10 18:56:08.306  1014  1066 W audio_hw_primary: out_write underrun: -32
12-10 18:56:08.324  1262  1289 W ActivityManager: Activity pause timeout for ActivityRecord{a6adcb3 u0 se.qxx.android.jukebox/.activities.MovieDetailActivity t135 f}
12-10 18:56:08.328  1014  1066 W audio_hw_primary: out_write underrun: -32
12-10 18:56:08.350  1014  1066 W audio_hw_primary: out_write underrun: -32
12-10 18:56:08.373  1014  1066 W audio_hw_primary: out_write underrun: -32
12-10 18:56:08.382  3711  3711 I BgTaskExecutorImpl: Starting PERIODIC background task MDH_FORCED_SYNC.
12-10 18:56:08.396  1014  1066 W audio_hw_primary: out_write underrun: -32
12-10 18:56:08.417  1014  1066 W audio_hw_primary: out_write underrun: -32
12-10 18:56:08.440  1014  1066 W audio_hw_primary: out_write underrun: -32
12-10 18:56:08.462  1014  1066 W audio_hw_primary: out_write underrun: -32
12-10 18:56:08.470  3711  3867 W SearchServiceCore: Abort, client detached.
12-10 18:56:08.470  3711  3867 W SearchServiceCore: Abort, client detached.
12-10 18:56:08.470  3711  3867 W SearchServiceCore: Abort, client detached.
12-10 18:56:08.470  3711  3867 W SearchServiceCore: Abort, client detached.
12-10 18:56:08.470  3711  3867 W SearchServiceCore: Abort, client detached.
12-10 18:56:08.484  1014  1066 W audio_hw_primary: out_write underrun: -32
12-10 18:56:08.506  1014  1066 W audio_hw_primary: out_write underrun: -32
12-10 18:56:08.528  1014  1066 W audio_hw_primary: out_write underrun: -32
12-10 18:56:08.551  1014  1066 W audio_hw_primary: out_write underrun: -32
12-10 18:56:08.573  1014  1066 W audio_hw_primary: out_write underrun: -32
12-10 18:56:08.583  3711  3711 I BgTaskExecutorImpl: Starting PERIODIC background task MDH_WIPEOUT.
12-10 18:56:08.595  1014  1066 W audio_hw_primary: out_write underrun: -32
12-10 18:56:08.617  1014  1066 W audio_hw_primary: out_write underrun: -32
12-10 18:56:08.639  1014  1066 W audio_hw_primary: out_write underrun: -32
12-10 18:56:08.661  1014  1066 W audio_hw_primary: out_write underrun: -32
12-10 18:56:08.683  1014  1066 W audio_hw_primary: out_write underrun: -32
12-10 18:56:08.705  1014  1066 W audio_hw_primary: out_write underrun: -32
12-10 18:56:08.727  1014  1066 W audio_hw_primary: out_write underrun: -32
12-10 18:56:08.749  1014  1066 W audio_hw_primary: out_write underrun: -32
12-10 18:56:08.771  1014  1066 W audio_hw_primary: out_write underrun: -32
12-10 18:56:08.793  1014  1066 W audio_hw_primary: out_write underrun: -32
12-10 18:56:08.816  1014  1066 W audio_hw_primary: out_write underrun: -32
12-10 18:56:08.839  1014  1066 W audio_hw_primary: out_write underrun: -32
12-10 18:56:08.861  1014  1066 W audio_hw_primary: out_write underrun: -32
12-10 18:56:08.885  1014  1066 W audio_hw_primary: out_write underrun: -32
12-10 18:56:08.888  3711  3867 W SearchServiceCore: Abort, client detached.
12-10 18:56:08.888  3711  3867 W SearchServiceCore: Abort, client detached.
12-10 18:56:08.888  3711  3867 W SearchServiceCore: Abort, client detached.
12-10 18:56:08.888  3711  3867 W SearchServiceCore: Abort, client detached.
12-10 18:56:08.888  3711  3867 W SearchServiceCore: Abort, client detached.
12-10 18:56:08.907  1014  1066 W audio_hw_primary: out_write underrun: -32
12-10 18:56:08.929  1014  1066 W audio_hw_primary: out_write underrun: -32
12-10 18:56:08.930  3711  3888 W art     : Long monitor contention with owner NonUserFacing1 (3827) at void com.google.android.apps.gsa.h.a.a(com.google.android.apps.gsa.h.e)(SourceFile:17) waiters=3 in void com.google.android.apps.gsa.h.a.a(com.google.android.apps.gsa.h.e) for 360ms
12-10 18:56:08.938  3711  3876 W art     : Long monitor contention with owner NonUserFacing1 (3827) at void com.google.android.apps.gsa.h.a.a(com.google.android.apps.gsa.h.e)(SourceFile:17) waiters=4 in void com.google.android.apps.gsa.h.a.a(com.google.android.apps.gsa.h.e) for 366ms
12-10 18:56:08.951  1014  1066 W audio_hw_primary: out_write underrun: -32
12-10 18:56:08.974  1014  1066 W audio_hw_primary: out_write underrun: -32
12-10 18:56:08.997  1014  1066 W audio_hw_primary: out_write underrun: -32
12-10 18:56:09.019  3711  3711 I BgTaskExecutorImpl: Starting PERIODIC background task REFRESH_AUTH_TOKENS.
12-10 18:56:09.019  1014  1066 W audio_hw_primary: out_write underrun: -32
12-10 18:56:09.042  1014  1066 W audio_hw_primary: out_write underrun: -32
12-10 18:56:09.064  1014  1066 W audio_hw_primary: out_write underrun: -32
12-10 18:56:09.087  1014  1066 W audio_hw_primary: out_write underrun: -32
12-10 18:56:09.110  1014  1066 W audio_hw_primary: out_write underrun: -32
12-10 18:56:09.132  1014  1066 W audio_hw_primary: out_write underrun: -32
12-10 18:56:09.155  1014  1066 W audio_hw_primary: out_write underrun: -32
12-10 18:56:09.178  1014  1066 W audio_hw_primary: out_write underrun: -32
12-10 18:56:09.201  1014  1066 W audio_hw_primary: out_write underrun: -32
12-10 18:56:09.223  1014  1066 W audio_hw_primary: out_write underrun: -32
12-10 18:56:09.245  1014  1066 W audio_hw_primary: out_write underrun: -32
12-10 18:56:09.255  1918  1918 W ChimeraUtils: Non Chimera context
12-10 18:56:09.268  1014  1066 W audio_hw_primary: out_write underrun: -32
12-10 18:56:09.290  1014  1066 W audio_hw_primary: out_write underrun: -32
12-10 18:56:09.313  1014  1066 W audio_hw_primary: out_write underrun: -32
12-10 18:56:09.321  1262  1262 I chatty  : uid=1000 system_server expire 3 lines
12-10 18:56:09.335  1014  1066 W audio_hw_primary: out_write underrun: -32
12-10 18:56:09.357  1014  1066 W audio_hw_primary: out_write underrun: -32
12-10 18:56:09.381  1014  1066 W audio_hw_primary: out_write underrun: -32
12-10 18:56:09.404  1014  1066 W audio_hw_primary: out_write underrun: -32
12-10 18:56:09.426  1014  1066 W audio_hw_primary: out_write underrun: -32
12-10 18:56:09.448  1014  1066 W audio_hw_primary: out_write underrun: -32
12-10 18:56:09.470  1014  1066 W audio_hw_primary: out_write underrun: -32
12-10 18:56:09.492  1014  1066 W audio_hw_primary: out_write underrun: -32
12-10 18:56:09.515  1014  1066 W audio_hw_primary: out_write underrun: -32
12-10 18:56:09.537  1014  1066 W audio_hw_primary: out_write underrun: -32
12-10 18:56:09.540  3711  3867 W SearchServiceCore: Abort, client detached.
12-10 18:56:09.540  3711  3867 W SearchServiceCore: Abort, client detached.
12-10 18:56:09.540  3711  3867 W SearchServiceCore: Abort, client detached.
12-10 18:56:09.540  3711  3867 W SearchServiceCore: Abort, client detached.
12-10 18:56:09.540  3711  3867 W SearchServiceCore: Abort, client detached.
12-10 18:56:09.560  1014  1066 W audio_hw_primary: out_write underrun: -32
12-10 18:56:09.582  1014  1066 W audio_hw_primary: out_write underrun: -32
12-10 18:56:09.604  1014  1066 W audio_hw_primary: out_write underrun: -32
12-10 18:56:09.627  1014  1066 W audio_hw_primary: out_write underrun: -32
12-10 18:56:09.648  1014  1066 W audio_hw_primary: out_write underrun: -32
