12-10 18:55:59.419  1014  1067 D AudioFlinger: mixer(0xf0698e00) throttle end: throttle time(1)
12-10 18:55:59.429  1014  1066 W audio_hw_primary: out_write underrun: -32
12-10 18:55:59.440  1014  1067 D AudioFlinger: mixer(0xf0698e00) throttle end: throttle time(1)
12-10 18:55:59.451  1014  1066 W audio_hw_primary: out_write underrun: -32
12-10 18:55:59.472  1014  1066 W audio_hw_primary: out_write underrun: -32
12-10 18:55:59.495  1014  1066 W audio_hw_primary: out_write underrun: -32
12-10 18:55:59.520  1014  1066 W audio_hw_primary: out_write underrun: -32
12-10 18:55:59.534  1023  3933 D NuPlayerDriver: notifyListener_l(0xf35a9980), (3, 1, 0), loop setting(0, 0)
12-10 18:55:59.542  1014  1066 W audio_hw_primary: out_write underrun: -32
12-10 18:55:59.570  1014  1066 W audio_hw_primary: out_write underrun: -32
12-10 18:55:59.583  1014  1067 D AudioFlinger: mixer(0xf0698e00) throttle end: throttle time(23)
12-10 18:55:59.594  1014  1066 W audio_hw_primary: out_write underrun: -32
12-10 18:55:59.616  1014  1066 W audio_hw_primary: out_write underrun: -32
12-10 18:55:59.624  1014  1067 D AudioFlinger: mixer(0xf0698e00) throttle end: throttle time(2)
12-10 18:55:59.638  1014  1066 W audio_hw_primary: out_write underrun: -32
12-10 18:55:59.661  1014  1066 W audio_hw_primary: out_write underrun: -32
12-10 18:55:59.683  1014  1066 W audio_hw_primary: out_write underrun: -32
12-10 18:55:59.705  1014  1066 W audio_hw_primary: out_write underrun: -32
12-10 18:55:59.727  1014  1066 W audio_hw_primary: out_write underrun: -32
12-10 18:55:59.749  1014  1066 W audio_hw_primary: out_write underrun: -32
12-10 18:55:59.771  1014  1066 W audio_hw_primary: out_write underrun: -32
12-10 18:55:59.793  1014  1066 W audio_hw_primary: out_write underrun: -32
12-10 18:55:59.815  1014  1066 W audio_hw_primary: out_write underrun: -32
12-10 18:55:59.816  1014  1067 D AudioFlinger: mixer(0xf0698e00) throttle end: throttle time(8)
12-10 18:55:59.838  1014  1066 W audio_hw_primary: out_write underrun: -32
12-10 18:55:59.851  1014  1067 D AudioFlinger: mixer(0xf0698e00) throttle end: throttle time(1)
12-10 18:55:59.861  1014  1066 W audio_hw_primary: out_write underrun: -32
12-10 18:55:59.884  1014  1066 W audio_hw_primary: out_write underrun: -32
12-10 18:55:59.906  1014  1066 W audio_hw_primary: out_write underrun: -32
12-10 18:55:59.928  1014  1066 W audio_hw_primary: out_write underrun: -32
12-10 18:55:59.951  1014  1066 W audio_hw_primary: out_write underrun: -32
12-10 18:55:59.966  1014  1067 D AudioFlinger: mixer(0xf0698e00) throttle end: throttle time(2)
12-10 18:55:59.973  1014  1066 W audio_hw_primary: out_write underrun: -32
12-10 18:55:59.996  1014  1066 W audio_hw_primary: out_write underrun: -32
12-10 18:56:00.018  1014  1066 W audio_hw_primary: out_write underrun: -32
12-10 18:56:00.039  1014  1066 W audio_hw_primary: out_write underrun: -32
12-10 18:56:00.058  1014  1067 D AudioFlinger: mixer(0xf0698e00) throttle end: throttle time(4)
12-10 18:56:00.061  1014  1066 W audio_hw_primary: out_write underrun: -32
12-10 18:56:00.083  1014  1066 W audio_hw_primary: out_write underrun: -32
12-10 18:56:00.108  1014  1066 W audio_hw_primary: out_write underrun: -32
12-10 18:56:00.131  1014  1066 W audio_hw_primary: out_write underrun: -32
12-10 18:56:00.153  1014  1066 W audio_hw_primary: out_write underrun: -32
12-10 18:56:00.174  1014  1066 W audio_hw_primary: out_write underrun: -32
12-10 18:56:00.196  1014  1066 W audio_hw_primary: out_write underrun: -32
12-10 18:56:00.219  1014  1066 W audio_hw_primary: out_write underrun: -32
12-10 18:56:00.224  1023  3935 I NuCachedSource2: Cache full, done prefetching for now
12-10 18:56:00.235  1014  1067 D AudioFlinger: mixer(0xf0698e00) throttle end: throttle time(80)
12-10 18:56:00.241  1014  1066 W audio_hw_primary: out_write underrun: -32
12-10 18:56:00.265  1014  1066 W audio_hw_primary: out_write underrun: -32
12-10 18:56:00.287  1014  1066 W audio_hw_primary: out_write underrun: -32
12-10 18:56:00.310  1014  1066 W audio_hw_primary: out_write underrun: -32
12-10 18:56:00.331  1014  1067 D AudioFlinger: mixer(0xf0698e00) throttle end: throttle time(2)
12-10 18:56:00.332  1014  1066 W audio_hw_primary: out_write underrun: -32
12-10 18:56:00.355  1014  1066 W audio_hw_primary: out_write underrun: -32
12-10 18:56:00.377  1014  1066 W audio_hw_primary: out_write underrun: -32
12-10 18:56:00.400  1014  1066 W audio_hw_primary: out_write underrun: -32
12-10 18:56:00.425  1014  1066 W audio_hw_primary: out_write underrun: -32
12-10 18:56:00.431  1014  1067 D AudioFlinger: mixer(0xf0698e00) throttle end: throttle time(6)
12-10 18:56:00.452  1014  1066 W audio_hw_primary: out_write underrun: -32
12-10 18:56:00.453  1014  1067 D AudioFlinger: mixer(0xf0698e00) throttle end: throttle time(4)
12-10 18:56:00.475  1014  1066 W audio_hw_primary: out_write underrun: -32
12-10 18:56:00.490  1014  1067 D AudioFlinger: mixer(0xf0698e00) throttle end: throttle time(10)
12-10 18:56:00.498  1014  1066 W audio_hw_primary: out_write underrun: -32
12-10 18:56:00.521  1014  1066 W audio_hw_primary: out_write underrun: -32
12-10 18:56:00.534  1023  3933 D NuPlayerDriver: notifyListener_l(0xf35a9980), (3, 2, 0), loop setting(0, 0)
12-10 18:56:00.543  1014  1066 W audio_hw_primary: out_write underrun: -32
12-10 18:56:00.566  1014  1066 W audio_hw_primary: out_write underrun: -32
12-10 18:56:00.589  1014  1066 W audio_hw_primary: out_write underrun: -32
12-10 18:56:00.608  1014  1067 D AudioFlinger: mixer(0xf0698e00) throttle end: throttle time(3)
12-10 18:56:00.611  1014  1066 W audio_hw_primary: out_write underrun: -32
12-10 18:56:00.631  1020  3953 D SoftFFmpegVideo: drainOneOutputBuffer: frame_width=1280 frame_height=722 buffer_width=1280 buffer_height=722 ctx_width=1280 ctx_height=722 mIsAdaptive=0
12-10 18:56:00.633  1014  1066 W audio_hw_primary: out_write underrun: -32
12-10 18:56:00.648  1020  3953 D SoftFFmpegVideo: drainOneOutputBuffer: frame_width=1280 frame_height=722 buffer_width=1280 buffer_height=722 ctx_width=1280 ctx_height=722 mIsAdaptive=0
12-10 18:56:00.656  1014  1066 W audio_hw_primary: out_write underrun: -32
12-10 18:56:00.670  1020  3953 D SoftFFmpegVideo: drainOneOutputBuffer: frame_width=1280 frame_height=722 buffer_width=1280 buffer_height=722 ctx_width=1280 ctx_height=722 mIsAdaptive=0
12-10 18:56:00.678  1014  1066 W audio_hw_primary: out_write underrun: -32
12-10 18:56:00.691  1020  3953 D SoftFFmpegVideo: drainOneOutputBuffer: frame_width=1280 frame_height=722 buffer_width=1280 buffer_height=722 ctx_width=1280 ctx_height=722 mIsAdaptive=0
12-10 18:56:00.701  1014  1066 W audio_hw_primary: out_write underrun: -32
12-10 18:56:00.708  1020  3953 D SoftFFmpegVideo: drainOneOutputBuffer: frame_width=1280 frame_height=722 buffer_width=1280 buffer_height=722 ctx_width=1280 ctx_height=722 mIsAdaptive=0
12-10 18:56:00.724  1014  1066 W audio_hw_primary: out_write underrun: -32
12-10 18:56:00.724  1020  3953 D SoftFFmpegVideo: drainOneOutputBuffer: frame_width=1280 frame_height=722 buffer_width=1280 buffer_height=722 ctx_width=1280 ctx_height=722 mIsAdaptive=0
12-10 18:56:00.742  1020  3953 D SoftFFmpegVideo: drainOneOutputBuffer: frame_width=1280 frame_height=722 buffer_width=1280 buffer_height=722 ctx_width=1280 ctx_height=722 mIsAdaptive=0
12-10 18:56:00.746  1014  1066 W audio_hw_primary: out_write underrun: -32
12-10 18:56:00.752  1020  3953 D SoftFFmpegVideo: drainOneOutputBuffer: frame_width=1280 frame_height=722 buffer_width=1280 buffer_height=722 ctx_width=1280 ctx_height=722 mIsAdaptive=0
12-10 18:56:00.766  1020  3953 D SoftFFmpegVideo: drainOneOutputBuffer: frame_width=1280 frame_height=722 buffer_width=1280 buffer_height=722 ctx_width=1280 ctx_height=722 mIsAdaptive=0
12-10 18:56:00.769  1014  1066 W audio_hw_primary: out_write underrun: -32
12-10 18:56:00.777  1020  3953 D SoftFFmpegVideo: drainOneOutputBuffer: frame_width=1280 frame_height=722 buffer_width=1280 buffer_height=722 ctx_width=1280 ctx_height=722 mIsAdaptive=0
12-10 18:56:00.791  1014  1066 W audio_hw_primary: out_write underrun: -32
12-10 18:56:00.794  1020  3953 D SoftFFmpegVideo: drainOneOutputBuffer: frame_width=1280 frame_height=722 buffer_width=1280 buffer_height=722 ctx_width=1280 ctx_height=722 mIsAdaptive=0
12-10 18:56:00.813  1014  1066 W audio_hw_primary: out_write underrun: -32
12-10 18:56:00.814  1020  3953 D SoftFFmpegVideo: drainOneOutputBuffer: frame_width=1280 frame_height=722 buffer_width=1280 buffer_height=722 ctx_width=1280 ctx_height=722 mIsAdaptive=0
12-10 18:56:00.828  1020  3953 D SoftFFmpegVideo: drainOneOutputBuffer: frame_width=1280 frame_height=722 buffer_width=1280 buffer_height=722 ctx_width=1280 ctx_height=722 mIsAdaptive=0
12-10 18:56:00.832  1014  1067 D AudioFlinger: mixer(0xf0698e00) throttle end: throttle time(4)
12-10 18:56:00.835  1014  1066 W audio_hw_primary: out_write underrun: -32
12-10 18:56:00.840  1020  3953 D SoftFFmpegVideo: drainOneOutputBuffer: frame_width=1280 frame_height=722 buffer_width=1280 buffer_height=722 ctx_width=1280 ctx_height=722 mIsAdaptive=0
12-10 18:56:00.855  1020  3953 D SoftFFmpegVideo: drainOneOutputBuffer: frame_width=1280 frame_height=722 buffer_width=1280 buffer_height=722 ctx_width=1280 ctx_height=722 mIsAdaptive=0
12-10 18:56:00.857  1014  1066 W audio_hw_primary: out_write underrun: -32
12-10 18:56:00.863  1020  3953 D SoftFFmpegVideo: drainOneOutputBuffer: frame_width=1280 frame_height=722 buffer_width=1280 buffer_height=722 ctx_width=1280 ctx_height=722 mIsAdaptive=0
12-10 18:56:00.879  1020  3953 D SoftFFmpegVideo: drainOneOutputBuffer: frame_width=1280 frame_height=722 buffer_width=1280 buffer_height=722 ctx_width=1280 ctx_height=722 mIsAdaptive=0
12-10 18:56:00.880  1014  1066 W audio_hw_primary: out_write underrun: -32
12-10 18:56:00.895  1020  3953 D SoftFFmpegVideo: drainOneOutputBuffer: frame_width=1280 frame_height=722 buffer_width=1280 buffer_height=722 ctx_width=1280 ctx_height=722 mIsAdaptive=0
12-10 18:56:00.903  1014  1066 W audio_hw_primary: out_write underrun: -32
12-10 18:56:00.919  1020  3953 D SoftFFmpegVideo: drainOneOutputBuffer: frame_width=1280 frame_height=722 buffer_width=1280 buffer_height=722 ctx_width=1280 ctx_height=722 mIsAdaptive=0
12-10 18:56:00.927  1014  1066 W audio_hw_primary: out_write underrun: -32
12-10 18:56:00.935  1020  3953 D SoftFFmpegVideo: drainOneOutputBuffer: frame_width=1280 frame_height=722 buffer_width=1280 buffer_height=722 ctx_width=1280 ctx_height=722 mIsAdaptive=0
12-10 18:56:00.949  1014  1066 W audio_hw_primary: out_write underrun: -32
12-10 18:56:00.953  1020  3953 D SoftFFmpegVideo: drainOneOutputBuffer: frame_width=1280 frame_height=722 buffer_width=1280 buffer_height=722 ctx_width=1280 ctx_height=722 mIsAdaptive=0
12-10 18:56:00.975  1014  1066 W audio_hw_primary: out_write underrun: -32
12-10 18:56:00.983  1020  3953 D SoftFFmpegVideo: drainOneOutputBuffer: frame_width=1280 frame_height=722 buffer_width=1280 buffer_height=722 ctx_width=1280 ctx_height=722 mIsAdaptive=0
12-10 18:56:00.988  2264  2284 I Finsky  : [120] com.google.android.finsky.bo.an.run(6): Stats for Executor: BlockingExecutor com.google.android.finsky.bo.ao@35dedd7[Running, pool size = 0, active threads = 0, queued tasks = 0, completed tasks = 9]
12-10 18:56:00.988  2264  2284 I Finsky  : [120] com.google.android.finsky.bo.an.run(6): Stats for Executor: LightweightExecutor com.google.android.finsky.bo.ao@8bff6c4[Running, pool size = 2, active threads = 0, queued tasks = 0, completed tasks = 55]
12-10 18:56:00.997  1014  1066 W audio_hw_primary: out_write underrun: -32
12-10 18:56:01.003  1020  3953 D SoftFFmpegVideo: drainOneOutputBuffer: frame_width=1280 frame_height=722 buffer_width=1280 buffer_height=722 ctx_width=1280 ctx_height=722 mIsAdaptive=0
12-10 18:56:01.014  1014  1067 D AudioFlinger: mixer(0xf0698e00) throttle end: throttle time(13)
12-10 18:56:01.019  1020  3953 D SoftFFmpegVideo: drainOneOutputBuffer: frame_width=1280 frame_height=722 buffer_width=1280 buffer_height=722 ctx_width=1280 ctx_height=722 mIsAdaptive=0
12-10 18:56:01.021  1014  1066 W audio_hw_primary: out_write underrun: -32
12-10 18:56:01.026  1020  3953 D SoftFFmpegVideo: drainOneOutputBuffer: frame_width=1280 frame_height=722 buffer_width=1280 buffer_height=722 ctx_width=1280 ctx_height=722 mIsAdaptive=0
12-10 18:56:01.043  1014  1066 W audio_hw_primary: out_write underrun: -32
12-10 18:56:01.045  1020  3953 D SoftFFmpegVideo: drainOneOutputBuffer: frame_width=1280 frame_height=722 buffer_width=1280 buffer_height=722 ctx_width=1280 ctx_height=722 mIsAdaptive=0
12-10 18:56:01.066  1014  1066 W audio_hw_primary: out_write underrun: -32
12-10 18:56:01.073  1020  3953 D SoftFFmpegVideo: drainOneOutputBuffer: frame_width=1280 frame_height=722 buffer_width=1280 buffer_height=722 ctx_width=1280 ctx_height=722 mIsAdaptive=0
12-10 18:56:01.078  1014  1067 D AudioFlinger: mixer(0xf0698e00) throttle end: throttle time(2)
12-10 18:56:01.081  1020  3953 D SoftFFmpegVideo: drainOneOutputBuffer: frame_width=1280 frame_height=722 buffer_width=1280 buffer_height=722 ctx_width=1280 ctx_height=722 mIsAdaptive=0
12-10 18:56:01.088  1014  1066 W audio_hw_primary: out_write underrun: -32
12-10 18:56:01.095  1020  3953 D SoftFFmpegVideo: drainOneOutputBuffer: frame_width=1280 frame_height=722 buffer_width=1280 buffer_height=722 ctx_width=1280 ctx_height=722 mIsAdaptive=0
12-10 18:56:01.107  1020  3953 D SoftFFmpegVideo: drainOneOutputBuffer: frame_width=1280 frame_height=722 buffer_width=1280 buffer_height=722 ctx_width=1280 ctx_height=722 mIsAdaptive=0
12-10 18:56:01.110  1014  1066 W audio_hw_primary: out_write underrun: -32
12-10 18:56:01.120  1020  3953 D SoftFFmpegVideo: drainOneOutputBuffer: frame_width=1280 frame_height=722 buffer_width=1280 buffer_height=722 ctx_width=1280 ctx_height=722 mIsAdaptive=0
12-10 18:56:01.132  1020  3953 D SoftFFmpegVideo: drainOneOutputBuffer: frame_width=1280 frame_height=722 buffer_width=1280 buffer_height=722 ctx_width=1280 ctx_height=722 mIsAdaptive=0
12-10 18:56:01.133  1014  1066 W audio_hw_primary: out_write underrun: -32
12-10 18:56:01.153  1014  1067 D AudioFlinger: mixer(0xf0698e00) throttle end: throttle time(6)
12-10 18:56:01.155  1014  1066 W audio_hw_primary: out_write underrun: -32
12-10 18:56:01.156  1020  3953 D SoftFFmpegVideo: drainOneOutputBuffer: frame_width=1280 frame_height=722 buffer_width=1280 buffer_height=722 ctx_width=1280 ctx_height=722 mIsAdaptive=0
12-10 18:56:01.177  1020  3953 D SoftFFmpegVideo: drainOneOutputBuffer: frame_width=1280 frame_height=722 buffer_width=1280 buffer_height=722 ctx_width=1280 ctx_height=722 mIsAdaptive=0
12-10 18:56:01.179  1014  1066 W audio_hw_primary: out_write underrun: -32
12-10 18:56:01.197  1020  3953 D SoftFFmpegVideo: drainOneOutputBuffer: frame_width=1280 frame_height=722 buffer_width=1280 buffer_height=722 ctx_width=1280 ctx_height=722 mIsAdaptive=0
12-10 18:56:01.201  1014  1066 W audio_hw_primary: out_write underrun: -32
12-10 18:56:01.219  1020  3953 D SoftFFmpegVideo: drainOneOutputBuffer: frame_width=1280 frame_height=722 buffer_width=1280 buffer_height=722 ctx_width=1280 ctx_height=722 mIsAdaptive=0
12-10 18:56:01.224  1014  1066 W audio_hw_primary: out_write underrun: -32
12-10 18:56:01.230  1014  1067 D AudioFlinger: mixer(0xf0698e00) throttle end: throttle time(2)
12-10 18:56:01.246  1014  1066 W audio_hw_primary: out_write underrun: -32
12-10 18:56:01.269  1014  1066 W audio_hw_primary: out_write underrun: -32
12-10 18:56:01.274  1014  1067 D AudioFlinger: mixer(0xf0698e00) throttle end: throttle time(9)
12-10 18:56:01.291  1014  1066 W audio_hw_primary: out_write underrun: -32
12-10 18:56:01.297  1020  3953 D SoftFFmpegVideo: drainOneOutputBuffer: frame_width=1280 frame_height=722 buffer_width=1280 buffer_height=722 ctx_width=1280 ctx_height=722 mIsAdaptive=0
12-10 18:56:01.308  1014  1067 D AudioFlinger: mixer(0xf0698e00) throttle end: throttle time(8)
12-10 18:56:01.313  1014  1066 W audio_hw_primary: out_write underrun: -32
12-10 18:56:01.335  1014  1066 W audio_hw_primary: out_write underrun: -32
12-10 18:56:01.341  1020  3953 D SoftFFmpegVideo: drainOneOutputBuffer: frame_width=1280 frame_height=722 buffer_width=1280 buffer_height=722 ctx_width=1280 ctx_height=722 mIsAdaptive=0
12-10 18:56:01.357  1020  3953 D SoftFFmpegVideo: drainOneOutputBuffer: frame_width=1280 frame_height=722 buffer_width=1280 buffer_height=722 ctx_width=1280 ctx_height=722 mIsAdaptive=0
12-10 18:56:01.358  1014  1066 W audio_hw_primary: out_write underrun: -32
12-10 18:56:01.371  1020  3953 D SoftFFmpegVideo: drainOneOutputBuffer: frame_width=1280 frame_height=722 buffer_width=1280 buffer_height=722 ctx_width=1280 ctx_height=722 mIsAdaptive=0
12-10 18:56:01.380  1020  3953 D SoftFFmpegVideo: drainOneOutputBuffer: frame_width=1280 frame_height=722 buffer_width=1280 buffer_height=722 ctx_width=1280 ctx_height=722 mIsAdaptive=0
12-10 18:56:01.380  1014  1066 W audio_hw_primary: out_write underrun: -32
12-10 18:56:01.393  1020  3953 D SoftFFmpegVideo: drainOneOutputBuffer: frame_width=1280 frame_height=722 buffer_width=1280 buffer_height=722 ctx_width=1280 ctx_height=722 mIsAdaptive=0
12-10 18:56:01.403  1014  1066 W audio_hw_primary: out_write underrun: -32
12-10 18:56:01.405  1020  3953 D SoftFFmpegVideo: drainOneOutputBuffer: frame_width=1280 frame_height=722 buffer_width=1280 buffer_height=722 ctx_width=1280 ctx_height=722 mIsAdaptive=0
12-10 18:56:01.419  1014  1067 D AudioFlinger: mixer(0xf0698e00) throttle end: throttle time(55)
12-10 18:56:01.421  1020  3953 D SoftFFmpegVideo: drainOneOutputBuffer: frame_width=1280 frame_height=722 buffer_width=1280 buffer_height=722 ctx_width=1280 ctx_height=722 mIsAdaptive=0
12-10 18:56:01.426  1014  1066 W audio_hw_primary: out_write underrun: -32
12-10 18:56:01.442  1020  3953 D SoftFFmpegVideo: drainOneOutputBuffer: frame_width=1280 frame_height=722 buffer_width=1280 buffer_height=722 ctx_width=1280 ctx_height=722 mIsAdaptive=0
12-10 18:56:01.448  1014  1066 W audio_hw_primary: out_write underrun: -32
12-10 18:56:01.450  1020  3953 D SoftFFmpegVideo: drainOneOutputBuffer: frame_width=1280 frame_height=722 buffer_width=1280 buffer_height=722 ctx_width=1280 ctx_height=722 mIsAdaptive=0
12-10 18:56:01.471  1014  1066 W audio_hw_primary: out_write underrun: -32
12-10 18:56:01.475  1014  1067 D AudioFlinger: mixer(0xf0698e00) throttle end: throttle time(1)
12-10 18:56:01.485  1020  3953 D SoftFFmpegVideo: drainOneOutputBuffer: frame_width=1280 frame_height=722 buffer_width=1280 buffer_height=722 ctx_width=1280 ctx_height=722 mIsAdaptive=0
12-10 18:56:01.495  1014  1066 W audio_hw_primary: out_write underrun: -32
12-10 18:56:01.510  1020  3953 D SoftFFmpegVideo: drainOneOutputBuffer: frame_width=1280 frame_height=722 buffer_width=1280 buffer_height=722 ctx_width=1280 ctx_height=722 mIsAdaptive=0
12-10 18:56:01.517  1014  1066 W audio_hw_primary: out_write underrun: -32
12-10 18:56:01.535  1023  3933 D NuPlayerDriver: notifyListener_l(0xf35a9980), (3, 2, 0), loop setting(0, 0)
12-10 18:56:01.538  1014  1067 D AudioFlinger: mixer(0xf0698e00) throttle end: throttle time(11)
12-10 18:56:01.539  1014  1066 W audio_hw_primary: out_write underrun: -32
12-10 18:56:01.541  1020  3953 D SoftFFmpegVideo: drainOneOutputBuffer: frame_width=1280 frame_height=722 buffer_width=1280 buffer_height=722 ctx_width=1280 ctx_height=722 mIsAdaptive=0
12-10 18:56:01.561  1014  1066 W audio_hw_primary: out_write underrun: -32
12-10 18:56:01.564  1020  3953 D SoftFFmpegVideo: drainOneOutputBuffer: frame_width=1280 frame_height=722 buffer_width=1280 buffer_height=722 ctx_width=1280 ctx_height=722 mIsAdaptive=0
12-10 18:56:01.584  1014  1066 W audio_hw_primary: out_write underrun: -32
12-10 18:56:01.602  1014  1067 D AudioFlinger: mixer(0xf0698e00) throttle end: throttle time(7)
12-10 18:56:01.606  1014  1066 W audio_hw_primary: out_write underrun: -32
12-10 18:56:01.630  1014  1066 W audio_hw_primary: out_write underrun: -32
12-10 18:56:01.644  1014  1067 D AudioFlinger: mixer(0xf0698e00) throttle end: throttle time(2)
12-10 18:56:01.646  1020  3953 D SoftFFmpegVideo: drainOneOutputBuffer: frame_width=1280 frame_height=722 buffer_width=1280 buffer_height=722 ctx_width=1280 ctx_height=722 mIsAdaptive=0
12-10 18:56:01.653  1014  1066 W audio_hw_primary: out_write underrun: -32
12-10 18:56:01.675  1014  1066 W audio_hw_primary: out_write underrun: -32
12-10 18:56:01.689  1020  3953 D SoftFFmpegVideo: drainOneOutputBuffer: frame_width=1280 frame_height=722 buffer_width=1280 buffer_height=722 ctx_width=1280 ctx_height=722 mIsAdaptive=0
12-10 18:56:01.697  1014  1066 W audio_hw_primary: out_write underrun: -32
12-10 18:56:01.703  1014  1067 D AudioFlinger: mixer(0xf0698e00) throttle end: throttle time(4)
12-10 18:56:01.711  1020  3953 D SoftFFmpegVideo: drainOneOutputBuffer: frame_width=1280 frame_height=722 buffer_width=1280 buffer_height=722 ctx_width=1280 ctx_height=722 mIsAdaptive=0
12-10 18:56:01.720  1014  1066 W audio_hw_primary: out_write underrun: -32
12-10 18:56:01.741  1020  3953 D SoftFFmpegVideo: drainOneOutputBuffer: frame_width=1280 frame_height=722 buffer_width=1280 buffer_height=722 ctx_width=1280 ctx_height=722 mIsAdaptive=0
12-10 18:56:01.743  1014  1066 W audio_hw_primary: out_write underrun: -32
12-10 18:56:01.766  1014  1066 W audio_hw_primary: out_write underrun: -32
12-10 18:56:01.768  1014  1067 D AudioFlinger: mixer(0xf0698e00) throttle end: throttle time(25)
12-10 18:56:01.774  1020  3953 D SoftFFmpegVideo: drainOneOutputBuffer: frame_width=1280 frame_height=722 buffer_width=1280 buffer_height=722 ctx_width=1280 ctx_height=722 mIsAdaptive=0
12-10 18:56:01.790  1014  1066 W audio_hw_primary: out_write underrun: -32
12-10 18:56:01.797  1020  3953 D SoftFFmpegVideo: drainOneOutputBuffer: frame_width=1280 frame_height=722 buffer_width=1280 buffer_height=722 ctx_width=1280 ctx_height=722 mIsAdaptive=0
12-10 18:56:01.812  1014  1066 W audio_hw_primary: out_write underrun: -32
12-10 18:56:01.815  1014  1067 D AudioFlinger: mixer(0xf0698e00) throttle end: throttle time(16)
12-10 18:56:01.819  1020  3953 D SoftFFmpegVideo: drainOneOutputBuffer: frame_width=1280 frame_height=722 buffer_width=1280 buffer_height=722 ctx_width=1280 ctx_height=722 mIsAdaptive=0
12-10 18:56:01.835  1014  1066 W audio_hw_primary: out_write underrun: -32
12-10 18:56:01.859  1014  1066 W audio_hw_primary: out_write underrun: -32
12-10 18:56:01.877  1020  3953 D SoftFFmpegVideo: drainOneOutputBuffer: frame_width=1280 frame_height=722 buffer_width=1280 buffer_height=722 ctx_width=1280 ctx_height=722 mIsAdaptive=0
12-10 18:56:01.882  1014  1066 W audio_hw_primary: out_write underrun: -32
12-10 18:56:01.896  1014  1067 D AudioFlinger: mixer(0xf0698e00) throttle end: throttle time(28)
12-10 18:56:01.902  1020  3953 D SoftFFmpegVideo: drainOneOutputBuffer: frame_width=1280 frame_height=722 buffer_width=1280 buffer_height=722 ctx_width=1280 ctx_height=722 mIsAdaptive=0
12-10 18:56:01.905  1014  1066 W audio_hw_primary: out_write underrun: -32
12-10 18:56:01.926  1020  3953 D SoftFFmpegVideo: drainOneOutputBuffer: frame_width=1280 frame_height=722 buffer_width=1280 buffer_height=722 ctx_width=1280 ctx_height=722 mIsAdaptive=0
12-10 18:56:01.928  1014  1066 W audio_hw_primary: out_write underrun: -32
12-10 18:56:01.950  1014  1067 D AudioFlinger: mixer(0xf0698e00) throttle end: throttle time(19)
12-10 18:56:01.951  1014  1066 W audio_hw_primary: out_write underrun: -32
12-10 18:56:01.959  1020  3953 D SoftFFmpegVideo: drainOneOutputBuffer: frame_width=1280 frame_height=722 buffer_width=1280 buffer_height=722 ctx_width=1280 ctx_height=722 mIsAdaptive=0
12-10 18:56:01.964  2264  2284 I Finsky  : [120] com.google.android.finsky.bo.an.run(6): Stats for Executor: bgExecutor com.google.android.finsky.bo.ao@683f9ad[Running, pool size = 4, active threads = 0, queued tasks = 0, completed tasks = 25]
12-10 18:56:01.974  1014  1066 W audio_hw_primary: out_write underrun: -32
12-10 18:56:01.987  1020  3953 D SoftFFmpegVideo: drainOneOutputBuffer: frame_width=1280 frame_height=722 buffer_width=1280 buffer_height=722 ctx_width=1280 ctx_height=722 mIsAdaptive=0
12-10 18:56:01.997  1014  1066 W audio_hw_primary: out_write underrun: -32
12-10 18:56:02.000  1020  3953 D SoftFFmpegVideo: drainOneOutputBuffer: frame_width=1280 frame_height=722 buffer_width=1280 buffer_height=722 ctx_width=1280 ctx_height=722 mIsAdaptive=0
12-10 18:56:02.012  1014  1067 D AudioFlinger: mixer(0xf0698e00) throttle end: throttle time(1)
12-10 18:56:02.020  1014  1066 W audio_hw_primary: out_write underrun: -32
12-10 18:56:02.025  1020  3953 D SoftFFmpegVideo: drainOneOutputBuffer: frame_width=1280 frame_height=722 buffer_width=1280 buffer_height=722 ctx_width=1280 ctx_height=722 mIsAdaptive=0
12-10 18:56:02.043  1014  1066 W audio_hw_primary: out_write underrun: -32
12-10 18:56:02.063  1020  3953 D SoftFFmpegVideo: drainOneOutputBuffer: frame_width=1280 frame_height=722 buffer_width=1280 buffer_height=722 ctx_width=1280 ctx_height=722 mIsAdaptive=0
12-10 18:56:02.066  1014  1066 W audio_hw_primary: out_write underrun: -32
12-10 18:56:02.087  1014  1067 D AudioFlinger: mixer(0xf0698e00) throttle end: throttle time(37)
12-10 18:56:02.089  1014  1066 W audio_hw_primary: out_write underrun: -32
12-10 18:56:02.094  1020  3953 D SoftFFmpegVideo: drainOneOutputBuffer: frame_width=1280 frame_height=722 buffer_width=1280 buffer_height=722 ctx_width=1280 ctx_height=722 mIsAdaptive=0
12-10 18:56:02.114  1014  1066 W audio_hw_primary: out_write underrun: -32
12-10 18:56:02.114  2264  2284 I Finsky  : [120] com.google.android.finsky.bo.an.run(6): Stats for Executor: SimChangeExecutor com.google.android.finsky.bo.ao@51234e2[Running, pool size = 0, active threads = 0, queued tasks = 0, completed tasks = 0]
12-10 18:56:02.117  1020  3953 D SoftFFmpegVideo: drainOneOutputBuffer: frame_width=1280 frame_height=722 buffer_width=1280 buffer_height=722 ctx_width=1280 ctx_height=722 mIsAdaptive=0
12-10 18:56:02.137  1014  1066 W audio_hw_primary: out_write underrun: -32
12-10 18:56:02.150  1014  1067 D AudioFlinger: mixer(0xf0698e00) throttle end: throttle time(1)
12-10 18:56:02.160  1014  1066 W audio_hw_primary: out_write underrun: -32
12-10 18:56:02.168  1020  3953 D SoftFFmpegVideo: drainOneOutputBuffer: frame_width=1280 frame_height=722 buffer_width=1280 buffer_height=722 ctx_width=1280 ctx_height=722 mIsAdaptive=0
12-10 18:56:02.183  1014  1066 W audio_hw_primary: out_write underrun: -32
12-10 18:56:02.186  1020  3953 D SoftFFmpegVideo: drainOneOutputBuffer: frame_width=1280 frame_height=722 buffer_width=1280 buffer_height=722 ctx_width=1280 ctx_height=722 mIsAdaptive=0
12-10 18:56:02.201  1014  1067 D AudioFlinger: mixer(0xf0698e00) throttle end: throttle time(3)
12-10 18:56:02.205  1020  3953 D SoftFFmpegVideo: drainOneOutputBuffer: frame_width=1280 frame_height=722 buffer_width=1280 buffer_height=722 ctx_width=1280 ctx_height=722 mIsAdaptive=0
12-10 18:56:02.206  1014  1066 W audio_hw_primary: out_write underrun: -32
12-10 18:56:02.220  1020  3953 D SoftFFmpegVideo: drainOneOutputBuffer: frame_width=1280 frame_height=722 buffer_width=1280 buffer_height=722 ctx_width=1280 ctx_height=722 mIsAdaptive=0
12-10 18:56:02.229  1014  1066 W audio_hw_primary: out_write underrun: -32
12-10 18:56:02.239  1020  3953 D SoftFFmpegVideo: drainOneOutputBuffer: frame_width=1280 frame_height=722 buffer_width=1280 buffer_height=722 ctx_width=1280 ctx_height=722 mIsAdaptive=0
12-10 18:56:02.252  1014  1066 W audio_hw_primary: out_write underrun: -32
12-10 18:56:02.261  1020  3953 D SoftFFmpegVideo: drainOneOutputBuffer: frame_width=1280 frame_height=722 buffer_width=1280 buffer_height=722 ctx_width=1280 ctx_height=722 mIsAdaptive=0
12-10 18:56:02.275  1014  1066 W audio_hw_primary: out_write underrun: -32
12-10 18:56:02.276  1020  3953 D SoftFFmpegVideo: drainOneOutputBuffer: frame_width=1280 frame_height=722 buffer_width=1280 buffer_height=722 ctx_width=1280 ctx_height=722 mIsAdaptive=0
12-10 18:56:02.285  1020  3953 D SoftFFmpegVideo: drainOneOutputBuffer: frame_width=1280 frame_height=722 buffer_width=1280 buffer_height=722 ctx_width=1280 ctx_height=722 mIsAdaptive=0
12-10 18:56:02.288  1014  1067 D AudioFlinger: mixer(0xf0698e00) throttle end: throttle time(3)
12-10 18:56:02.298  1014  1066 W audio_hw_primary: out_write underrun: -32
12-10 18:56:02.305  1020  3953 D SoftFFmpegVideo: drainOneOutputBuffer: frame_width=1280 frame_height=722 buffer_width=1280 buffer_height=722 ctx_width=1280 ctx_height=722 mIsAdaptive=0
12-10 18:56:02.321  1014  1066 W audio_hw_primary: out_write underrun: -32
12-10 18:56:02.324  1020  3953 D SoftFFmpegVideo: drainOneOutputBuffer: frame_width=1280 frame_height=722 buffer_width=1280 buffer_height=722 ctx_width=1280 ctx_height=722 mIsAdaptive=0
12-10 18:56:02.340  1014  1067 D AudioFlinger: mixer(0xf0698e00) throttle end: throttle time(3)
12-10 18:56:02.341  2264  2284 I Finsky  : [120] com.google.android.finsky.bo.an.run(6): Stats for Executor: Db-xternal_referrer_status.db com.google.android.finsky.bo.ao@da99073[Running, pool size = 0, active threads = 0, queued tasks = 0, completed tasks = 0]
12-10 18:56:02.343  1014  1066 W audio_hw_primary: out_write underrun: -32
12-10 18:56:02.344  1020  3953 D SoftFFmpegVideo: drainOneOutputBuffer: frame_width=1280 frame_height=722 buffer_width=1280 buffer_height=722 ctx_width=1280 ctx_height=722 mIsAdaptive=0
12-10 18:56:02.356  2264  2284 I Finsky  : [120] com.google.android.finsky.bo.an.run(6): Stats for Executor: Db-split_install_service com.google.android.finsky.bo.ao@727bb30[Running, pool size = 0, active threads = 0, queued tasks = 0, completed tasks = 7]
12-10 18:56:02.366  1020  3953 D SoftFFmpegVideo: drainOneOutputBuffer: frame_width=1280 frame_height=722 buffer_width=1280 buffer_height=722 ctx_width=1280 ctx_height=722 mIsAdaptive=0
12-10 18:56:02.367  1014  1066 W audio_hw_primary: out_write underrun: -32
12-10 18:56:02.386  1020  3953 D SoftFFmpegVideo: drainOneOutputBuffer: frame_width=1280 frame_height=722 buffer_width=1280 buffer_height=722 ctx_width=1280 ctx_height=722 mIsAdaptive=0
12-10 18:56:02.390  1014  1066 W audio_hw_primary: out_write underrun: -32
12-10 18:56:02.394  1014  1067 D AudioFlinger: mixer(0xf0698e00) throttle end: throttle time(4)
12-10 18:56:02.414  1014  1066 W audio_hw_primary: out_write underrun: -32
12-10 18:56:02.419  1020  3953 D SoftFFmpegVideo: drainOneOutputBuffer: frame_width=1280 frame_height=722 buffer_width=1280 buffer_height=722 ctx_width=1280 ctx_height=722 mIsAdaptive=0
12-10 18:56:02.437  1014  1066 W audio_hw_primary: out_write underrun: -32
12-10 18:56:02.447  2264  2284 I Finsky  : [120] com.google.android.finsky.bo.an.run(6): Stats for Executor: Db-scheduler com.google.android.finsky.bo.ao@e1383a9[Running, pool size = 0, active threads = 0, queued tasks = 0, completed tasks = 78]
12-10 18:56:02.447  1020  3953 D SoftFFmpegVideo: drainOneOutputBuffer: frame_width=1280 frame_height=722 buffer_width=1280 buffer_height=722 ctx_width=1280 ctx_height=722 mIsAdaptive=0
12-10 18:56:02.454  2264  2284 I Finsky  : [120] com.google.android.finsky.bo.an.run(6): Stats for Executor: StorageAwareDownloadServiceManagerSpaceChecker com.google.android.finsky.bo.ao@e22bd2e[Running, pool size = 0, active threads = 0, queued tasks = 0, completed tasks = 0]
12-10 18:56:02.460  1014  1066 W audio_hw_primary: out_write underrun: -32
12-10 18:56:02.465  1020  3953 D SoftFFmpegVideo: drainOneOutputBuffer: frame_width=1280 frame_height=722 buffer_width=1280 buffer_height=722 ctx_width=1280 ctx_height=722 mIsAdaptive=0
12-10 18:56:02.479  1014  1067 D AudioFlinger: mixer(0xf0698e00) throttle end: throttle time(3)
12-10 18:56:02.483  1014  1066 W audio_hw_primary: out_write underrun: -32
12-10 18:56:02.485  1020  3953 D SoftFFmpegVideo: drainOneOutputBuffer: frame_width=1280 frame_height=722 buffer_width=1280 buffer_height=722 ctx_width=1280 ctx_height=722 mIsAdaptive=0
12-10 18:56:02.503  1020  3953 D SoftFFmpegVideo: drainOneOutputBuffer: frame_width=1280 frame_height=722 buffer_width=1280 buffer_height=722 ctx_width=1280 ctx_height=722 mIsAdaptive=0
12-10 18:56:02.505  1014  1066 W audio_hw_primary: out_write underrun: -32
12-10 18:56:02.506  2264  2315 I PlayCommon: [129] com.google.android.play.b.g.d(228): Preparing logs for uploading
12-10 18:56:02.527  1014  1066 W audio_hw_primary: out_write underrun: -32
12-10 18:56:02.530  1020  3953 D SoftFFmpegVideo: drainOneOutputBuffer: frame_width=1280 frame_height=722 buffer_width=1280 buffer_height=722 ctx_width=1280 ctx_height=722 mIsAdaptive=0
12-10 18:56:02.535  1023  3933 D NuPlayerDriver: notifyListener_l(0xf35a9980), (3, 2, 0), loop setting(0, 0)
12-10 18:56:02.548  1020  3953 D SoftFFmpegVideo: drainOneOutputBuffer: frame_width=1280 frame_height=722 buffer_width=1280 buffer_height=722 ctx_width=1280 ctx_height=722 mIsAdaptive=0
12-10 18:56:02.550  1014  1066 W audio_hw_primary: out_write underrun: -32
12-10 18:56:02.567  1020  3953 D SoftFFmpegVideo: drainOneOutputBuffer: frame_width=1280 frame_height=722 buffer_width=1280 buffer_height=722 ctx_width=1280 ctx_height=722 mIsAdaptive=0
12-10 18:56:02.573  1014  1066 W audio_hw_primary: out_write underrun: -32
12-10 18:56:02.581  1020  3953 D SoftFFmpegVideo: drainOneOutputBuffer: frame_width=1280 frame_height=722 buffer_width=1280 buffer_height=722 ctx_width=1280 ctx_height=722 mIsAdaptive=0
12-10 18:56:02.597  1014  1066 W audio_hw_primary: out_write underrun: -32
12-10 18:56:02.606  1020  3953 D SoftFFmpegVideo: drainOneOutputBuffer: frame_width=1280 frame_height=722 buffer_width=1280 buffer_height=722 ctx_width=1280 ctx_height=722 mIsAdaptive=0
12-10 18:56:02.619  2264  2315 I PlayCommon: [129] com.google.android.play.b.g.a(413): Connecting to server: https://play.googleapis.com/play/log?format=raw&proto_v2=true
12-10 18:56:02.619  1014  1066 W audio_hw_primary: out_write underrun: -32
12-10 18:56:02.622  1020  3953 D SoftFFmpegVideo: drainOneOutputBuffer: frame_width=1280 frame_height=722 buffer_width=1280 buffer_height=722 ctx_width=1280 ctx_height=722 mIsAdaptive=0
12-10 18:56:02.639  1014  1067 D AudioFlinger: mixer(0xf0698e00) throttle end: throttle time(5)
12-10 18:56:02.641  1020  3953 D SoftFFmpegVideo: drainOneOutputBuffer: frame_width=1280 frame_height=722 buffer_width=1280 buffer_height=722 ctx_width=1280 ctx_height=722 mIsAdaptive=0
12-10 18:56:02.643  1014  1066 W audio_hw_primary: out_write underrun: -32
12-10 18:56:02.666  1014  1066 W audio_hw_primary: out_write underrun: -32
12-10 18:56:02.689  1024  1024 I netd    : type=1400 audit(0.0:524): avc: denied { setopt } for scontext=u:r:init:s0 tcontext=u:r:init:s0 tclass=udp_socket permissive=1
12-10 18:56:02.689  1024  1024 I netd    : type=1400 audit(0.0:525): avc: denied { setattr } for name="UDPv6" dev="sockfs" ino=47127 scontext=u:r:init:s0 tcontext=u:r:init:s0 tclass=udp_socket permissive=1
12-10 18:56:02.689  1024  1024 I netd    : type=1400 audit(0.0:526): avc: denied { connect } for scontext=u:r:init:s0 tcontext=u:r:init:s0 tclass=udp_socket permissive=1
12-10 18:56:02.689  1024  1024 I netd    : type=1400 audit(0.0:527): avc: denied { getattr } for laddr=192.168.1.26 lport=49925 faddr=172.217.21.170 scontext=u:r:init:s0 tcontext=u:r:init:s0 tclass=udp_socket permissive=1
12-10 18:56:02.689  1014  1066 W audio_hw_primary: out_write underrun: -32
12-10 18:56:02.691  1020  3953 D SoftFFmpegVideo: drainOneOutputBuffer: frame_width=1280 frame_height=722 buffer_width=1280 buffer_height=722 ctx_width=1280 ctx_height=722 mIsAdaptive=0
12-10 18:56:02.715  1014  1066 W audio_hw_primary: out_write underrun: -32
12-10 18:56:02.719  1014  1067 D AudioFlinger: mixer(0xf0698e00) throttle end: throttle time(13)
12-10 18:56:02.738  1014  1066 W audio_hw_primary: out_write underrun: -32
12-10 18:56:02.739  1020  3953 D SoftFFmpegVideo: drainOneOutputBuffer: frame_width=1280 frame_height=722 buffer_width=1280 buffer_height=722 ctx_width=1280 ctx_height=722 mIsAdaptive=0
12-10 18:56:02.760  1014  1066 W audio_hw_primary: out_write underrun: -32
12-10 18:56:02.773  1020  3953 D SoftFFmpegVideo: drainOneOutputBuffer: frame_width=1280 frame_height=722 buffer_width=1280 buffer_height=722 ctx_width=1280 ctx_height=722 mIsAdaptive=0
12-10 18:56:02.783  1014  1066 W audio_hw_primary: out_write underrun: -32
12-10 18:56:02.788  1014  1067 D AudioFlinger: mixer(0xf0698e00) throttle end: throttle time(3)
12-10 18:56:02.806  1014  1066 W audio_hw_primary: out_write underrun: -32
12-10 18:56:02.809  1020  3953 D SoftFFmpegVideo: drainOneOutputBuffer: frame_width=1280 frame_height=722 buffer_width=1280 buffer_height=722 ctx_width=1280 ctx_height=722 mIsAdaptive=0
12-10 18:56:02.830  1014  1066 W audio_hw_primary: out_write underrun: -32
12-10 18:56:02.844  1020  3953 D SoftFFmpegVideo: drainOneOutputBuffer: frame_width=1280 frame_height=722 buffer_width=1280 buffer_height=722 ctx_width=1280 ctx_height=722 mIsAdaptive=0
12-10 18:56:02.853  1014  1066 W audio_hw_primary: out_write underrun: -32
12-10 18:56:02.860  1014  1067 D AudioFlinger: mixer(0xf0698e00) throttle end: throttle time(15)
12-10 18:56:02.869  1020  3953 D SoftFFmpegVideo: drainOneOutputBuffer: frame_width=1280 frame_height=722 buffer_width=1280 buffer_height=722 ctx_width=1280 ctx_height=722 mIsAdaptive=0
12-10 18:56:02.876  1014  1066 W audio_hw_primary: out_write underrun: -32
12-10 18:56:02.895  1020  3953 D SoftFFmpegVideo: drainOneOutputBuffer: frame_width=1280 frame_height=722 buffer_width=1280 buffer_height=722 ctx_width=1280 ctx_height=722 mIsAdaptive=0
12-10 18:56:02.899  1014  1066 W audio_hw_primary: out_write underrun: -32
12-10 18:56:02.913  1014  1067 D AudioFlinger: mixer(0xf0698e00) throttle end: throttle time(2)
12-10 18:56:02.918  1020  3953 D SoftFFmpegVideo: drainOneOutputBuffer: frame_width=1280 frame_height=722 buffer_width=1280 buffer_height=722 ctx_width=1280 ctx_height=722 mIsAdaptive=0
12-10 18:56:02.922  1014  1066 W audio_hw_primary: out_write underrun: -32
12-10 18:56:02.944  1014  1066 W audio_hw_primary: out_write underrun: -32
12-10 18:56:02.951  2264  2315 I PlayCommon: [129] com.google.android.play.b.g.a(504): Successfully uploaded logs.
12-10 18:56:02.968  1014  1066 W audio_hw_primary: out_write underrun: -32
12-10 18:56:02.984  1020  3953 D SoftFFmpegVideo: drainOneOutputBuffer: frame_width=1280 frame_height=722 buffer_width=1280 buffer_height=722 ctx_width=1280 ctx_height=722 mIsAdaptive=0
12-10 18:56:02.991  1014  1067 D AudioFlinger: mixer(0xf0698e00) throttle end: throttle time(16)
12-10 18:56:02.991  1014  1066 W audio_hw_primary: out_write underrun: -32
12-10 18:56:02.999  1020  3953 D SoftFFmpegVideo: drainOneOutputBuffer: frame_width=1280 frame_height=722 buffer_width=1280 buffer_height=722 ctx_width=1280 ctx_height=722 mIsAdaptive=0
12-10 18:56:03.015  1014  1066 W audio_hw_primary: out_write underrun: -32
12-10 18:56:03.016  1020  3953 D SoftFFmpegVideo: drainOneOutputBuffer: frame_width=1280 frame_height=722 buffer_width=1280 buffer_height=722 ctx_width=1280 ctx_height=722 mIsAdaptive=0
12-10 18:56:03.024  1020  3953 D SoftFFmpegVideo: drainOneOutputBuffer: frame_width=1280 frame_height=722 buffer_width=1280 buffer_height=722 ctx_width=1280 ctx_height=722 mIsAdaptive=0
12-10 18:56:03.038  1014  1066 W audio_hw_primary: out_write underrun: -32
12-10 18:56:03.043  1020  3953 D SoftFFmpegVideo: drainOneOutputBuffer: frame_width=1280 frame_height=722 buffer_width=1280 buffer_height=722 ctx_width=1280 ctx_height=722 mIsAdaptive=0
12-10 18:56:03.062  1020  3953 D SoftFFmpegVideo: drainOneOutputBuffer: frame_width=1280 frame_height=722 buffer_width=1280 buffer_height=722 ctx_width=1280 ctx_height=722 mIsAdaptive=0
12-10 18:56:03.064  1014  1066 W audio_hw_primary: out_write underrun: -32
12-10 18:56:03.077  1020  3953 D SoftFFmpegVideo: drainOneOutputBuffer: frame_width=1280 frame_height=722 buffer_width=1280 buffer_height=722 ctx_width=1280 ctx_height=722 mIsAdaptive=0
12-10 18:56:03.087  1014  1066 W audio_hw_primary: out_write underrun: -32
12-10 18:56:03.096  1020  3953 D SoftFFmpegVideo: drainOneOutputBuffer: frame_width=1280 frame_height=722 buffer_width=1280 buffer_height=722 ctx_width=1280 ctx_height=722 mIsAdaptive=0
12-10 18:56:03.110  1014  1066 W audio_hw_primary: out_write underrun: -32
12-10 18:56:03.123  1020  3953 D SoftFFmpegVideo: drainOneOutputBuffer: frame_width=1280 frame_height=722 buffer_width=1280 buffer_height=722 ctx_width=1280 ctx_height=722 mIsAdaptive=0
12-10 18:56:03.133  1014  1066 W audio_hw_primary: out_write underrun: -32
12-10 18:56:03.137  1020  3953 D SoftFFmpegVideo: drainOneOutputBuffer: frame_width=1280 frame_height=722 buffer_width=1280 buffer_height=722 ctx_width=1280 ctx_height=722 mIsAdaptive=0
12-10 18:56:03.150  1014  1067 D AudioFlinger: mixer(0xf0698e00) throttle end: throttle time(6)
12-10 18:56:03.151  2264  2284 I Finsky  : [120] com.google.android.finsky.bo.an.run(6): Stats for Executor: Db-scheduler_logging_store.db com.google.android.finsky.bo.ao@a02c0cf[Running, pool size = 0, active threads = 0, queued tasks = 0, completed tasks = 14]
12-10 18:56:03.155  1020  3953 D SoftFFmpegVideo: drainOneOutputBuffer: frame_width=1280 frame_height=722 buffer_width=1280 buffer_height=722 ctx_width=1280 ctx_height=722 mIsAdaptive=0
12-10 18:56:03.156  1014  1066 W audio_hw_primary: out_write underrun: -32
12-10 18:56:03.176  1020  3953 D SoftFFmpegVideo: drainOneOutputBuffer: frame_width=1280 frame_height=722 buffer_width=1280 buffer_height=722 ctx_width=1280 ctx_height=722 mIsAdaptive=0
12-10 18:56:03.178  1014  1066 W audio_hw_primary: out_write underrun: -32
12-10 18:56:03.194  1020  3953 D SoftFFmpegVideo: drainOneOutputBuffer: frame_width=1280 frame_height=722 buffer_width=1280 buffer_height=722 ctx_width=1280 ctx_height=722 mIsAdaptive=0
12-10 18:56:03.201  1014  1066 W audio_hw_primary: out_write underrun: -32
12-10 18:56:03.223  1014  1066 W audio_hw_primary: out_write underrun: -32
12-10 18:56:03.246  1014  1066 W audio_hw_primary: out_write underrun: -32
12-10 18:56:03.264  1014  1067 D AudioFlinger: mixer(0xf0698e00) throttle end: throttle time(21)
12-10 18:56:03.268  1020  3953 D SoftFFmpegVideo: drainOneOutputBuffer: frame_width=1280 frame_height=722 buffer_width=1280 buffer_height=722 ctx_width=1280 ctx_height=722 mIsAdaptive=0
12-10 18:56:03.274  1014  1066 W audio_hw_primary: out_write underrun: -32
12-10 18:56:03.296  1020  3953 D SoftFFmpegVideo: drainOneOutputBuffer: frame_width=1280 frame_height=722 buffer_width=1280 buffer_height=722 ctx_width=1280 ctx_height=722 mIsAdaptive=0
12-10 18:56:03.297  1014  1066 W audio_hw_primary: out_write underrun: -32
12-10 18:56:03.310  1014  1067 D AudioFlinger: mixer(0xf0698e00) throttle end: throttle time(17)
12-10 18:56:03.315  1020  3953 D SoftFFmpegVideo: drainOneOutputBuffer: frame_width=1280 frame_height=722 buffer_width=1280 buffer_height=722 ctx_width=1280 ctx_height=722 mIsAdaptive=0
12-10 18:56:03.320  1014  1066 W audio_hw_primary: out_write underrun: -32
12-10 18:56:03.335  1020  3953 D SoftFFmpegVideo: drainOneOutputBuffer: frame_width=1280 frame_height=722 buffer_width=1280 buffer_height=722 ctx_width=1280 ctx_height=722 mIsAdaptive=0
12-10 18:56:03.343  1014  1066 W audio_hw_primary: out_write underrun: -32
12-10 18:56:03.356  1014  1067 D AudioFlinger: mixer(0xf0698e00) throttle end: throttle time(1)
12-10 18:56:03.356  1020  3953 D SoftFFmpegVideo: drainOneOutputBuffer: frame_width=1280 frame_height=722 buffer_width=1280 buffer_height=722 ctx_width=1280 ctx_height=722 mIsAdaptive=0
12-10 18:56:03.372  1014  1066 W audio_hw_primary: out_write underrun: -32
12-10 18:56:03.380  1014  1067 D AudioFlinger: mixer(0xf0698e00) throttle end: throttle time(2)
12-10 18:56:03.394  1014  1066 W audio_hw_primary: out_write underrun: -32
12-10 18:56:03.396  1020  3953 D SoftFFmpegVideo: drainOneOutputBuffer: frame_width=1280 frame_height=722 buffer_width=1280 buffer_height=722 ctx_width=1280 ctx_height=722 mIsAdaptive=0
12-10 18:56:03.418  1014  1066 W audio_hw_primary: out_write underrun: -32
12-10 18:56:03.435  1020  3953 D SoftFFmpegVideo: drainOneOutputBuffer: frame_width=1280 frame_height=722 buffer_width=1280 buffer_height=722 ctx_width=1280 ctx_height=722 mIsAdaptive=0
12-10 18:56:03.441  1014  1066 W audio_hw_primary: out_write underrun: -32
12-10 18:56:03.453  1014  1067 D AudioFlinger: mixer(0xf0698e00) throttle end: throttle time(4)
12-10 18:56:03.459  1020  3953 D SoftFFmpegVideo: drainOneOutputBuffer: frame_width=1280 frame_height=722 buffer_width=1280 buffer_height=722 ctx_width=1280 ctx_height=722 mIsAdaptive=0
12-10 18:56:03.463  1014  1066 W audio_hw_primary: out_write underrun: -32
12-10 18:56:03.487  1014  1066 W audio_hw_primary: out_write underrun: -32
12-10 18:56:03.499  1020  3953 D SoftFFmpegVideo: drainOneOutputBuffer: frame_width=1280 frame_height=722 buffer_width=1280 buffer_height=722 ctx_width=1280 ctx_height=722 mIsAdaptive=0
12-10 18:56:03.501  1014  1067 D AudioFlinger: mixer(0xf0698e00) throttle end: throttle time(23)
12-10 18:56:03.509  1014  1066 W audio_hw_primary: out_write underrun: -32
12-10 18:56:03.510  1020  3953 D SoftFFmpegVideo: drainOneOutputBuffer: frame_width=1280 frame_height=722 buffer_width=1280 buffer_height=722 ctx_width=1280 ctx_height=722 mIsAdaptive=0
12-10 18:56:03.532  1014  1066 W audio_hw_primary: out_write underrun: -32
12-10 18:56:03.533  1020  3953 D SoftFFmpegVideo: drainOneOutputBuffer: frame_width=1280 frame_height=722 buffer_width=1280 buffer_height=722 ctx_width=1280 ctx_height=722 mIsAdaptive=0
12-10 18:56:03.537  1023  3933 D NuPlayerDriver: notifyListener_l(0xf35a9980), (3, 2, 0), loop setting(0, 0)
12-10 18:56:03.554  1014  1066 W audio_hw_primary: out_write underrun: -32
12-10 18:56:03.558  1020  3953 D SoftFFmpegVideo: drainOneOutputBuffer: frame_width=1280 frame_height=722 buffer_width=1280 buffer_height=722 ctx_width=1280 ctx_height=722 mIsAdaptive=0
12-10 18:56:03.571  1020  3953 D SoftFFmpegVideo: drainOneOutputBuffer: frame_width=1280 frame_height=722 buffer_width=1280 buffer_height=722 ctx_width=1280 ctx_height=722 mIsAdaptive=0
12-10 18:56:03.575  1014  1066 W audio_hw_primary: out_write underrun: -32
12-10 18:56:03.589  1020  3953 D SoftFFmpegVideo: drainOneOutputBuffer: frame_width=1280 frame_height=722 buffer_width=1280 buffer_height=722 ctx_width=1280 ctx_height=722 mIsAdaptive=0
12-10 18:56:03.598  1014  1066 W audio_hw_primary: out_write underrun: -32
12-10 18:56:03.622  1014  1066 W audio_hw_primary: out_write underrun: -32
12-10 18:56:03.630  1020  3953 D SoftFFmpegVideo: drainOneOutputBuffer: frame_width=1280 frame_height=722 buffer_width=1280 buffer_height=722 ctx_width=1280 ctx_height=722 mIsAdaptive=0
12-10 18:56:03.644  1014  1066 W audio_hw_primary: out_write underrun: -32
12-10 18:56:03.659  1020  3953 D SoftFFmpegVideo: drainOneOutputBuffer: frame_width=1280 frame_height=722 buffer_width=1280 buffer_height=722 ctx_width=1280 ctx_height=722 mIsAdaptive=0
12-10 18:56:03.662  1014  1067 D AudioFlinger: mixer(0xf0698e00) throttle end: throttle time(41)
12-10 18:56:03.667  1014  1066 W audio_hw_primary: out_write underrun: -32
12-10 18:56:03.690  1014  1066 W audio_hw_primary: out_write underrun: -32
12-10 18:56:03.692  1020  3953 D SoftFFmpegVideo: drainOneOutputBuffer: frame_width=1280 frame_height=722 buffer_width=1280 buffer_height=722 ctx_width=1280 ctx_height=722 mIsAdaptive=0
12-10 18:56:03.707  1014  1067 D AudioFlinger: mixer(0xf0698e00) throttle end: throttle time(3)
12-10 18:56:03.712  1014  1066 W audio_hw_primary: out_write underrun: -32
12-10 18:56:03.733  1020  3953 D SoftFFmpegVideo: drainOneOutputBuffer: frame_width=1280 frame_height=722 buffer_width=1280 buffer_height=722 ctx_width=1280 ctx_height=722 mIsAdaptive=0
12-10 18:56:03.735  1014  1066 W audio_hw_primary: out_write underrun: -32
12-10 18:56:03.756  1014  1066 W audio_hw_primary: out_write underrun: -32
12-10 18:56:03.773  2264  2284 I Finsky  : [120] com.google.android.finsky.bo.an.run(6): Stats for Executor: InstallBackgroundThread com.google.android.finsky.bo.ao@9055a5c[Running, pool size = 0, active threads = 0, queued tasks = 0, completed tasks = 0]
12-10 18:56:03.773  2264  2284 I Finsky  : [120] com.google.android.finsky.bo.an.run(6): Stats for Executor: Db-install_service com.google.android.finsky.bo.ao@7f7b165[Running, pool size = 0, active threads = 0, queued tasks = 0, completed tasks = 0]
12-10 18:56:03.775  2264  2284 I Finsky  : [120] com.google.android.finsky.bo.an.run(6): Stats for Executor: InstallBackgroundThread com.google.android.finsky.bo.ao@5a17e3a[Running, pool size = 0, active threads = 0, queued tasks = 0, completed tasks = 0]
12-10 18:56:03.776  1020  3953 D SoftFFmpegVideo: drainOneOutputBuffer: frame_width=1280 frame_height=722 buffer_width=1280 buffer_height=722 ctx_width=1280 ctx_height=722 mIsAdaptive=0
12-10 18:56:03.778  1014  1066 W audio_hw_primary: out_write underrun: -32
12-10 18:56:03.783  1014  1067 D AudioFlinger: mixer(0xf0698e00) throttle end: throttle time(18)
12-10 18:56:03.794  1020  3953 D SoftFFmpegVideo: drainOneOutputBuffer: frame_width=1280 frame_height=722 buffer_width=1280 buffer_height=722 ctx_width=1280 ctx_height=722 mIsAdaptive=0
12-10 18:56:03.800  1014  1066 W audio_hw_primary: out_write underrun: -32
12-10 18:56:03.808  1020  3953 D SoftFFmpegVideo: drainOneOutputBuffer: frame_width=1280 frame_height=722 buffer_width=1280 buffer_height=722 ctx_width=1280 ctx_height=722 mIsAdaptive=0
12-10 18:56:03.820  1020  3953 D SoftFFmpegVideo: drainOneOutputBuffer: frame_width=1280 frame_height=722 buffer_width=1280 buffer_height=722 ctx_width=1280 ctx_height=722 mIsAdaptive=0
12-10 18:56:03.823  1014  1066 W audio_hw_primary: out_write underrun: -32
12-10 18:56:03.829  1020  3953 D SoftFFmpegVideo: drainOneOutputBuffer: frame_width=1280 frame_height=722 buffer_width=1280 buffer_height=722 ctx_width=1280 ctx_height=722 mIsAdaptive=0
