12-10 17:50:31.297  1262  1262 I InputManager: Starting input manager
12-10 17:50:31.313  1262  1262 I SystemServiceManager: Starting com.android.server.BluetoothService
12-10 17:50:31.321  1262  1262 D BluetoothManagerService: Loading stored name and address
12-10 17:50:31.321  1262  1262 D BluetoothManagerService: Stored bluetooth Name=VirtualBox,Address=22:22:C0:AF:AC:04
12-10 17:50:31.321  1262  1262 D BluetoothManagerService: Bluetooth persisted state: 0
12-10 17:50:31.321  1262  1262 I SystemServer: ConnectivityMetricsLoggerService
12-10 17:50:31.321  1262  1262 I SystemServiceManager: Starting com.android.server.connectivity.MetricsLoggerService
12-10 17:50:31.325  1262  1262 I SystemServer: IpConnectivityMetrics
12-10 17:50:31.325  1262  1262 I SystemServiceManager: Starting com.android.server.connectivity.IpConnectivityMetrics
12-10 17:50:31.325  1262  1262 I SystemServer: PinnerService
12-10 17:50:31.325  1262  1262 I SystemServiceManager: Starting com.android.server.PinnerService
12-10 17:50:31.326  1262  1262 I SystemServiceManager: Starting com.android.server.InputMethodManagerService$Lifecycle
12-10 17:50:31.373  1262  1262 I SystemServer: StartAccessibilityManagerService
12-10 17:50:31.395  1262  1262 I ActivityManager: Config changes=1df8 {1.0 ?mcc?mnc [en_US] ldltr sw426dp w426dp h640dp 120dpi nrml port ?uimode ?night -touch -keyb/v/h -nav/h s.2}
12-10 17:50:31.399  1262  1306 I ActivityManager: Config changes=400 {1.0 ?mcc?mnc [en_US] ldltr sw426dp w426dp h568dp 120dpi nrml port ?uimode ?night -touch -keyb/v/h -nav/h s.3}
12-10 17:50:31.409  1262  1288 I UsageStatsService: User[0] Rollover scheduled @ 2018-12-07 21:15:09(1544213709213)
12-10 17:50:31.411  1262  1288 I UsageStatsService: User[0] Rolling over usage stats
12-10 17:50:31.411  1262  1288 I UsageStatsService: User[0] Flushing usage stats to disk
12-10 17:50:31.420  1262  1262 I SystemServiceManager: Starting com.android.server.MountService$Lifecycle
12-10 17:50:31.432  1262  1262 I SystemServiceManager: Starting com.android.server.UiModeManagerService
12-10 17:50:31.433  1262  1262 I ActivityManager: Config changes=200 {1.0 ?mcc?mnc [en_US] ldltr sw426dp w426dp h568dp 120dpi nrml port -touch -keyb/v/h -nav/h s.4}
12-10 17:50:31.436  1262  1262 W PackageManager: No disk maintenance in 514356436; running immediately
12-10 17:50:31.436  1262  1323 I MountService: fstrim requested, but no daemon connection yet; trying again
12-10 17:50:31.436  1262  1262 I SystemServer: StartLockSettingsService
12-10 17:50:31.437  1262  1262 I SystemServiceManager: Starting com.android.server.LockSettingsService$Lifecycle
12-10 17:50:31.439  1262  1323 D MountService: Thinking about init, mSystemReady=false, mDaemonConnected=true
12-10 17:50:31.439  1262  1323 D MountService: Thinking about reset, mSystemReady=false, mDaemonConnected=true
12-10 17:50:31.439  1262  1323 D MountService: Thinking about init, mSystemReady=false, mDaemonConnected=true
12-10 17:50:31.439  1262  1323 D MountService: Thinking about reset, mSystemReady=false, mDaemonConnected=true
12-10 17:50:31.439  1262  1323 D CryptdConnector: SND -> {1 cryptfs getfield SystemLocale}
12-10 17:50:31.449  1262  1288 I UsageStatsService: User[0] Rollover scheduled @ 2018-12-11 17:50:31(1544547031395)
12-10 17:50:31.449  1262  1288 I UsageStatsService: User[0] Rolling over usage stats complete. Took 37 milliseconds
12-10 17:50:31.450  1262  1262 I SystemServiceManager: Starting com.android.server.DeviceIdleController
12-10 17:50:31.456  1262  1262 I SystemServiceManager: Starting com.android.server.devicepolicy.DevicePolicyManagerService$Lifecycle
12-10 17:50:31.465  1262  1262 I SystemServer: StartStatusBarManagerService
12-10 17:50:31.470  1262  1262 I SystemServer: StartClipboardService
12-10 17:50:31.471  1262  1262 I SystemServer: StartNetworkManagementService
12-10 17:50:31.474  1262  1326 I NetworkManagement: onDaemonConnected()
12-10 17:50:31.475  1262  1262 I SystemServiceManager: Starting com.android.server.TextServicesManagerService$Lifecycle
12-10 17:50:31.478  1262  1262 I SystemServer: StartNetworkScoreService
12-10 17:50:31.480  1262  1262 I SystemServer: StartNetworkStatsService
12-10 17:50:31.486  1262  1262 I SystemServer: StartNetworkPolicyManagerService
12-10 17:50:31.491  1262  1262 I SystemServer: No Wi-Fi NAN Service (NAN support Not Present)
12-10 17:50:31.508  1262  1262 I SystemServiceManager: Starting com.android.server.wifi.p2p.WifiP2pService
12-10 17:50:31.538  1262  1325 D CryptdConnector: RCV <- {200 1 -1}
12-10 17:50:31.550  1262  1323 W MountService: No primary storage mounted!
12-10 17:50:31.550  1262  1323 D VoldConnector: SND -> {1 asec list}
12-10 17:50:31.550  1262  1324 D VoldConnector: RCV <- {200 1 asec operation succeeded}
12-10 17:50:31.551  1262  1323 W PackageManager: Not granting permission android.permission.MANAGE_DOCUMENTS to package com.google.android.youtube (protectionLevel=2 flags=0x385bbec5)
12-10 17:50:31.551  1262  1323 W PackageManager: Unknown permission android.permission.FOREGROUND_SERVICE in package com.google.android.youtube
12-10 17:50:31.551  1262  1323 W PackageManager: Unknown permission com.sec.android.provider.badge.permission.READ in package com.google.android.youtube
12-10 17:50:31.551  1262  1323 W PackageManager: Unknown permission com.sec.android.provider.badge.permission.WRITE in package com.google.android.youtube
12-10 17:50:31.551  1262  1323 W PackageManager: Unknown permission com.htc.launcher.permission.READ_SETTINGS in package com.google.android.youtube
12-10 17:50:31.551  1262  1323 W PackageManager: Unknown permission com.htc.launcher.permission.UPDATE_SHORTCUT in package com.google.android.youtube
12-10 17:50:31.551  1262  1323 W PackageManager: Unknown permission com.sonyericsson.home.permission.BROADCAST_BADGE in package com.google.android.youtube
12-10 17:50:31.551  1262  1323 W PackageManager: Unknown permission com.sonymobile.home.permission.PROVIDER_INSERT_BADGE in package com.google.android.youtube
12-10 17:50:31.551  1262  1323 W PackageManager: Unknown permission android.permission.READ_SETTINGS in package org.android_x86.analytics
12-10 17:50:31.551  1262  1323 W PackageManager: Unknown permission com.google.android.launcher.permission.CONTENT_REDIRECT in package com.google.android.googlequicksearchbox
12-10 17:50:31.551  1262  1323 W PackageManager: Unknown permission com.google.android.voicesearch.SHORTCUTS_ACCESS in package com.google.android.googlequicksearchbox
12-10 17:50:31.551  1262  1323 W PackageManager: Unknown permission com.google.android.voicesearch.ACCESS_SETTINGS in package com.google.android.googlequicksearchbox
12-10 17:50:31.551  1262  1323 W PackageManager: Unknown permission com.android.browser.permission.PRELOAD in package com.google.android.googlequicksearchbox
12-10 17:50:31.551  1262  1323 W PackageManager: Unknown permission com.google.android.ears.permission.WRITE in package com.google.android.googlequicksearchbox
12-10 17:50:31.551  1262  1323 W PackageManager: Unknown permission android.permission.FOREGROUND_SERVICE in package com.google.android.googlequicksearchbox
12-10 17:50:31.551  1262  1323 W PackageManager: Unknown permission com.google.googlenav.friend.permission.OPT_IN in package com.google.android.googlequicksearchbox
12-10 17:50:31.551  1262  1323 W PackageManager: Unknown permission com.google.android.apps.maps.permission.PREFETCH in package com.google.android.googlequicksearchbox
12-10 17:50:31.551  1262  1323 W PackageManager: Unknown permission com.google.android.apps.googlevoice.permission.AUTO_SEND in package com.google.android.googlequicksearchbox
12-10 17:50:31.551  1262  1323 W PackageManager: Unknown permission com.google.android.hangouts.START_HANGOUT in package com.google.android.googlequicksearchbox
12-10 17:50:31.552  1262  1323 W PackageManager: Unknown permission com.android.chrome.PRERENDER_URL in package com.google.android.googlequicksearchbox
12-10 17:50:31.552  1262  1323 W PackageManager: Unknown permission android.permission.SET_MEDIA_KEY_LISTENER in package com.google.android.googlequicksearchbox
12-10 17:50:31.552  1262  1323 W PackageManager: Unknown permission android.permission.SET_VOLUME_KEY_LONG_PRESS_LISTENER in package com.google.android.googlequicksearchbox
12-10 17:50:31.552  1262  1323 W PackageManager: Not granting permission com.google.android.googleapps.permission.GOOGLE_AUTH to package com.android.providers.calendar (protectionLevel=2 flags=0x30083e45)
12-10 17:50:31.552  1262  1323 W PackageManager: Not granting permission com.google.android.googleapps.permission.GOOGLE_AUTH.cl to package com.android.providers.calendar (protectionLevel=2 flags=0x30083e45)
12-10 17:50:31.553  1262  1323 W PackageManager: Not granting permission android.permission.SEND_DOWNLOAD_COMPLETED_INTENTS to package com.android.vending (protectionLevel=2 flags=0x384abec5)
12-10 17:50:31.553  1262  1323 W PackageManager: Unknown permission android.permission.ALLOCATE_AGGRESSIVE in package com.android.vending
12-10 17:50:31.553  1262  1323 W PackageManager: Not granting permission android.permission.SET_PREFERRED_APPLICATIONS to package com.android.vending (protectionLevel=2 flags=0x384abec5)
12-10 17:50:31.553  1262  1323 W PackageManager: Unknown permission android.permission.ACCESS_INSTANT_APPS in package com.android.vending
12-10 17:50:31.553  1262  1323 W PackageManager: Unknown permission android.permission.MANAGE_APP_OPS_MODES in package com.android.vending
12-10 17:50:31.553  1262  1323 W PackageManager: Unknown permission android.permission.SET_HARMFUL_APP_WARNINGS in package com.android.vending
12-10 17:50:31.553  1262  1323 W PackageManager: Unknown permission com.sec.android.provider.badge.permission.READ in package com.android.vending
12-10 17:50:31.553  1262  1323 W PackageManager: Unknown permission com.sec.android.provider.badge.permission.WRITE in package com.android.vending
12-10 17:50:31.553  1262  1323 W PackageManager: Unknown permission com.htc.launcher.permission.READ_SETTINGS in package com.android.vending
12-10 17:50:31.553  1262  1323 W PackageManager: Unknown permission com.htc.launcher.permission.UPDATE_SHORTCUT in package com.android.vending
12-10 17:50:31.553  1262  1323 W PackageManager: Unknown permission com.sonyericsson.home.permission.BROADCAST_BADGE in package com.android.vending
12-10 17:50:31.553  1262  1323 W PackageManager: Unknown permission com.sonymobile.home.permission.PROVIDER_INSERT_BADGE in package com.android.vending
12-10 17:50:31.553  1262  1323 W PackageManager: Unknown permission com.anddoes.launcher.permission.UPDATE_COUNT in package com.android.vending
12-10 17:50:31.553  1262  1323 W PackageManager: Unknown permission com.majeur.launcher.permission.UPDATE_BADGE in package com.android.vending
12-10 17:50:31.553  1262  1323 W PackageManager: Unknown permission com.huawei.android.launcher.permission.CHANGE_BADGE in package com.android.vending
12-10 17:50:31.553  1262  1323 W PackageManager: Unknown permission com.huawei.android.launcher.permission.READ_SETTINGS in package com.android.vending
12-10 17:50:31.553  1262  1323 W PackageManager: Unknown permission com.huawei.android.launcher.permission.WRITE_SETTINGS in package com.android.vending
12-10 17:50:31.553  1262  1323 W PackageManager: Unknown permission android.permission.READ_APP_BADGE in package com.android.vending
12-10 17:50:31.553  1262  1323 W PackageManager: Unknown permission com.oppo.launcher.permission.READ_SETTINGS in package com.android.vending
12-10 17:50:31.553  1262  1323 W PackageManager: Unknown permission com.oppo.launcher.permission.WRITE_SETTINGS in package com.android.vending
12-10 17:50:31.553  1262  1323 W PackageManager: Unknown permission org.chromium.arc.apkcacheprovider.permission.READ_CACHE in package com.android.vending
12-10 17:50:31.553  1262  1323 W PackageManager: Unknown permission org.chromium.arc.apkcacheprovider.permission.WRITE_CACHE in package com.android.vending
12-10 17:50:31.553  1262  1323 W PackageManager: Unknown permission android.Manifest.permission.SUBSTITUTE_NOTIFICATION_APP_NAME in package com.android.vending
12-10 17:50:31.553  1262  1323 W PackageManager: Unknown permission android.permission.READ_RUNTIME_PROFILES in package com.android.vending
12-10 17:50:31.553  1262  1323 W PackageManager: Unknown permission android.permission.FOREGROUND_SERVICE in package com.android.vending
12-10 17:50:31.553  1262  1323 W PackageManager: Not granting permission android.permission.BIND_WALLPAPER to package com.android.camera2 (protectionLevel=18 flags=0x3058bc45)
12-10 17:50:31.553  1262  1323 W PackageManager: Unknown permission com.android.launcher.permission.READ_SETTINGS in package com.android.launcher3
12-10 17:50:31.553  1262  1323 W PackageManager: Unknown permission com.android.launcher.permission.WRITE_SETTINGS in package com.android.launcher3
12-10 17:50:31.553  1262  1323 W PackageManager: Not granting permission android.permission.BIND_APPWIDGET to package com.android.launcher3 (protectionLevel=18 flags=0x3c4bbe45)
12-10 17:50:31.553  1262  1323 W PackageManager: Unknown permission android.permission.FOREGROUND_SERVICE in package com.google.android.gm
12-10 17:50:31.553  1262  1323 W PackageManager: Unknown permission com.google.android.calendar.permission.READ_OOBE in package com.google.android.gm
12-10 17:50:31.553  1262  1323 W PackageManager: Unknown permission com.google.android.email.permission.ACCESS_PROVIDER in package com.google.android.gm
12-10 17:50:31.554  1262  1323 W PackageManager: Unknown permission com.google.android.gm.exchange.BIND in package com.google.android.gm
12-10 17:50:31.554  1262  1323 W PackageManager: Unknown permission com.android.email.partnerprovider.PARTNER_PROVIDER in package com.google.android.gm
12-10 17:50:31.554  1262  1323 W PackageManager: Not granting permission com.google.android.googleapps.permission.GOOGLE_AUTH.mail to package com.android.calendar (protectionLevel=2 flags=0x3009be45)
12-10 17:50:31.554  1262  1323 W PackageManager: Not granting permission android.permission.WRITE_EXTERNAL_STORAGE to package se.qxx.android.jukebox because it was previously installed without
12-10 17:50:31.554  1262  1323 W PackageManager: Not granting permission android.permission.READ_EXTERNAL_STORAGE to package se.qxx.android.jukebox because it was previously installed without
12-10 17:50:31.554  1262  1323 W PackageManager: Not granting permission android.permission.INTERACT_ACROSS_USERS to package com.google.android.syncadapters.contacts (protectionLevel=50 flags=0x38083e45)
12-10 17:50:31.554  1262  1323 W PackageManager: Unknown permission com.google.android.syncadapters.contacts.permission.GAL_SEARCH in package com.google.android.syncadapters.contacts
12-10 17:50:31.554  1262  1323 W PackageManager: Unknown permission android.permission.FOREGROUND_SERVICE in package com.android.chrome
12-10 17:50:31.554  1262  1323 W PackageManager: Unknown permission com.chrome.permission.DEVICE_EXTRAS in package com.android.chrome
12-10 17:50:31.554  1262  1323 W PackageManager: Unknown permission com.sec.enterprise.knox.MDM_CONTENT_PROVIDER in package com.android.chrome
12-10 17:50:31.554  1262  1323 W PackageManager: Unknown permission com.google.android.permission.INSTALL_WEARABLE_PACKAGES in package com.google.android.packageinstaller
12-10 17:50:31.554  1262  1323 W PackageManager: Unknown permission android.permission.FOREGROUND_SERVICE in package com.google.android.gms
12-10 17:50:31.554  1262  1323 W PackageManager: Unknown permission android.permission.RECOVER_KEYSTORE in package com.google.android.gms
12-10 17:50:31.554  1262  1323 W PackageManager: Unknown permission android.permission.PRE_FACTORY_RESET in package com.google.android.gms
12-10 17:50:31.554  1262  1323 W PackageManager: Unknown permission com.google.android.apps.enterprise.dmagent.permission.AutoSyncPermission in package com.google.android.gms
12-10 17:50:31.554  1262  1323 W PackageManager: Unknown permission android.permission.ALLOCATE_AGGRESSIVE in package com.google.android.gms
12-10 17:50:31.554  1262  1323 W PackageManager: Unknown permission android.car.permission.CAR_POWER in package com.google.android.gms
12-10 17:50:31.554  1262  1323 W PackageManager: Unknown permission com.google.android.wearable.WRITE_SETTINGS in package com.google.android.gms
12-10 17:50:31.554  1262  1323 W PackageManager: Unknown permission com.felicanetworks.mfc.permission.MFC_ACCESS in package com.google.android.gms
12-10 17:50:31.554  1262  1323 W PackageManager: Unknown permission com.felicanetworks.mfc.mfi.permission.MFI_ACCESS in package com.google.android.gms
12-10 17:50:31.554  1262  1323 W PackageManager: Not granting permission android.permission.BIND_NOTIFICATION_LISTENER_SERVICE to package com.google.android.gms (protectionLevel=2 flags=0xb8483ec5)
12-10 17:50:31.554  1262  1323 W PackageManager: Unknown permission android.permission.CONTROL_DISPLAY_SATURATION in package com.google.android.gms
12-10 17:50:31.554  1262  1323 W PackageManager: Unknown permission com.google.android.hangouts.START_HANGOUT in package com.google.android.gms
12-10 17:50:31.555  1262  1323 W PackageManager: Unknown permission android.car.permission.CAR_ENERGY in package com.google.android.gms
12-10 17:50:31.555  1262  1323 W PackageManager: Unknown permission android.car.permission.CAR_ENERGY_PORTS in package com.google.android.gms
12-10 17:50:31.555  1262  1323 W PackageManager: Unknown permission android.car.permission.CAR_EXTERIOR_LIGHTS in package com.google.android.gms
12-10 17:50:31.555  1262  1323 W PackageManager: Unknown permission android.car.permission.CAR_INFO in package com.google.android.gms
12-10 17:50:31.555  1262  1323 W PackageManager: Unknown permission android.car.permission.CAR_MILEAGE in package com.google.android.gms
12-10 17:50:31.555  1262  1323 W PackageManager: Unknown permission android.car.permission.CAR_TIRES in package com.google.android.gms
12-10 17:50:31.555  1262  1323 W PackageManager: Unknown permission android.car.permission.CONTROL_CAR_CLIMATE in package com.google.android.gms
12-10 17:50:31.555  1262  1323 W PackageManager: Unknown permission android.car.permission.CONTROL_CAR_DOORS in package com.google.android.gms
12-10 17:50:31.555  1262  1323 W PackageManager: Unknown permission android.car.permission.CONTROL_CAR_EXTERIOR_LIGHTS in package com.google.android.gms
12-10 17:50:31.555  1262  1323 W PackageManager: Unknown permission android.car.permission.CONTROL_CAR_MIRRORS in package com.google.android.gms
12-10 17:50:31.555  1262  1323 W PackageManager: Unknown permission android.car.permission.CONTROL_CAR_SEATS in package com.google.android.gms
12-10 17:50:31.555  1262  1323 W PackageManager: Unknown permission android.car.permission.CONTROL_CAR_WINDOWS in package com.google.android.gms
12-10 17:50:31.555  1262  1323 W PackageManager: Unknown permission com.google.android.permission.ACCESSIBILITY_SCAN_SERVICE in package com.google.android.gms
12-10 17:50:31.555  1262  1323 W PackageManager: Unknown permission android.permission.ACTIVITY_EMBEDDING in package com.google.android.gms
12-10 17:50:31.555  1262  1323 W PackageManager: Unknown permission android.permission.PROVIDE_RESOLVER_RANKER_SERVICE in package com.google.android.gms
12-10 17:50:31.555  1262  1323 W PackageManager: Unknown permission com.google.android.clockwork.settings.SHOW_FACTORY_RESET_CONFIRMATION in package com.google.android.gms
12-10 17:50:31.555  1262  1323 W PackageManager: Unknown permission com.google.android.wearable.READ_SETTINGS in package com.google.android.gms
12-10 17:50:31.555  1262  1323 W PackageManager: Unknown permission android.permission.MANAGE_SUBSCRIPTION_PLANS in package com.google.android.gms
12-10 17:50:31.555  1262  1323 W PackageManager: Unknown permission com.google.android.gms.game.notifications.permission.WRITE in package com.google.android.gms
12-10 17:50:31.555  1262  1323 W PackageManager: Unknown permission com.android.launcher.permission.PRELOAD_WORKSPACE in package com.google.android.partnersetup
12-10 17:50:31.555  1262  1323 W PackageManager: Not granting permission android.permission.DELETE_PACKAGES to package com.svox.pico (protectionLevel=18 flags=0x3808be45)
12-10 17:50:31.555  1262  1323 W PackageManager: Not granting permission android.permission.CONTROL_KEYGUARD to package com.google.android.gsf.login (protectionLevel=2 flags=0x3048be45)
12-10 17:50:31.555  1262  1323 W PackageManager: Unknown permission com.android.vending.billing.IBillingAccountService.BIND2 in package com.google.android.gsf.login
12-10 17:50:31.555  1262  1323 W PackageManager: Unknown permission com.android.launcher.permission.READ_SETTINGS in package com.android.settings
12-10 17:50:31.555  1262  1323 W PackageManager: Unknown permission com.android.launcher.permission.WRITE_SETTINGS in package com.android.settings
12-10 17:50:31.555  1262  1323 W PackageManager: Unknown permission com.android.smspush.WAPPUSH_MANAGER_BIND in package com.android.phone
12-10 17:50:31.556  1262  1323 W PackageManager: Unknown permission com.google.android.gallery3d.permission.GALLERY_PROVIDER in package com.android.bluetooth
12-10 17:50:31.573  1262  1262 I SystemServiceManager: Starting com.android.server.wifi.WifiService
12-10 17:50:31.647  1262  1323 W MountService: No primary storage mounted!
12-10 17:50:31.647  1262  1323 D VoldConnector: SND -> {2 asec list}
12-10 17:50:31.647  1262  1324 D VoldConnector: RCV <- {200 2 asec operation succeeded}
12-10 17:50:31.653  1262  1320 I ActivityManager: Config changes=30 {1.0 ?mcc?mnc [en_US] ldltr sw426dp w426dp h568dp 120dpi nrml port -touch qwerty/v/v -nav/h s.5}
12-10 17:50:31.929  1262  1262 I SystemServiceManager: Starting com.android.server.wifi.scanner.WifiScanningService
12-10 17:50:31.934  1262  1262 I SystemServiceManager: Starting com.android.server.wifi.RttService
12-10 17:50:31.935  1262  1262 I SystemServiceManager: Starting com.android.server.ethernet.EthernetService
12-10 17:50:31.937  1262  1262 I SystemServer: StartConnectivityService
12-10 17:50:31.941  1262  1262 D ConnectivityService: ConnectivityService starting up
12-10 17:50:31.942  1262  1262 D ConnectivityService: wifiOnly=true
12-10 17:50:31.942  1262  1262 D ConnectivityService: networkAttributes - ignoring mobile as this dev is wifiOnly 0
12-10 17:50:31.942  1262  1262 D ConnectivityService: networkAttributes - ignoring mobile as this dev is wifiOnly 2
12-10 17:50:31.942  1262  1262 D ConnectivityService: networkAttributes - ignoring mobile as this dev is wifiOnly 3
12-10 17:50:31.942  1262  1262 D ConnectivityService: networkAttributes - ignoring mobile as this dev is wifiOnly 5
12-10 17:50:31.942  1262  1262 D ConnectivityService: networkAttributes - ignoring mobile as this dev is wifiOnly 10
12-10 17:50:31.942  1262  1262 D ConnectivityService: networkAttributes - ignoring mobile as this dev is wifiOnly 11
12-10 17:50:31.942  1262  1262 D ConnectivityService: networkAttributes - ignoring mobile as this dev is wifiOnly 12
12-10 17:50:31.942  1262  1262 E ConnectivityService: Ignoring protectedNetwork 10
12-10 17:50:31.942  1262  1262 E ConnectivityService: Ignoring protectedNetwork 11
12-10 17:50:31.942  1262  1262 E ConnectivityService: Ignoring protectedNetwork 12
12-10 17:50:31.942  1262  1262 E ConnectivityService: Ignoring protectedNetwork 14
12-10 17:50:31.942  1262  1262 E ConnectivityService: Ignoring protectedNetwork 15
12-10 17:50:31.955  1262  1262 I SystemServer: StartNsdService
12-10 17:50:31.957  1262  1262 I SystemServer: StartUpdateLockService
12-10 17:50:31.958  1262  1262 I SystemServiceManager: Starting com.android.server.RecoverySystemService
12-10 17:50:31.960  1262  1262 I SystemServiceManager: Starting com.android.server.notification.NotificationManagerService
12-10 17:50:31.974  1262  1262 D ConditionProviders.SCP: new ScheduleConditionProvider()
12-10 17:50:31.976  1262  1262 D ZenLog  : config: readXml,ZenModeConfig[user=0,allowCalls=true,allowRepeatCallers=false,allowMessages=false,allowCallsFrom=contacts,allowMessagesFrom=contacts,allowReminders=true,allowEvents=true,allowWhenScreenOff=true,allowWhenScreenOn=true,automaticRules={cd9dcd709f1f40829f08782e21df5c4e=ZenRule[enabled=false,snoozing=false,name=Weekend,zenMode=ZEN_MODE_ALARMS,conditionId=condition://android/schedule?days=6.7&start=23.30&end=10.0&exitAtAlarm=false,condition=Condition[id=condition://android/schedule?days=6.7&start=23.30&end=10.0&exitAtAlarm=false,summary=...,line1=...,line2=...,icon=0,state=STATE_FALSE,flags=2],component=ComponentInfo{android/com.android.server.notification.ScheduleConditionProvider},id=cd9dcd709f1f40829f08782e21df5c4e,creationTime=1539624647760,enabler=null], 467a00f31ca4403382bfec35c9cec991=ZenRule[enabled=false,snoozing=false,name=Event,zenMode=ZEN_MODE_ALARMS,conditionId=condition://android/event?userId=-10000&calendar=&reply=1,condition=Condition[id=condition://android/event?userId=-10000&calendar=&reply=1,summary=...,line1=...,line2=...,icon=0,state=STATE_FALSE,flags=2],component=ComponentInfo{android/com.android.server.notification.EventConditionProvider},id=467a00f31ca4403382bfec35c9cec991,creationTime=1539624647760,enabler=null], d6ea3b5c7ccd4a24820addce7af07b4b=ZenRule[enabled=false,snoozing=false,name=Weeknight,zenMode=ZEN_MODE_ALARMS,conditionId=condition://android/schedule?days=1.2.3.4.5&start=22.0&end=7.0&exitAtAlarm=false,condition=Condition[id=condition://android/schedule?days=1.2.3.4.5&start=22.0&end=7.0&exitAtAlarm=false,summary=...,line1=...,line2=...,icon=0,state=STATE_TRUE,flags=2],component=ComponentInfo{android/com.android.server.notification.ScheduleConditionProvider},id=d6ea3b5c7ccd4a24820addce7af07b4b,creationTime=1539624647760,enabler=null]},manualRule=null],Diff[automaticRule[cd9dcd709f1f40829f08782e21df5c4e]:insert,automaticRule[d21e7ee20aa249df9764c65bcdea78ca]:delete,automaticRule[467a00f31ca4403382bfec35c9cec991]:insert,automaticRule[5003903a3dbe455b927f4f8916739960]:delete,automaticRule[d6ea3b5c7ccd4a24820addce7af07b4b]:insert,automaticRule[4193043f25244a80ac17e0a5194c6558]:delete]
12-10 17:50:31.983  1262  1262 D ZenLog  : set_zen_mode: off,init
12-10 17:50:31.984  1262  1262 I SystemServiceManager: Starting com.android.server.storage.DeviceStorageMonitorService
12-10 17:50:31.993  1262  1262 I SystemServer: StartLocationManagerService
12-10 17:50:31.995  1262  1262 I SystemServer: StartCountryDetectorService
12-10 17:50:31.997  1262  1262 I SystemServer: StartSearchManagerService
12-10 17:50:31.997  1262  1262 I SystemServiceManager: Starting com.android.server.search.SearchManagerService$Lifecycle
12-10 17:50:31.999  1262  1262 I SystemServiceManager: Starting com.android.server.DropBoxManagerService
12-10 17:50:31.999  1262  1262 I SystemServer: StartWallpaperManagerService
12-10 17:50:31.999  1262  1262 I SystemServiceManager: Starting com.android.server.wallpaper.WallpaperManagerService$Lifecycle
12-10 17:50:32.000  1262  1262 E WallpaperManagerService: Invalid wallpaper data
12-10 17:50:32.001  1262  1262 E WallpaperManagerService: Unable to apply new wallpaper
12-10 17:50:32.002  1262  1262 I SystemServer: StartAudioService
12-10 17:50:32.002  1262  1262 I SystemServiceManager: Starting com.android.server.audio.AudioService$Lifecycle
12-10 17:50:32.021  1262  1289 E KernelCpuSpeedReader: Failed to read cpu-freq: /sys/devices/system/cpu/cpu0/cpufreq/stats/time_in_state (No such file or directory)
12-10 17:50:32.032  1262  1262 I SystemServiceManager: Starting com.android.server.DockObserver
12-10 17:50:32.032  1262  1262 W DockObserver: This kernel does not have dock station support
12-10 17:50:32.034  1262  1262 I SystemServer: StartWiredAccessoryManager
12-10 17:50:32.035  1262  1262 W WiredAccessoryManager: This kernel does not have usb audio support
12-10 17:50:32.035  1262  1262 W WiredAccessoryManager: This kernel does not have HDMI audio support
12-10 17:50:32.035  1262  1262 I SystemServiceManager: Starting com.android.server.usb.UsbService$Lifecycle
12-10 17:50:32.048  1262  1262 I SystemServer: StartSerialService
12-10 17:50:32.049  1262  1262 I SystemServiceManager: Starting com.android.server.twilight.TwilightService
12-10 17:50:32.049  1262  1262 I SystemServiceManager: Starting com.android.server.job.JobSchedulerService
12-10 17:50:32.051  1262  1262 D JobStore: Start tag: job-info
12-10 17:50:32.063  1262  1262 I SystemServiceManager: Starting com.android.server.soundtrigger.SoundTriggerService
12-10 17:50:32.064  1262  1262 I SystemServiceManager: Starting com.android.server.backup.BackupManagerService$Lifecycle
12-10 17:50:32.072  1262  1262 I SystemServiceManager: Starting com.android.server.appwidget.AppWidgetService
12-10 17:50:32.079  1262  1262 I SystemServiceManager: Starting com.android.server.voiceinteraction.VoiceInteractionManagerService
12-10 17:50:32.080  1262  1262 I SystemServer: Gesture Launcher Service
12-10 17:50:32.080  1262  1262 I SystemServiceManager: Starting com.android.server.GestureLauncherService
12-10 17:50:32.080  1262  1262 I SystemServiceManager: Starting com.android.server.SensorNotificationService
12-10 17:50:32.080  1262  1262 I SystemServiceManager: Starting com.android.server.ContextHubSystemService
12-10 17:50:32.082  1262  1262 I SystemServer: StartDiskStatsService
12-10 17:50:32.083  1262  1262 I SystemServer: StartSamplingProfilerService
12-10 17:50:32.085  1262  1262 I SystemServer: StartNetworkTimeUpdateService
12-10 17:50:32.086  1262  1262 I SystemServer: StartCommonTimeManagementService
12-10 17:50:32.086  1262  1262 I SystemServer: CertBlacklister
12-10 17:50:32.088  1262  1262 I SystemServiceManager: Starting com.android.server.emergency.EmergencyAffordanceService
12-10 17:50:32.089  1262  1262 I SystemServiceManager: Starting com.android.server.dreams.DreamManagerService
12-10 17:50:32.089  1262  1262 I SystemServer: StartAssetAtlasService
12-10 17:50:32.091  1262  1262 I SystemServiceManager: Starting com.android.server.print.PrintManagerService
12-10 17:50:32.093  1262  1262 I SystemServiceManager: Starting com.android.server.restrictions.RestrictionsManagerService
12-10 17:50:32.094  1262  1262 I SystemServiceManager: Starting com.android.server.media.MediaSessionService
12-10 17:50:32.098  1262  1262 I SystemServer: StartMediaRouterService
12-10 17:50:32.098  1262  1262 I SystemServiceManager: Starting com.android.server.trust.TrustManagerService
12-10 17:50:32.099  1262  1262 I SystemServer: StartBackgroundDexOptService
12-10 17:50:32.100  1262  1262 I SystemServiceManager: Starting com.android.server.pm.ShortcutService$Lifecycle
12-10 17:50:32.103  1262  1262 I SystemServiceManager: Starting com.android.server.pm.LauncherAppsService
12-10 17:50:32.104  1262  1262 I SystemServiceManager: Starting com.android.server.media.projection.MediaProjectionManagerService
12-10 17:50:32.109  1262  1262 I SystemServiceManager: Starting com.android.server.MmsServiceBroker
12-10 17:50:32.137  1262  1262 E LockSettingsStorage: Cannot read file java.io.FileNotFoundException: /data/system/gatekeeper.password.key: open failed: ENOENT (No such file or directory)
12-10 17:50:32.137  1262  1262 E LockSettingsStorage: Cannot read file java.io.FileNotFoundException: /data/system/password.key: open failed: ENOENT (No such file or directory)
12-10 17:50:32.137  1262  1262 E LockSettingsStorage: Cannot read file java.io.FileNotFoundException: /data/system/gatekeeper.pattern.key: open failed: ENOENT (No such file or directory)
12-10 17:50:32.137  1262  1262 E LockSettingsStorage: Cannot read file java.io.FileNotFoundException: /data/system/gatekeeper.gesture.key: open failed: ENOENT (No such file or directory)
12-10 17:50:32.138  1262  1262 E LockSettingsStorage: Cannot read file java.io.FileNotFoundException: /data/system/gesture.key: open failed: ENOENT (No such file or directory)
12-10 17:50:32.138  1262  1262 I SystemServiceManager: Starting phase 480
12-10 17:50:32.165  1262  1262 I DevicePolicyManagerService: Set ro.device_owner property to false
12-10 17:50:32.167  1262  1262 I SystemServiceManager: Starting phase 500
12-10 17:50:32.182  1262  1262 I WifiService: WifiService starting up with Wi-Fi enabled
12-10 17:50:32.184  1262  1262 D WifiService: setWifiEnabled: true pid=1262, uid=1000
12-10 17:50:32.238  1262  1337 D ConnectivityService: Got NetworkFactory Messenger for Ethernet
12-10 17:50:32.245  1262  1262 D ZenLog  : config: cleanUpZenRules,ZenModeConfig[user=0,allowCalls=true,allowRepeatCallers=false,allowMessages=false,allowCallsFrom=contacts,allowMessagesFrom=contacts,allowReminders=true,allowEvents=true,allowWhenScreenOff=true,allowWhenScreenOn=true,automaticRules={cd9dcd709f1f40829f08782e21df5c4e=ZenRule[enabled=false,snoozing=false,name=Weekend,zenMode=ZEN_MODE_ALARMS,conditionId=condition://android/schedule?days=6.7&start=23.30&end=10.0&exitAtAlarm=false,condition=Condition[id=condition://android/schedule?days=6.7&start=23.30&end=10.0&exitAtAlarm=false,summary=...,line1=...,line2=...,icon=0,state=STATE_FALSE,flags=2],component=ComponentInfo{android/com.android.server.notification.ScheduleConditionProvider},id=cd9dcd709f1f40829f08782e21df5c4e,creationTime=1539624647760,enabler=null], 467a00f31ca4403382bfec35c9cec991=ZenRule[enabled=false,snoozing=false,name=Event,zenMode=ZEN_MODE_ALARMS,conditionId=condition://android/event?userId=-10000&calendar=&reply=1,condition=Condition[id=condition://android/event?userId=-10000&calendar=&reply=1,summary=...,line1=...,line2=...,icon=0,state=STATE_FALSE,flags=2],component=ComponentInfo{android/com.android.server.notification.EventConditionProvider},id=467a00f31ca4403382bfec35c9cec991,creationTime=1539624647760,enabler=null], d6ea3b5c7ccd4a24820addce7af07b4b=ZenRule[enabled=false,snoozing=false,name=Weeknight,zenMode=ZEN_MODE_ALARMS,conditionId=condition://android/schedule?days=1.2.3.4.5&start=22.0&end=7.0&exitAtAlarm=false,condition=Condition[id=condition://android/schedule?days=1.2.3.4.5&start=22.0&end=7.0&exitAtAlarm=false,summary=...,line1=...,line2=...,icon=0,state=STATE_TRUE,flags=2],component=ComponentInfo{android/com.android.server.notification.ScheduleConditionProvider},id=d6ea3b5c7ccd4a24820addce7af07b4b,creationTime=1539624647760,enabler=null]},manualRule=null],Diff[]
12-10 17:50:32.245  1262  1262 D ZenLog  : set_zen_mode: off,onSystemReady
12-10 17:50:32.248  1262  1262 W SoundTriggerHelper: listModules status=0, # of modules=0
12-10 17:50:32.304  1262  1262 V UserManagerService: Found /data/user_de/0 with serial number 0
12-10 17:50:32.305  1262  1262 V UserManagerService: Found /data/user/0 with serial number 0
12-10 17:50:32.305  1262  1262 V UserManagerService: Found /data/system_de/0 with serial number 0
12-10 17:50:32.305  1262  1262 V UserManagerService: Found /data/system_ce/0 with serial number 0
12-10 17:50:32.337  1262  1308 W KeyguardServiceDelegate: onScreenTurningOn(): no keyguard service!
12-10 17:50:32.437  1262  1323 I MountService: Running fstrim idle maintenance
12-10 17:50:32.437  1262  1323 D VoldConnector: SND -> {3 fstrim dotrim}
12-10 17:50:32.438  1262  1324 D VoldConnector: RCV <- {200 3 Command succeeded}
12-10 17:50:32.442   996  1360 D vold    : Starting trim of /cache
12-10 17:50:32.442   996  1360 W vold    : Trim failed on /cache: Not a typewriter
12-10 17:50:32.442  1262  1324 D VoldConnector: RCV <- {662 /cache -1 -1}
12-10 17:50:32.507  1262  1262 I ActivityManager: System now ready
12-10 17:50:32.516  1262  1262 I SystemServer: Making services ready
12-10 17:50:32.516  1262  1262 I SystemServiceManager: Starting phase 550
12-10 17:50:32.686  1262  1262 D BluetoothManagerService: Bluetooth boot completed
12-10 17:50:32.686  1262  1262 E InputMethodManagerService: Ignoring updateSystemUiLocked due to an invalid token. uid:1000 token:null
12-10 17:50:32.734  1262  1262 I ActivityManager: Start proc 1363:com.android.inputmethod.latin/u0a56 for service com.android.inputmethod.latin/.LatinIME
12-10 17:50:32.735  1262  1262 V InputMethodManagerService: Adding window token: android.os.Binder@92ba199
12-10 17:50:32.735  1262  1323 D MountService: Thinking about init, mSystemReady=true, mDaemonConnected=true
12-10 17:50:32.735  1262  1323 D MountService: Setting up emulation state, initlocked=false
12-10 17:50:32.735  1262  1323 D CryptdConnector: SND -> {2 cryptfs unlock_user_key 0 0 ! !}
12-10 17:50:32.735   996  1002 D vold    : e4crypt_unlock_user_key 0 serial=0 token_present=0
12-10 17:50:32.736  1262  1325 D CryptdConnector: RCV <- {200 2 Command succeeded}
12-10 17:50:32.736  1262  1323 D MountService: Thinking about reset, mSystemReady=true, mDaemonConnected=true
12-10 17:50:32.736  1262  1323 D VoldConnector: SND -> {4 volume reset}
12-10 17:50:32.736  1262  1289 I ActivityManager: Force stopping com.android.providers.media appid=10012 user=-1: vold reset
12-10 17:50:32.736  1262  1324 D VoldConnector: RCV <- {651 emulated 7}
12-10 17:50:32.736  1262  1324 D VoldConnector: RCV <- {659 emulated}
12-10 17:50:32.736  1262  1324 D VoldConnector: RCV <- {650 emulated 2 "" ""}
12-10 17:50:32.737  1262  1324 D VoldConnector: RCV <- {654 emulated emulated}
12-10 17:50:32.737  1262  1324 D VoldConnector: RCV <- {651 emulated 0}
12-10 17:50:32.737  1262  1324 D VoldConnector: RCV <- {200 4 Command succeeded}
12-10 17:50:32.738  1262  1304 V MountService: Found primary storage at VolumeInfo{emulated}:
12-10 17:50:32.738  1262  1304 V MountService:     type=EMULATED diskId=null partGuid=null mountFlags=0 mountUserId=-1 
12-10 17:50:32.738  1262  1304 V MountService:     state=UNMOUNTED 
12-10 17:50:32.738  1262  1304 V MountService:     fsType=null fsUuid=null fsLabel=null 
12-10 17:50:32.738  1262  1304 V MountService:     path=null internalPath=null 
12-10 17:50:32.738  1262  1323 D VoldConnector: SND -> {5 volume user_added 0 0}
12-10 17:50:32.738  1262  1324 D VoldConnector: RCV <- {200 5 Command succeeded}
12-10 17:50:32.739  1262  1323 D VoldConnector: SND -> {6 volume mount emulated 3 -1}
12-10 17:50:32.739   996  1001 V vold    : Waiting for FUSE to spin up...
12-10 17:50:32.739  1262  1324 D VoldConnector: RCV <- {651 emulated 1}
12-10 17:50:32.740  1262  1324 D VoldConnector: RCV <- {656 emulated /data/media}
12-10 17:50:32.740  1262  1324 D VoldConnector: RCV <- {655 emulated /storage/emulated}
12-10 17:50:32.741  1262  1262 E WallpaperManagerService: Invalid wallpaper data
12-10 17:50:32.741  1262  1262 E WallpaperManagerService: Unable to apply new wallpaper
12-10 17:50:32.754  1262  1262 I ActivityManager: Start proc 1369:com.android.systemui/u0a30 for service com.android.systemui/.ImageWallpaper
12-10 17:50:32.758  1262  1262 D UsbAlsaManager: Adding ALSA device AlsaDevice: [card: 0, device: 1, type: 2]
12-10 17:50:32.758  1262  1262 D UsbAlsaManager: Adding ALSA device AlsaDevice: [card: 0, device: 0, type: 2]
12-10 17:50:32.758  1262  1262 D UsbAlsaManager: Adding ALSA device AlsaDevice: [card: 0, device: 0, type: 1]
12-10 17:50:32.759  1262  1262 I SystemServer: WebViewFactory preparation
12-10 17:50:32.790   996  1001 V vold    : Waiting for FUSE to spin up...
12-10 17:50:32.801  1262  1344 D BluetoothManagerService: Trying to bind to profile: 1, while Bluetooth was disabled
12-10 17:50:32.825  1262  1374 D UsbHostManager: Added device UsbDevice[mName=/dev/bus/usb/002/002,mVendorId=33006,mProductId=33,mClass=0,mSubclass=0,mProtocol=0,mManufacturerName=VirtualBox,mProductName=USB Tablet,mVersion=1.16,mSerialNumber=null,mConfigurations=[
12-10 17:50:32.825  1262  1374 D UsbHostManager: UsbConfiguration[mId=1,mName=null,mAttributes=128,mMaxPower=50,mInterfaces=[
12-10 17:50:32.825  1262  1374 D UsbHostManager: UsbInterface[mId=0,mAlternateSetting=0,mName=null,mClass=3,mSubclass=0,mProtocol=0,mEndpoints=[
12-10 17:50:32.825  1262  1374 D UsbHostManager: UsbEndpoint[mAddress=129,mAttributes=3,mMaxPacketSize=8,mInterval=10]]]]
12-10 17:50:32.833  1262  1374 W ContextImpl: Calling a method in the system process without a qualified user: android.app.ContextImpl.sendBroadcast:877 com.android.server.usb.UsbSettingsManager.deviceAttached:739 com.android.server.usb.UsbHostManager.endUsbDeviceAdded:225 com.android.server.usb.UsbHostManager.monitorUsbHostBus:-2 com.android.server.usb.UsbHostManager.-wrap0:-1 
12-10 17:50:32.840  1262  1324 D VoldConnector: RCV <- {651 emulated 2}
12-10 17:50:32.840  1262  1324 D VoldConnector: RCV <- {200 6 Command succeeded}
12-10 17:50:33.013  1262  1262 W ActivityManager: Slow operation: 166ms so far, now at startProcess: returned from zygote!
12-10 17:50:33.013  1262  1262 W ActivityManager: Slow operation: 166ms so far, now at startProcess: done updating battery stats
12-10 17:50:33.013  1262  1262 W ActivityManager: Slow operation: 166ms so far, now at startProcess: building log message
12-10 17:50:33.013  1262  1262 I ActivityManager: Start proc 1400:WebViewLoader-x86/1037 [android.webkit.WebViewFactory$RelroFileCreator] for 
12-10 17:50:33.013  1262  1262 W ActivityManager: Slow operation: 166ms so far, now at startProcess: starting to update pids map
12-10 17:50:33.013  1262  1262 W ActivityManager: Slow operation: 166ms so far, now at startProcess: done updating pids map
12-10 17:50:33.013  1262  1262 W ActivityManager: Slow operation: 166ms so far, now at startProcess: done starting proc!
12-10 17:50:33.024  1262  1262 I ActivityManager: Start proc 1405:WebViewLoader-x86_64/1037 [android.webkit.WebViewFactory$RelroFileCreator] for 
12-10 17:50:33.024  1262  1262 I NetworkManagement: not enabling bandwidth control
12-10 17:50:33.340  1262  1290 W WindowManager: Keyguard drawn timeout. Setting mKeyguardDrawComplete
12-10 17:50:33.356  1262  1262 W NetworkStats: bandwidth controls disabled, unable to track stats
12-10 17:50:33.356  1262  1262 W NetworkPolicy: bandwidth controls disabled, unable to enforce policy
12-10 17:50:33.366  1262  1262 I SystemServiceManager: Starting phase 600
12-10 17:50:33.398  1369  1369 V FingerprintManager: FingerprintManagerService was null
12-10 17:50:33.446  1262  1262 D SensorNotificationService: Cannot obtain dynamic meta sensor, not supported.
12-10 17:50:33.485  1262  1262 W LocationProviderProxy-network: Odd, no component found for service com.android.location.service.v3.NetworkLocationProvider
12-10 17:50:33.490  1262  1262 W GeocoderProxy: Odd, no component found for service com.android.location.service.GeocodeProvider
12-10 17:50:33.494  1262  1262 D LocationManagerService: FLP HAL not supported
12-10 17:50:33.496  1262  1262 W GeofenceProxy: Odd, no component found for service com.android.location.service.GeofenceProvider
12-10 17:50:33.498  1262  1262 D LocationManagerService: Hardware Activity-Recognition not supported.
12-10 17:50:33.500  1262  1262 W ActivityRecognitionProxy: Odd, no component found for service com.android.location.service.ActivityRecognitionProvider
12-10 17:50:33.527  1363  1446 E ActivityThread: Failed to find provider info for user_dictionary
12-10 17:50:33.533  1262  1262 I MmsServiceBroker: Delay connecting to MmsService until an API is called
12-10 17:50:33.877  1262  1262 W ActivityManager: Slow operation: 85ms so far, now at startProcess: returned from zygote!
12-10 17:50:33.877  1262  1262 W ActivityManager: Slow operation: 85ms so far, now at startProcess: done updating battery stats
12-10 17:50:33.877  1262  1262 W ActivityManager: Slow operation: 85ms so far, now at startProcess: building log message
12-10 17:50:33.877  1262  1262 I ActivityManager: Start proc 1564:com.android.phone/1001 for added application com.android.phone
12-10 17:50:33.877  1262  1262 W ActivityManager: Slow operation: 85ms so far, now at startProcess: starting to update pids map
12-10 17:50:33.877  1262  1262 W ActivityManager: Slow operation: 85ms so far, now at startProcess: done updating pids map
12-10 17:50:33.878  1262  1262 I ActivityManager: START u0 {act=android.intent.action.MAIN cat=[android.intent.category.HOME] flg=0x10000100 cmp=com.android.settings/.FallbackHome} from uid 0 on display 0
12-10 17:50:33.885  1262  1262 I ActivityManager: Loaded persisted task ids for user 0
12-10 17:50:33.921  1262  1262 I ActivityManager: Start proc 1577:com.android.settings/1000 for activity com.android.settings/.FallbackHome
12-10 17:50:33.929  1262  1262 D ConditionProviders.SCP: onConnected
12-10 17:50:33.929  1262  1262 D ZenLog  : set_zen_mode: off,readXml
12-10 17:50:33.929  1262  1288 W LocationProviderProxy-network: Odd, no component found for service com.android.location.service.v3.NetworkLocationProvider
12-10 17:50:33.929  1262  1288 W GeocoderProxy: Odd, no component found for service com.android.location.service.GeocodeProvider
12-10 17:50:33.929  1262  1288 W GeofenceProxy: Odd, no component found for service com.android.location.service.GeofenceProvider
12-10 17:50:33.929  1262  1288 W ActivityRecognitionProxy: Odd, no component found for service com.android.location.service.ActivityRecognitionProvider
12-10 17:50:33.947  1262  1262 D ConditionProviders: Subscribing to condition://android/schedule?days=6.7&start=23.30&end=10.0&exitAtAlarm=false with ComponentInfo{android/com.android.server.notification.ScheduleConditionProvider}
12-10 17:50:33.947  1262  1262 D ZenLog  : subscribe: condition://android/schedule?days=6.7&start=23.30&end=10.0&exitAtAlarm=false,ok
12-10 17:50:33.947  1262  1262 D ConditionProviders: Subscribing to condition://android/event?userId=-10000&calendar=&reply=1 with ComponentInfo{android/com.android.server.notification.EventConditionProvider}
12-10 17:50:33.947  1262  1262 D ZenLog  : subscribe: condition://android/event?userId=-10000&calendar=&reply=1,ok
12-10 17:50:33.947  1262  1262 D ConditionProviders: Subscribing to condition://android/schedule?days=1.2.3.4.5&start=22.0&end=7.0&exitAtAlarm=false with ComponentInfo{android/com.android.server.notification.ScheduleConditionProvider}
12-10 17:50:33.947  1262  1262 D ZenLog  : subscribe: condition://android/schedule?days=1.2.3.4.5&start=22.0&end=7.0&exitAtAlarm=false,ok
12-10 17:50:33.958  1262  1262 D ZenLog  : set_zen_mode: off,cleanUpZenRules
12-10 17:50:34.164  1262  1262 D BluetoothManagerService: Trying to bind to profile: 1, while Bluetooth was disabled
12-10 17:50:34.226  1262  1262 I Telecom : SystemStateProvider: Registering car mode receiver: android.content.IntentFilter@14c1aa0: TS.init@AAA
12-10 17:50:34.272  1262  1620 I Telecom : Telecom: Non-call EVENT: AUDIO_ROUTE, Entering state QuiescentEarpieceRoute
12-10 17:50:34.285  1262  1624 I Telecom : CallAudioModeStateMachine: Message received: null.: TS.init->CAMSM.pM_1@AAA_0
12-10 17:50:34.292  1262  1262 D BluetoothManagerService: Trying to bind to profile: 1, while Bluetooth was disabled
12-10 17:50:34.295  1262  1262 I Telecom : Class: TelecomSystem.INSTANCE being set
12-10 17:50:34.298  1262  1262 W ContextImpl: Calling a method in the system process without a qualified user: android.app.ContextImpl.startService:1357 android.content.ContextWrapper.startService:613 com.android.server.telecom.components.TelecomService.initializeTelecomSystem:186 com.android.server.telecom.components.TelecomService.onBind:62 android.app.ActivityThread.handleBindService:3219 
12-10 17:50:34.329  1262  1627 E ActivityThread: Failed to find provider info for call_log
12-10 17:50:34.332  1262  1262 W ContextImpl: Calling a method in the system process without a qualified user: android.app.ContextImpl.startService:1357 com.android.server.content.SyncManager$13.run:658 android.os.Handler.handleCallback:751 android.os.Handler.dispatchMessage:95 android.os.Looper.loop:154 
12-10 17:50:34.394  1262  1289 W KeyguardServiceDelegate: onScreenTurningOn(): no keyguard service!
12-10 17:50:34.401  1262  1306 I WindowManager: Screen frozen for +284ms due to AppWindowToken{afa4426 token=Token{c077b68 ActivityRecord{7dbce8b u0 com.android.settings/.FallbackHome t1}}}
12-10 17:50:34.489  1262  1262 I WiredAccessoryManager: notifyWiredAccessoryChanged: when=0 bits= mask=154
12-10 17:50:34.489  1262  1262 V WiredAccessoryManager: newName=h2w newState=0 headsetState=0 prev headsetState=0
12-10 17:50:34.489  1262  1262 V WiredAccessoryManager: init()
12-10 17:50:34.523  1262  1262 D AccessibilityManagerService: Ignoring non-encryption-aware service ComponentInfo{com.farmerbb.taskbar.androidx86/com.farmerbb.taskbar.service.PowerMenuService}
12-10 17:50:34.574  1262  1262 D ConditionProviders.SCP: onSubscribe condition://android/schedule?days=6.7&start=23.30&end=10.0&exitAtAlarm=false
12-10 17:50:34.574  1262  1262 D ConditionProviders.SCP: setRegistered true
12-10 17:50:34.575  1262  1262 D ConditionProviders.SCP: notifyCondition condition://android/schedule?days=6.7&start=23.30&end=10.0&exitAtAlarm=false STATE_FALSE reason=!meetsSchedule
12-10 17:50:34.578  1262  1262 D ConditionProviders.SCP: Scheduling evaluate for Mon Dec 10 23:30:00 GMT+01:00 2018 (1544481000000), in +5h39m25s426ms, now=Mon Dec 10 17:50:34 GMT+01:00 2018 (1544460634574)
12-10 17:50:34.578  1262  1262 D ConditionProviders.SCP: onSubscribe condition://android/schedule?days=1.2.3.4.5&start=22.0&end=7.0&exitAtAlarm=false
12-10 17:50:34.578  1262  1262 D ConditionProviders.SCP: notifyCondition condition://android/schedule?days=6.7&start=23.30&end=10.0&exitAtAlarm=false STATE_FALSE reason=!meetsSchedule
12-10 17:50:34.579  1262  1262 D ConditionProviders.SCP: notifyCondition condition://android/schedule?days=1.2.3.4.5&start=22.0&end=7.0&exitAtAlarm=false STATE_FALSE reason=!meetsSchedule
12-10 17:50:34.579  1262  1262 D ConditionProviders.SCP: Scheduling evaluate for Mon Dec 10 22:00:00 GMT+01:00 2018 (1544475600000), in +4h9m25s422ms, now=Mon Dec 10 17:50:34 GMT+01:00 2018 (1544460634578)
12-10 17:50:34.586  1262  1262 I Telecom : WiredHeadsetManager: ACTION_HEADSET_PLUG event, plugged in: false, : WHC.oADA@AAE
12-10 17:50:34.612  1262  1262 I ActivityManager: user 0 is still locked. Cannot load recents
